Component: ARM Compiler 5.06 update 6 (build 750) Tool: armlink [4d35ed]

==============================================================================

Section Cross References

    main.o(i.main) refers to misc.o(i.NVIC_PriorityGroupConfig) for NVIC_PriorityGroupConfig
    main.o(i.main) refers to bsp_led.o(i.LED_init) for LED_init
    main.o(i.main) refers to bsp_pwm.o(i.TIM4_PWM_init) for TIM4_PWM_init
    main.o(i.main) refers to bsp_pwm.o(i.TIM1_PWM_init) for TIM1_PWM_init
    main.o(i.main) refers to bsp_usart.o(i.USART1_Init) for USART1_Init
    main.o(i.main) refers to bsp_usart.o(i.USART3_Init) for USART3_Init
    main.o(i.main) refers to bsp_can.o(i.CAN1_init) for CAN1_init
    main.o(i.main) refers to bsp_can.o(i.CAN2_init) for CAN2_init
    main.o(i.main) refers to make_task.o(i.create_task) for create_task
    main.o(i.main) refers to tasks.o(i.vTaskStartScheduler) for vTaskStartScheduler
    system_stm32f4xx.o(i.SystemCoreClockUpdate) refers to system_stm32f4xx.o(.data) for .data
    make_task.o(i.create_task) refers to tasks.o(i.xTaskCreate) for xTaskCreate
    make_task.o(i.create_task) refers to led_blink_task.o(i.led_task) for led_task
    make_task.o(i.create_task) refers to buzzer_task.o(i.buzzer_task) for buzzer_task
    make_task.o(i.create_task) refers to servos_task.o(i.Servos_task) for Servos_task
    make_task.o(i.create_task) refers to chassis_task.o(i.Chassis_task) for Chassis_task
    stm32f4xx_gpio.o(i.GPIO_DeInit) refers to stm32f4xx_rcc.o(i.RCC_AHB1PeriphResetCmd) for RCC_AHB1PeriphResetCmd
    stm32f4xx_rcc.o(i.RCC_GetClocksFreq) refers to stm32f4xx_rcc.o(.data) for .data
    stm32f4xx_syscfg.o(i.SYSCFG_DeInit) refers to stm32f4xx_rcc.o(i.RCC_APB2PeriphResetCmd) for RCC_APB2PeriphResetCmd
    stm32f4xx_usart.o(i.USART_DeInit) refers to stm32f4xx_rcc.o(i.RCC_APB1PeriphResetCmd) for RCC_APB1PeriphResetCmd
    stm32f4xx_usart.o(i.USART_DeInit) refers to stm32f4xx_rcc.o(i.RCC_APB2PeriphResetCmd) for RCC_APB2PeriphResetCmd
    stm32f4xx_usart.o(i.USART_Init) refers to stm32f4xx_rcc.o(i.RCC_GetClocksFreq) for RCC_GetClocksFreq
    stm32f4xx_tim.o(i.TIM_DeInit) refers to stm32f4xx_rcc.o(i.RCC_APB1PeriphResetCmd) for RCC_APB1PeriphResetCmd
    stm32f4xx_tim.o(i.TIM_DeInit) refers to stm32f4xx_rcc.o(i.RCC_APB2PeriphResetCmd) for RCC_APB2PeriphResetCmd
    stm32f4xx_adc.o(i.ADC_DeInit) refers to stm32f4xx_rcc.o(i.RCC_APB2PeriphResetCmd) for RCC_APB2PeriphResetCmd
    stm32f4xx_spi.o(i.SPI_I2S_DeInit) refers to stm32f4xx_rcc.o(i.RCC_APB2PeriphResetCmd) for RCC_APB2PeriphResetCmd
    stm32f4xx_spi.o(i.SPI_I2S_DeInit) refers to stm32f4xx_rcc.o(i.RCC_APB1PeriphResetCmd) for RCC_APB1PeriphResetCmd
    stm32f4xx_flash.o(i.FLASH_EraseAllBank1Sectors) refers to stm32f4xx_flash.o(i.FLASH_WaitForLastOperation) for FLASH_WaitForLastOperation
    stm32f4xx_flash.o(i.FLASH_EraseAllBank2Sectors) refers to stm32f4xx_flash.o(i.FLASH_WaitForLastOperation) for FLASH_WaitForLastOperation
    stm32f4xx_flash.o(i.FLASH_EraseAllSectors) refers to stm32f4xx_flash.o(i.FLASH_WaitForLastOperation) for FLASH_WaitForLastOperation
    stm32f4xx_flash.o(i.FLASH_EraseSector) refers to stm32f4xx_flash.o(i.FLASH_WaitForLastOperation) for FLASH_WaitForLastOperation
    stm32f4xx_flash.o(i.FLASH_OB_Launch) refers to stm32f4xx_flash.o(i.FLASH_WaitForLastOperation) for FLASH_WaitForLastOperation
    stm32f4xx_flash.o(i.FLASH_OB_PCROP1Config) refers to stm32f4xx_flash.o(i.FLASH_WaitForLastOperation) for FLASH_WaitForLastOperation
    stm32f4xx_flash.o(i.FLASH_OB_PCROPConfig) refers to stm32f4xx_flash.o(i.FLASH_WaitForLastOperation) for FLASH_WaitForLastOperation
    stm32f4xx_flash.o(i.FLASH_OB_RDPConfig) refers to stm32f4xx_flash.o(i.FLASH_WaitForLastOperation) for FLASH_WaitForLastOperation
    stm32f4xx_flash.o(i.FLASH_OB_UserConfig) refers to stm32f4xx_flash.o(i.FLASH_WaitForLastOperation) for FLASH_WaitForLastOperation
    stm32f4xx_flash.o(i.FLASH_OB_WRP1Config) refers to stm32f4xx_flash.o(i.FLASH_WaitForLastOperation) for FLASH_WaitForLastOperation
    stm32f4xx_flash.o(i.FLASH_OB_WRPConfig) refers to stm32f4xx_flash.o(i.FLASH_WaitForLastOperation) for FLASH_WaitForLastOperation
    stm32f4xx_flash.o(i.FLASH_ProgramByte) refers to stm32f4xx_flash.o(i.FLASH_WaitForLastOperation) for FLASH_WaitForLastOperation
    stm32f4xx_flash.o(i.FLASH_ProgramDoubleWord) refers to stm32f4xx_flash.o(i.FLASH_WaitForLastOperation) for FLASH_WaitForLastOperation
    stm32f4xx_flash.o(i.FLASH_ProgramHalfWord) refers to stm32f4xx_flash.o(i.FLASH_WaitForLastOperation) for FLASH_WaitForLastOperation
    stm32f4xx_flash.o(i.FLASH_ProgramWord) refers to stm32f4xx_flash.o(i.FLASH_WaitForLastOperation) for FLASH_WaitForLastOperation
    stm32f4xx_can.o(i.CAN_DeInit) refers to stm32f4xx_rcc.o(i.RCC_APB1PeriphResetCmd) for RCC_APB1PeriphResetCmd
    stm32f4xx_i2c.o(i.I2C_DeInit) refers to stm32f4xx_rcc.o(i.RCC_APB1PeriphResetCmd) for RCC_APB1PeriphResetCmd
[...]
    Removing stm32f4xx_flash.o(i.FLASH_EraseAllSectors), (92 bytes).
    Removing stm32f4xx_flash.o(i.FLASH_EraseSector), (108 bytes).
    Removing stm32f4xx_flash.o(i.FLASH_GetFlagStatus), (20 bytes).
    Removing stm32f4xx_flash.o(i.FLASH_GetStatus), (68 bytes).
    Removing stm32f4xx_flash.o(i.FLASH_ITConfig), (24 bytes).
    Removing stm32f4xx_flash.o(i.FLASH_InstructionCacheCmd), (24 bytes).
    Removing stm32f4xx_flash.o(i.FLASH_InstructionCacheReset), (16 bytes).
    Removing stm32f4xx_flash.o(i.FLASH_Lock), (16 bytes).
    Removing stm32f4xx_flash.o(i.FLASH_OB_BORConfig), (24 bytes).
    Removing stm32f4xx_flash.o(i.FLASH_OB_BootConfig), (24 bytes).
    Removing stm32f4xx_flash.o(i.FLASH_OB_GetBOR), (16 bytes).
    Removing stm32f4xx_flash.o(i.FLASH_OB_GetPCROP), (12 bytes).
    Removing stm32f4xx_flash.o(i.FLASH_OB_GetPCROP1), (12 bytes).
    Removing stm32f4xx_flash.o(i.FLASH_OB_GetRDP), (20 bytes).
    Removing stm32f4xx_flash.o(i.FLASH_OB_GetUser), (16 bytes).
    Removing stm32f4xx_flash.o(i.FLASH_OB_GetWRP), (12 bytes).
    Removing stm32f4xx_flash.o(i.FLASH_OB_GetWRP1), (12 bytes).
    Removing stm32f4xx_flash.o(i.FLASH_OB_Launch), (20 bytes).
    Removing stm32f4xx_flash.o(i.FLASH_OB_Lock), (16 bytes).
    Removing stm32f4xx_flash.o(i.FLASH_OB_PCROP1Config), (36 bytes).
    Removing stm32f4xx_flash.o(i.FLASH_OB_PCROPConfig), (36 bytes).
    Removing stm32f4xx_flash.o(i.FLASH_OB_PCROPSelectionConfig), (20 bytes).
    Removing stm32f4xx_flash.o(i.FLASH_OB_RDPConfig), (24 bytes).
    Removing stm32f4xx_flash.o(i.FLASH_OB_Unlock), (40 bytes).
    Removing stm32f4xx_flash.o(i.FLASH_OB_UserConfig), (40 bytes).
    Removing stm32f4xx_flash.o(i.FLASH_OB_WRP1Config), (36 bytes).
    Removing stm32f4xx_flash.o(i.FLASH_OB_WRPConfig), (36 bytes).
    Removing stm32f4xx_flash.o(i.FLASH_PrefetchBufferCmd), (24 bytes).
    Removing stm32f4xx_flash.o(i.FLASH_ProgramByte), (60 bytes).
    Removing stm32f4xx_flash.o(i.FLASH_ProgramDoubleWord), (64 bytes).
    Removing stm32f4xx_flash.o(i.FLASH_ProgramHalfWord), (64 bytes).
    Removing stm32f4xx_flash.o(i.FLASH_ProgramWord), (64 bytes).
    Removing stm32f4xx_flash.o(i.FLASH_SetLatency), (12 bytes).
    Removing stm32f4xx_flash.o(i.FLASH_Unlock), (40 bytes).
    Removing stm32f4xx_flash.o(i.FLASH_WaitForLastOperation), (168 bytes).
    Removing stm32f4xx_flash_ramfunc.o(.rev16_text), (4 bytes).
    Removing stm32f4xx_flash_ramfunc.o(.revsh_text), (4 bytes).
    Removing stm32f4xx_flash_ramfunc.o(i.FLASH_FlashInterfaceCmd), (24 bytes).
    Removing stm32f4xx_flash_ramfunc.o(i.FLASH_FlashSleepModeCmd), (24 bytes).
    Removing stm32f4xx_can.o(.rev16_text), (4 bytes).
    Removing stm32f4xx_can.o(.revsh_text), (4 bytes).
    Removing stm32f4xx_can.o(i.CAN_CancelTransmit), (40 bytes).
    Removing stm32f4xx_can.o(i.CAN_ClearFlag), (52 bytes).
    Removing stm32f4xx_can.o(i.CAN_DBGFreeze), (18 bytes).
    Removing stm32f4xx_can.o(i.CAN_DeInit), (58 bytes).
    Removing stm32f4xx_can.o(i.CAN_FIFORelease), (22 bytes).
    Removing stm32f4xx_can.o(i.CAN_GetFlagStatus), (82 bytes).
    Removing stm32f4xx_can.o(i.CAN_GetLSBTransmitErrorCounter), (8 bytes).
    Removing stm32f4xx_can.o(i.CAN_GetLastErrorCode), (10 bytes).
    Removing stm32f4xx_can.o(i.CAN_GetReceiveErrorCounter), (6 bytes).
    Removing stm32f4xx_can.o(i.CAN_MessagePending), (26 bytes).
    Removing stm32f4xx_can.o(i.CAN_OperatingModeRequest), (138 bytes).
    Removing stm32f4xx_can.o(i.CAN_SlaveStartBank), (44 bytes).
    Removing stm32f4xx_can.o(i.CAN_Sleep), (30 bytes).
    Removing stm32f4xx_can.o(i.CAN_StructInit), (32 bytes).
    Removing stm32f4xx_can.o(i.CAN_TTComModeCmd), (90 bytes).
    Removing stm32f4xx_can.o(i.CAN_Transmit), (194 bytes).
    Removing stm32f4xx_can.o(i.CAN_TransmitStatus), (124 bytes).
    Removing stm32f4xx_can.o(i.CAN_WakeUp), (42 bytes).
    Removing stm32f4xx_i2c.o(.rev16_text), (4 bytes).
    Removing stm32f4xx_i2c.o(.revsh_text), (4 bytes).
    Removing stm32f4xx_i2c.o(i.I2C_ARPCmd), (18 bytes).
    Removing stm32f4xx_i2c.o(i.I2C_AcknowledgeConfig), (18 bytes).
    Removing stm32f4xx_i2c.o(i.I2C_AnalogFilterCmd), (18 bytes).
    Removing stm32f4xx_i2c.o(i.I2C_CalculatePEC), (18 bytes).
    Removing stm32f4xx_i2c.o(i.I2C_CheckEvent), (26 bytes).
    Removing stm32f4xx_i2c.o(i.I2C_ClearFlag), (6 bytes).
    Removing stm32f4xx_i2c.o(i.I2C_ClearITPendingBit), (6 bytes).
    Removing stm32f4xx_i2c.o(i.I2C_Cmd), (18 bytes).
    Removing stm32f4xx_i2c.o(i.I2C_DMACmd), (18 bytes).
    Removing stm32f4xx_i2c.o(i.I2C_DMALastTransferCmd), (18 bytes).
    Removing stm32f4xx_i2c.o(i.I2C_DeInit), (100 bytes).
    Removing stm32f4xx_i2c.o(i.I2C_DigitalFilterConfig), (16 bytes).
    Removing stm32f4xx_i2c.o(i.I2C_DualAddressCmd), (18 bytes).
    Removing stm32f4xx_i2c.o(i.I2C_FastModeDutyCycleConfig), (20 bytes).
    Removing stm32f4xx_i2c.o(i.I2C_GeneralCallCmd), (18 bytes).
    Removing stm32f4xx_i2c.o(i.I2C_GenerateSTART), (18 bytes).
    Removing stm32f4xx_i2c.o(i.I2C_GenerateSTOP), (18 bytes).
    Removing stm32f4xx_i2c.o(i.I2C_GetFlagStatus), (42 bytes).
    Removing stm32f4xx_i2c.o(i.I2C_GetITStatus), (34 bytes).
    Removing stm32f4xx_i2c.o(i.I2C_GetLastEvent), (14 bytes).
    Removing stm32f4xx_i2c.o(i.I2C_GetPEC), (6 bytes).
    Removing stm32f4xx_i2c.o(i.I2C_ITConfig), (16 bytes).
    Removing stm32f4xx_i2c.o(i.I2C_Init), (196 bytes).
    Removing stm32f4xx_i2c.o(i.I2C_NACKPositionConfig), (20 bytes).
    Removing stm32f4xx_i2c.o(i.I2C_OwnAddress2Config), (16 bytes).
    Removing stm32f4xx_i2c.o(i.I2C_PECPositionConfig), (20 bytes).
    Removing stm32f4xx_i2c.o(i.I2C_ReadRegister), (12 bytes).
    Removing stm32f4xx_i2c.o(i.I2C_ReceiveData), (6 bytes).
    Removing stm32f4xx_i2c.o(i.I2C_SMBusAlertConfig), (20 bytes).
    Removing stm32f4xx_i2c.o(i.I2C_Send7bitAddress), (16 bytes).
    Removing stm32f4xx_i2c.o(i.I2C_SendData), (4 bytes).
    Removing stm32f4xx_i2c.o(i.I2C_SoftwareResetCmd), (18 bytes).
    Removing stm32f4xx_i2c.o(i.I2C_StretchClockCmd), (18 bytes).
    Removing stm32f4xx_i2c.o(i.I2C_StructInit), (28 bytes).
    Removing stm32f4xx_i2c.o(i.I2C_TransmitPEC), (18 bytes).
    Removing startup_stm32f40_41xxx.o(HEAP), (512 bytes).
    Removing led_blink_task.o(.rev16_text), (4 bytes).
    Removing led_blink_task.o(.revsh_text), (4 bytes).
    Removing buzzer_task.o(.rev16_text), (4 bytes).
    Removing buzzer_task.o(.revsh_text), (4 bytes).
    Removing servos_task.o(.rev16_text), (4 bytes).
    Removing servos_task.o(.revsh_text), (4 bytes).
    Removing chassis_task.o(.rev16_text), (4 bytes).
    Removing chassis_task.o(.revsh_text), (4 bytes).
    Removing chassis_task.o(.bss), (52 bytes).
    Removing remote_task.o(.rev16_text), (4 bytes).
    Removing remote_task.o(.revsh_text), (4 bytes).
    Removing bsp_led.o(.rev16_text), (4 bytes).
    Removing bsp_led.o(.revsh_text), (4 bytes).
    Removing bsp_delay.o(.rev16_text), (4 bytes).
    Removing bsp_delay.o(.revsh_text), (4 bytes).
    Removing bsp_delay.o(i.BMI088_delay_ms), (68 bytes).
    Removing bsp_delay.o(i.BMI088_delay_us), (48 bytes).
    Removing bsp_delay.o(i.Delay_IIC), (24 bytes).
    Removing bsp_delay.o(i.Delay_ms), (16 bytes).
    Removing bsp_delay.o(i.Delay_us), (48 bytes).
    Removing bsp_delay.o(.data), (4 bytes).
    Removing bsp_usart.o(.rev16_text), (4 bytes).
    Removing bsp_usart.o(.revsh_text), (4 bytes).
    Removing bsp_usart.o(i.usart1_DMA_send_date), (68 bytes).
    Removing bsp_usart.o(i.usart_send_date), (68 bytes).
    Removing bsp_usart.o(.data), (4 bytes).
    Removing bsp_tim.o(.rev16_text), (4 bytes).
    Removing bsp_tim.o(.revsh_text), (4 bytes).
    Removing bsp_tim.o(i.TIM3_Init), (96 bytes).
    Removing bsp_tim.o(i.TIM5_ch1__ic_init), (176 bytes).
    Removing bsp_tim.o(i.get_led_pwm), (4 bytes).
    Removing bsp_pwm.o(.rev16_text), (4 bytes).
    Removing bsp_pwm.o(.revsh_text), (4 bytes).
    Removing bsp_pwm.o(i.TIM10_PWM_init), (156 bytes).
    Removing bsp_can.o(.rev16_text), (4 bytes).
    Removing bsp_can.o(.revsh_text), (4 bytes).
    Removing bsp_motor.o(.rev16_text), (4 bytes).
    Removing bsp_motor.o(.revsh_text), (4 bytes).
    Removing bsp_motor.o(.bss), (48 bytes).
    Removing pid.o(.rev16_text), (4 bytes).
    Removing pid.o(.revsh_text), (4 bytes).
    Removing pid.o(i.PID_Init), (40 bytes).
    Removing pid.o(i.PID_cale), (178 bytes).
    Removing z_math.o(i.FZ_math_absolute), (48 bytes).
    Removing z_math.o(i.FZ_math_bidire_compen), (36 bytes).
    Removing z_math.o(i.FZ_math_limt), (34 bytes).
    Removing z_math.o(i.first_order_filter_cali), (78 bytes).
    Removing z_math.o(i.first_order_filter_init), (18 bytes).
    Removing event_groups.o(i.uxEventGroupGetNumber), (8 bytes).
    Removing event_groups.o(i.vEventGroupClearBitsCallback), (64 bytes).
    Removing event_groups.o(i.vEventGroupDelete), (90 bytes).
    Removing event_groups.o(i.vEventGroupSetBitsCallback), (4 bytes).
    Removing event_groups.o(i.vEventGroupSetNumber), (4 bytes).
    Removing event_groups.o(i.xEventGroupClearBits), (66 bytes).
    Removing event_groups.o(i.xEventGroupCreate), (26 bytes).
    Removing event_groups.o(i.xEventGroupGetBitsFromISR), (26 bytes).
    Removing event_groups.o(i.xEventGroupSetBits), (148 bytes).
    Removing event_groups.o(i.xEventGroupSync), (208 bytes).
    Removing event_groups.o(i.xEventGroupWaitBits), (276 bytes).
    Removing list.o(i.vListInsertEnd), (24 bytes).
    Removing queue.o(i.pcQueueGetName), (112 bytes).
    Removing queue.o(i.ucQueueGetQueueType), (6 bytes).
    Removing queue.o(i.uxQueueGetQueueNumber), (4 bytes).
    Removing queue.o(i.uxQueueMessagesWaiting), (36 bytes).
    Removing queue.o(i.uxQueueMessagesWaitingFromISR), (24 bytes).
    Removing queue.o(i.uxQueueSpacesAvailable), (40 bytes).
    Removing queue.o(i.vQueueDelete), (68 bytes).
    Removing queue.o(i.vQueueSetQueueNumber), (4 bytes).
    Removing queue.o(i.vQueueUnregisterQueue), (64 bytes).
    Removing queue.o(i.xQueueCreateCountingSemaphore), (42 bytes).
    Removing queue.o(i.xQueueCreateMutex), (36 bytes).
    Removing queue.o(i.xQueueGenericReset), (172 bytes).
    Removing queue.o(i.xQueueGenericSend), (468 bytes).
    Removing queue.o(i.xQueueGenericSendFromISR), (320 bytes).
    Removing queue.o(i.xQueueGiveFromISR), (192 bytes).
    Removing queue.o(i.xQueueGiveMutexRecursive), (62 bytes).
    Removing queue.o(i.xQueueIsQueueEmptyFromISR), (30 bytes).
    Removing queue.o(i.xQueueIsQueueFullFromISR), (32 bytes).
    Removing queue.o(i.xQueuePeek), (340 bytes).
    Removing queue.o(i.xQueuePeekFromISR), (136 bytes).
    Removing queue.o(i.xQueueReceiveFromISR), (210 bytes).
    Removing queue.o(i.xQueueSemaphoreTake), (388 bytes).
    Removing queue.o(i.xQueueTakeMutexRecursive), (66 bytes).
    Removing tasks.o(i.eTaskGetState), (128 bytes).
    Removing tasks.o(i.pcTaskGetName), (36 bytes).
    Removing tasks.o(i.prvListTasksWithinSingleList), (328 bytes).
    Removing tasks.o(i.pvTaskIncrementMutexHeldCount), (24 bytes).
    Removing tasks.o(i.ulTaskGenericNotifyTake), (120 bytes).
    Removing tasks.o(i.ulTaskGenericNotifyValueClear), (44 bytes).
    Removing tasks.o(i.uxTaskGetNumberOfTasks), (12 bytes).
    Removing tasks.o(i.uxTaskGetSystemState), (180 bytes).
    Removing tasks.o(i.uxTaskGetTaskNumber), (8 bytes).
    Removing tasks.o(i.uxTaskPriorityGet), (32 bytes).
    Removing tasks.o(i.uxTaskPriorityGetFromISR), (48 bytes).
    Removing tasks.o(i.uxTaskResetEventItemValue), (24 bytes).
    Removing tasks.o(i.vTaskDelete), (212 bytes).
    Removing tasks.o(i.vTaskEndScheduler), (28 bytes).
    Removing tasks.o(i.vTaskGenericNotifyGiveFromISR), (288 bytes).
    Removing tasks.o(i.vTaskGetInfo), (244 bytes).
    Removing tasks.o(i.vTaskPlaceOnUnorderedEventList), (132 bytes).
    Removing tasks.o(i.vTaskPriorityDisinheritAfterTimeout), (208 bytes).
    Removing tasks.o(i.vTaskPrioritySet), (240 bytes).
    Removing tasks.o(i.vTaskRemoveFromUnorderedEventList), (236 bytes).
    Removing tasks.o(i.vTaskResume), (180 bytes).
    Removing tasks.o(i.vTaskSetTaskNumber), (8 bytes).
    Removing tasks.o(i.vTaskSetTimeOutState), (48 bytes).
    Removing tasks.o(i.vTaskSuspend), (296 bytes).
    Removing tasks.o(i.xTaskCatchUpTicks), (60 bytes).
    Removing tasks.o(i.xTaskDelayUntil), (148 bytes).
    Removing tasks.o(i.xTaskGenericNotify), (324 bytes).
    Removing tasks.o(i.xTaskGenericNotifyFromISR), (384 bytes).
    Removing tasks.o(i.xTaskGenericNotifyStateClear), (64 bytes).
    Removing tasks.o(i.xTaskGenericNotifyWait), (160 bytes).
    Removing tasks.o(i.xTaskGetCurrentTaskHandle), (12 bytes).
    Removing tasks.o(i.xTaskGetTickCountFromISR), (16 bytes).
    Removing tasks.o(i.xTaskPriorityDisinherit), (184 bytes).
    Removing tasks.o(i.xTaskPriorityInherit), (184 bytes).
    Removing tasks.o(i.xTaskResumeFromISR), (204 bytes).
    Removing timers.o(i.pcTimerGetName), (24 bytes).
    Removing timers.o(i.pvTimerGetTimerID), (36 bytes).
    Removing timers.o(i.uxTimerGetReloadMode), (48 bytes).
    Removing timers.o(i.uxTimerGetTimerNumber), (4 bytes).
    Removing timers.o(i.vTimerSetReloadMode), (56 bytes).
    Removing timers.o(i.vTimerSetTimerID), (38 bytes).
    Removing timers.o(i.vTimerSetTimerNumber), (4 bytes).
    Removing timers.o(i.xTimerCreate), (168 bytes).
    Removing timers.o(i.xTimerGenericCommand), (120 bytes).
    Removing timers.o(i.xTimerGetExpiryTime), (24 bytes).
    Removing timers.o(i.xTimerGetPeriod), (24 bytes).
    Removing timers.o(i.xTimerGetReloadMode), (48 bytes).
    Removing timers.o(i.xTimerGetTimerDaemonTaskHandle), (32 bytes).
    Removing timers.o(i.xTimerIsTimerActive), (48 bytes).
    Removing heap_4.o(i.pvPortCalloc), (38 bytes).
    Removing heap_4.o(i.vPortGetHeapStats), (120 bytes).
    Removing heap_4.o(i.vPortInitialiseBlocks), (2 bytes).
    Removing heap_4.o(i.xPortGetFreeHeapSize), (12 bytes).
    Removing heap_4.o(i.xPortGetMinimumEverFreeHeapSize), (12 bytes).
    Removing port.o(i.vPortEndScheduler), (32 bytes).
    Removing port.o(i.vPortValidateInterruptPriority), (84 bytes).
    Removing rm_motor.o(.rev16_text), (4 bytes).
    Removing rm_motor.o(.revsh_text), (4 bytes).
    Removing rm_motor.o(i.RM_motor_send), (102 bytes).
    Removing rm_motor.o(i.motor_msg_decode_3508), (76 bytes).
    Removing rm_motor.o(i.motor_msg_decode_6020), (192 bytes).
    Removing dadd.o(.text), (334 bytes).
    Removing dmul.o(.text), (228 bytes).
    Removing dflti.o(.text), (34 bytes).
    Removing dfltui.o(.text), (26 bytes).
    Removing d2f.o(.text), (56 bytes).
    Removing fepilogue.o(.text), (110 bytes).
    Removing depilogue.o(.text), (186 bytes).

531 unused section(s) (total 24366 bytes) removed from the image.

==============================================================================

Image Symbol Table

    Local Symbols

    Symbol Name                              Value     Ov Type        Size  Object(Section)

    ../clib/microlib/init/entry.s            0x00000000   Number         0  entry11a.o ABSOLUTE
    ../clib/microlib/init/entry.s            0x00000000   Number         0  entry11b.o ABSOLUTE
    ../clib/microlib/init/entry.s            0x00000000   Number         0  entry8a.o ABSOLUTE
    ../clib/microlib/init/entry.s            0x00000000   Number         0  entry.o ABSOLUTE
    ../clib/microlib/init/entry.s            0x00000000   Number         0  entry5.o ABSOLUTE
    ../clib/microlib/init/entry.s            0x00000000   Number         0  entry7a.o ABSOLUTE
    ../clib/microlib/init/entry.s            0x00000000   Number         0  entry7b.o ABSOLUTE
    ../clib/microlib/init/entry.s            0x00000000   Number         0  entry8b.o ABSOLUTE
    ../clib/microlib/init/entry.s            0x00000000   Number         0  entry2.o ABSOLUTE
    ../clib/microlib/init/entry.s            0x00000000   Number         0  entry9a.o ABSOLUTE
    ../clib/microlib/init/entry.s            0x00000000   Number         0  entry9b.o ABSOLUTE
    ../clib/microlib/init/entry.s            0x00000000   Number         0  entry10a.o ABSOLUTE
    ../clib/microlib/init/entry.s            0x00000000   Number         0  entry10b.o ABSOLUTE
    ../clib/microlib/longlong.c              0x00000000   Number         0  llshl.o ABSOLUTE
    ../clib/microlib/longlong.c              0x00000000   Number         0  llsshr.o ABSOLUTE
    ../clib/microlib/longlong.c              0x00000000   Number         0  llushr.o ABSOLUTE
    ../clib/microlib/string/memcpy.c         0x00000000   Number         0  memcpya.o ABSOLUTE
    ../clib/microlib/string/memcpy.c         0x00000000   Number         0  memcpyb.o ABSOLUTE
    ../clib/microlib/string/memset.c         0x00000000   Number         0  memseta.o ABSOLUTE
    ../clib/microlib/stubs.s                 0x00000000   Number         0  iusefp.o ABSOLUTE
    ../fplib/microlib/d2f.c                  0x00000000   Number         0  d2f.o ABSOLUTE
    ../fplib/microlib/fpadd.c                0x00000000   Number         0  dadd.o ABSOLUTE
    ../fplib/microlib/fpepilogue.c           0x00000000   Number         0  fepilogue.o ABSOLUTE
    ../fplib/microlib/fpepilogue.c           0x00000000   Number         0  depilogue.o ABSOLUTE
    ../fplib/microlib/fpflt.c                0x00000000   Number         0  dfltui.o ABSOLUTE
    ../fplib/microlib/fpflt.c                0x00000000   Number         0  dflti.o ABSOLUTE
    ../fplib/microlib/fpmul.c                0x00000000   Number         0  dmul.o ABSOLUTE
    ..\APP\BUZZER_task.c                     0x00000000   Number         0  buzzer_task.o ABSOLUTE
    ..\APP\CHASSIS_task.c                    0x00000000   Number         0  chassis_task.o ABSOLUTE
    ..\APP\LED_Blink_task.c                  0x00000000   Number         0  led_blink_task.o ABSOLUTE
    ..\APP\REMOTE_task.c                     0x00000000   Number         0  remote_task.o ABSOLUTE
    ..\APP\SERVOS_task.c                     0x00000000   Number         0  servos_task.o ABSOLUTE
    ..\Alhorithm\PID.c                       0x00000000   Number         0  pid.o ABSOLUTE
    ..\Alhorithm\Z_math.c                    0x00000000   Number         0  z_math.o ABSOLUTE
    ..\BSP\BSP_CAN.c                         0x00000000   Number         0  bsp_can.o ABSOLUTE
    ..\BSP\BSP_Delay.c                       0x00000000   Number         0  bsp_delay.o ABSOLUTE
    ..\BSP\BSP_LED.c                         0x00000000   Number         0  bsp_led.o ABSOLUTE
    ..\BSP\BSP_Tim.c                         0x00000000   Number         0  bsp_tim.o ABSOLUTE
    ..\BSP\BSP_Usart.c                       0x00000000   Number         0  bsp_usart.o ABSOLUTE
    ..\BSP\BSP_motor.c                       0x00000000   Number         0  bsp_motor.o ABSOLUTE
    ..\BSP\BSP_pwm.c                         0x00000000   Number         0  bsp_pwm.o ABSOLUTE
    ..\CMSIS\startup_stm32f40_41xxx.s        0x00000000   Number         0  startup_stm32f40_41xxx.o ABSOLUTE
    ..\Drivers\src\misc.c                    0x00000000   Number         0  misc.o ABSOLUTE
    ..\Drivers\src\stm32f4xx_adc.c           0x00000000   Number         0  stm32f4xx_adc.o ABSOLUTE
    ..\Drivers\src\stm32f4xx_can.c           0x00000000   Number         0  stm32f4xx_can.o ABSOLUTE
    ..\Drivers\src\stm32f4xx_dma.c           0x00000000   Number         0  stm32f4xx_dma.o ABSOLUTE
    ..\Drivers\src\stm32f4xx_exti.c          0x00000000   Number         0  stm32f4xx_exti.o ABSOLUTE
    ..\Drivers\src\stm32f4xx_flash.c         0x00000000   Number         0  stm32f4xx_flash.o ABSOLUTE
    ..\Drivers\src\stm32f4xx_flash_ramfunc.c 0x00000000   Number         0  stm32f4xx_flash_ramfunc.o ABSOLUTE
    ..\Drivers\src\stm32f4xx_gpio.c          0x00000000   Number         0  stm32f4xx_gpio.o ABSOLUTE
    ..\Drivers\src\stm32f4xx_i2c.c           0x00000000   Number         0  stm32f4xx_i2c.o ABSOLUTE
    ..\Drivers\src\stm32f4xx_rcc.c           0x00000000   Number         0  stm32f4xx_rcc.o ABSOLUTE
    ..\Drivers\src\stm32f4xx_spi.c           0x00000000   Number         0  stm32f4xx_spi.o ABSOLUTE
    ..\Drivers\src\stm32f4xx_syscfg.c        0x00000000   Number         0  stm32f4xx_syscfg.o ABSOLUTE
    ..\Drivers\src\stm32f4xx_tim.c           0x00000000   Number         0  stm32f4xx_tim.o ABSOLUTE
    ..\Drivers\src\stm32f4xx_usart.c         0x00000000   Number         0  stm32f4xx_usart.o ABSOLUTE
    ..\RTOS\croutine.c                       0x00000000   Number         0  croutine.o ABSOLUTE
    ..\RTOS\event_groups.c                   0x00000000   Number         0  event_groups.o ABSOLUTE
    ..\RTOS\list.c                           0x00000000   Number         0  list.o ABSOLUTE
    ..\RTOS\make_task.c                      0x00000000   Number         0  make_task.o ABSOLUTE
    ..\RTOS\portable\MemMang\heap_4.c        0x00000000   Number         0  heap_4.o ABSOLUTE
    ..\RTOS\portable\RVDS\ARM_CM4F\port.c    0x00000000   Number         0  port.o ABSOLUTE
    ..\RTOS\queue.c                          0x00000000   Number         0  queue.o ABSOLUTE
    ..\RTOS\tasks.c                          0x00000000   Number         0  tasks.o ABSOLUTE
    ..\RTOS\timers.c                         0x00000000   Number         0  timers.o ABSOLUTE
    ..\\APP\\BUZZER_task.c                   0x00000000   Number         0  buzzer_task.o ABSOLUTE
    ..\\APP\\CHASSIS_task.c                  0x00000000   Number         0  chassis_task.o ABSOLUTE
    ..\\APP\\LED_Blink_task.c                0x00000000   Number         0  led_blink_task.o ABSOLUTE
    ..\\APP\\REMOTE_task.c                   0x00000000   Number         0  remote_task.o ABSOLUTE
    ..\\APP\\SERVOS_task.c                   0x00000000   Number         0  servos_task.o ABSOLUTE
    ..\\Alhorithm\\PID.c                     0x00000000   Number         0  pid.o ABSOLUTE
    ..\\BSP\\BSP_CAN.c                       0x00000000   Number         0  bsp_can.o ABSOLUTE
    ..\\BSP\\BSP_Delay.c                     0x00000000   Number         0  bsp_delay.o ABSOLUTE
    ..\\BSP\\BSP_LED.c                       0x00000000   Number         0  bsp_led.o ABSOLUTE
    ..\\BSP\\BSP_Tim.c                       0x00000000   Number         0  bsp_tim.o ABSOLUTE
    ..\\BSP\\BSP_Usart.c                     0x00000000   Number         0  bsp_usart.o ABSOLUTE
    ..\\BSP\\BSP_motor.c                     0x00000000   Number         0  bsp_motor.o ABSOLUTE
    ..\\BSP\\BSP_pwm.c                       0x00000000   Number         0  bsp_pwm.o ABSOLUTE
    ..\\Drivers\\src\\misc.c                 0x00000000   Number         0  misc.o ABSOLUTE
    ..\\Drivers\\src\\stm32f4xx_adc.c        0x00000000   Number         0  stm32f4xx_adc.o ABSOLUTE
    ..\\Drivers\\src\\stm32f4xx_can.c        0x00000000   Number         0  stm32f4xx_can.o ABSOLUTE
    ..\\Drivers\\src\\stm32f4xx_dma.c        0x00000000   Number         0  stm32f4xx_dma.o ABSOLUTE
    ..\\Drivers\\src\\stm32f4xx_exti.c       0x00000000   Number         0  stm32f4xx_exti.o ABSOLUTE
    ..\\Drivers\\src\\stm32f4xx_flash.c      0x00000000   Number         0  stm32f4xx_flash.o ABSOLUTE
    ..\\Drivers\\src\\stm32f4xx_flash_ramfunc.c 0x00000000   Number         0  stm32f4xx_flash_ramfunc.o ABSOLUTE
    ..\\Drivers\\src\\stm32f4xx_gpio.c       0x00000000   Number         0  stm32f4xx_gpio.o ABSOLUTE
    ..\\Drivers\\src\\stm32f4xx_i2c.c        0x00000000   Number         0  stm32f4xx_i2c.o ABSOLUTE
    ..\\Drivers\\src\\stm32f4xx_rcc.c        0x00000000   Number         0  stm32f4xx_rcc.o ABSOLUTE
    ..\\Drivers\\src\\stm32f4xx_spi.c        0x00000000   Number         0  stm32f4xx_spi.o ABSOLUTE
    ..\\Drivers\\src\\stm32f4xx_syscfg.c     0x00000000   Number         0  stm32f4xx_syscfg.o ABSOLUTE
    ..\\Drivers\\src\\stm32f4xx_tim.c        0x00000000   Number         0  stm32f4xx_tim.o ABSOLUTE
    ..\\Drivers\\src\\stm32f4xx_usart.c      0x00000000   Number         0  stm32f4xx_usart.o ABSOLUTE
    ..\\RTOS\\make_task.c                    0x00000000   Number         0  make_task.o ABSOLUTE
    ..\\RTOS\\portable\\RVDS\\ARM_CM4F\\port.c 0x00000000   Number         0  port.o ABSOLUTE
    ..\\exti_driver\\RM_motor.c              0x00000000   Number         0  rm_motor.o ABSOLUTE
    ..\exti_driver\RM_motor.c                0x00000000   Number         0  rm_motor.o ABSOLUTE
    dc.s                                     0x00000000   Number         0  dc.o ABSOLUTE
    handlers.s                               0x00000000   Number         0  handlers.o ABSOLUTE
    init.s                                   0x00000000   Number         0  init.o ABSOLUTE
    main.c                                   0x00000000   Number         0  main.o ABSOLUTE
    main.c                                   0x00000000   Number         0  main.o ABSOLUTE
    stm32f4xx_it.c                           0x00000000   Number         0  stm32f4xx_it.o ABSOLUTE
    stm32f4xx_it.c                           0x00000000   Number         0  stm32f4xx_it.o ABSOLUTE
    system_stm32f4xx.c                       0x00000000   Number         0  system_stm32f4xx.o ABSOLUTE
    system_stm32f4xx.c                       0x00000000   Number         0  system_stm32f4xx.o ABSOLUTE
    RESET                                    0x08000000   Section      392  startup_stm32f40_41xxx.o(RESET)
    .ARM.Collect$$$$00000000                 0x08000188   Section        0  entry.o(.ARM.Collect$$$$00000000)
    .ARM.Collect$$$$00000001                 0x08000188   Section        4  entry2.o(.ARM.Collect$$$$00000001)
    .ARM.Collect$$$$00000004                 0x0800018c   Section        4  entry5.o(.ARM.Collect$$$$00000004)
    .ARM.Collect$$$$00000008                 0x08000190   Section        0  entry7b.o(.ARM.Collect$$$$00000008)
    .ARM.Collect$$$$0000000A                 0x08000190   Section        0  entry8b.o(.ARM.Collect$$$$0000000A)
    .ARM.Collect$$$$0000000B                 0x08000190   Section        8  entry9a.o(.ARM.Collect$$$$0000000B)
    .ARM.Collect$$$$0000000D                 0x08000198   Section        0  entry10a.o(.ARM.Collect$$$$0000000D)
    .ARM.Collect$$$$0000000F                 0x08000198   Section        0  entry11a.o(.ARM.Collect$$$$0000000F)
    .ARM.Collect$$$$00002712                 0x08000198   Section        4  entry2.o(.ARM.Collect$$$$00002712)
    __lit__00000000                          0x08000198   Data           4  entry2.o(.ARM.Collect$$$$00002712)
    .emb_text                                0x0800019c   Section      190  port.o(.emb_text)
    $v0                                      0x0800019c   Number         0  port.o(.emb_text)
    .text                                    0x0800025c   Section       36  startup_stm32f40_41xxx.o(.text)
    $v0                                      0x0800025c   Number         0  startup_stm32f40_41xxx.o(.text)
    .text                                    0x08000280   Section        0  memcpya.o(.text)
    .text                                    0x080002a4   Section        0  memseta.o(.text)
    .text                                    0x080002c8   Section       36  init.o(.text)
    i.BusFault_Handler                       0x080002ec   Section        0  stm32f4xx_it.o(i.BusFault_Handler)
    i.CAN1_RX0_IRQHandler                    0x080002f0   Section        0  bsp_motor.o(i.CAN1_RX0_IRQHandler)
    i.CAN1_init                              0x08000320   Section        0  bsp_can.o(i.CAN1_init)
    i.CAN2_RX0_IRQHandler                    0x080003fc   Section        0  bsp_motor.o(i.CAN2_RX0_IRQHandler)
    i.CAN2_init                              0x0800042c   Section        0  bsp_can.o(i.CAN2_init)
    i.CAN_ClearITPendingBit                  0x0800050c   Section        0  stm32f4xx_can.o(i.CAN_ClearITPendingBit)
    i.CAN_FilterInit                         0x080005a8   Section        0  stm32f4xx_can.o(i.CAN_FilterInit)
    i.CAN_GetITStatus                        0x08000698   Section        0  stm32f4xx_can.o(i.CAN_GetITStatus)
    i.CAN_ITConfig                           0x080007a8   Section        0  stm32f4xx_can.o(i.CAN_ITConfig)
    i.CAN_Init                               0x080007b8   Section        0  stm32f4xx_can.o(i.CAN_Init)
    i.CAN_Receive                            0x080008ac   Section        0  stm32f4xx_can.o(i.CAN_Receive)
    i.Chassis_task                           0x08000960   Section        0  chassis_task.o(i.Chassis_task)
    i.DMA_ClearITPendingBit                  0x08000978   Section        0  stm32f4xx_dma.o(i.DMA_ClearITPendingBit)
    i.DMA_Cmd                                0x080009a4   Section        0  stm32f4xx_dma.o(i.DMA_Cmd)
    i.DMA_GetCurrDataCounter                 0x080009b6   Section        0  stm32f4xx_dma.o(i.DMA_GetCurrDataCounter)
    i.DMA_Init                               0x080009bc   Section        0  stm32f4xx_dma.o(i.DMA_Init)
    i.DMA_SetCurrDataCounter                 0x08000a34   Section        0  stm32f4xx_dma.o(i.DMA_SetCurrDataCounter)
    i.DebugMon_Handler                       0x08000a38   Section        0  stm32f4xx_it.o(i.DebugMon_Handler)
    i.GPIO_Init                              0x08000a3c   Section        0  stm32f4xx_gpio.o(i.GPIO_Init)
    i.GPIO_PinAFConfig                       0x08000ad6   Section        0  stm32f4xx_gpio.o(i.GPIO_PinAFConfig)
    i.GPIO_ResetBits                         0x08000af8   Section        0  stm32f4xx_gpio.o(i.GPIO_ResetBits)
    i.GPIO_SetBits                           0x08000afc   Section        0  stm32f4xx_gpio.o(i.GPIO_SetBits)
    i.HardFault_Handler                      0x08000b00   Section        0  stm32f4xx_it.o(i.HardFault_Handler)
    i.LED_init                               0x08000b04   Section        0  bsp_led.o(i.LED_init)
    i.MemManage_Handler                      0x08000b74   Section        0  stm32f4xx_it.o(i.MemManage_Handler)
    i.NMI_Handler                            0x08000b76   Section        0  stm32f4xx_it.o(i.NMI_Handler)
    i.NVIC_Init                              0x08000b78   Section        0  misc.o(i.NVIC_Init)
    i.NVIC_PriorityGroupConfig               0x08000be8   Section        0  misc.o(i.NVIC_PriorityGroupConfig)
    i.RCC_AHB1PeriphClockCmd                 0x08000bfc   Section        0  stm32f4xx_rcc.o(i.RCC_AHB1PeriphClockCmd)
    i.RCC_APB1PeriphClockCmd                 0x08000c14   Section        0  stm32f4xx_rcc.o(i.RCC_APB1PeriphClockCmd)
    i.RCC_APB2PeriphClockCmd                 0x08000c2c   Section        0  stm32f4xx_rcc.o(i.RCC_APB2PeriphClockCmd)
    i.RCC_GetClocksFreq                      0x08000c44   Section        0  stm32f4xx_rcc.o(i.RCC_GetClocksFreq)
    i.Servos_task                            0x08000cf0   Section        0  servos_task.o(i.Servos_task)
    i.SysTick_Handler                        0x08000d38   Section        0  port.o(i.SysTick_Handler)
    i.SystemInit                             0x08000d64   Section        0  system_stm32f4xx.o(i.SystemInit)
    i.TIM1_PWM_init                          0x08000e68   Section        0  bsp_pwm.o(i.TIM1_PWM_init)
    i.TIM3_IRQHandler                        0x08000f78   Section        0  bsp_tim.o(i.TIM3_IRQHandler)
    i.TIM4_PWM_init                          0x08000f9c   Section        0  bsp_pwm.o(i.TIM4_PWM_init)
    i.TIM5_IRQHandler                        0x0800103c   Section        0  bsp_tim.o(i.TIM5_IRQHandler)
    i.TIM_ARRPreloadConfig                   0x080010c0   Section        0  stm32f4xx_tim.o(i.TIM_ARRPreloadConfig)
    i.TIM_ClearITPendingBit                  0x080010d2   Section        0  stm32f4xx_tim.o(i.TIM_ClearITPendingBit)
    i.TIM_Cmd                                0x080010d8   Section        0  stm32f4xx_tim.o(i.TIM_Cmd)
    i.TIM_CtrlPWMOutputs                     0x080010ea   Section        0  stm32f4xx_tim.o(i.TIM_CtrlPWMOutputs)
    i.TIM_GetCapture1                        0x08001100   Section        0  stm32f4xx_tim.o(i.TIM_GetCapture1)
    i.TIM_GetITStatus                        0x08001104   Section        0  stm32f4xx_tim.o(i.TIM_GetITStatus)
    i.TIM_OC1Init                            0x0800111a   Section        0  stm32f4xx_tim.o(i.TIM_OC1Init)
    i.TIM_OC1PolarityConfig                  0x08001182   Section        0  stm32f4xx_tim.o(i.TIM_OC1PolarityConfig)
    i.TIM_OC1PreloadConfig                   0x0800118e   Section        0  stm32f4xx_tim.o(i.TIM_OC1PreloadConfig)
    i.TIM_OC2Init                            0x0800119a   Section        0  stm32f4xx_tim.o(i.TIM_OC2Init)
    i.TIM_OC2PreloadConfig                   0x08001224   Section        0  stm32f4xx_tim.o(i.TIM_OC2PreloadConfig)
    i.TIM_OC3Init                            0x08001238   Section        0  stm32f4xx_tim.o(i.TIM_OC3Init)
    i.TIM_OC3PreloadConfig                   0x080012c4   Section        0  stm32f4xx_tim.o(i.TIM_OC3PreloadConfig)
    i.TIM_OC4Init                            0x080012d0   Section        0  stm32f4xx_tim.o(i.TIM_OC4Init)
    i.TIM_OC4PreloadConfig                   0x08001336   Section        0  stm32f4xx_tim.o(i.TIM_OC4PreloadConfig)
    i.TIM_SetCompare1                        0x0800134a   Section        0  stm32f4xx_tim.o(i.TIM_SetCompare1)
    i.TIM_SetCompare3                        0x0800134e   Section        0  stm32f4xx_tim.o(i.TIM_SetCompare3)
    i.TIM_SetCounter                         0x08001352   Section        0  stm32f4xx_tim.o(i.TIM_SetCounter)
    i.TIM_TimeBaseInit                       0x08001358   Section        0  stm32f4xx_tim.o(i.TIM_TimeBaseInit)
    i.USART1_Init                            0x080013d8   Section        0  bsp_usart.o(i.USART1_Init)
    i.USART3_IRQHandler                      0x08001510   Section        0  remote_task.o(i.USART3_IRQHandler)
    i.USART3_Init                            0x0800160c   Section        0  bsp_usart.o(i.USART3_Init)
    i.USART_Cmd                              0x08001700   Section        0  stm32f4xx_usart.o(i.USART_Cmd)
    i.USART_DMACmd                           0x08001712   Section        0  stm32f4xx_usart.o(i.USART_DMACmd)
    i.USART_GetITStatus                      0x08001722   Section        0  stm32f4xx_usart.o(i.USART_GetITStatus)
    i.USART_ITConfig                         0x0800176e   Section        0  stm32f4xx_usart.o(i.USART_ITConfig)
    i.USART_Init                             0x080017a0   Section        0  stm32f4xx_usart.o(i.USART_Init)
    i.UsageFault_Handler                     0x08001858   Section        0  stm32f4xx_it.o(i.UsageFault_Handler)
    i.VLEDBlink_ofdetection_update           0x0800185c   Section        0  led_blink_task.o(i.VLEDBlink_ofdetection_update)
    i.__scatterload_copy                     0x08001868   Section       14  handlers.o(i.__scatterload_copy)
    i.__scatterload_null                     0x08001876   Section        2  handlers.o(i.__scatterload_null)
    i.__scatterload_zeroinit                 0x08001878   Section       14  handlers.o(i.__scatterload_zeroinit)
    i.buzzer_task                            0x08001888   Section        0  buzzer_task.o(i.buzzer_task)
    i.create_task                            0x080018d4   Section        0  make_task.o(i.create_task)
    i.get_remote_msg_p                       0x08001970   Section        0  remote_task.o(i.get_remote_msg_p)
    i.led_task                               0x08001978   Section        0  led_blink_task.o(i.led_task)
    i.main                                   0x08001b08   Section        0  main.o(i.main)
    i.prvAddCurrentTaskToDelayedList         0x08001b38   Section        0  tasks.o(i.prvAddCurrentTaskToDelayedList)
    prvAddCurrentTaskToDelayedList           0x08001b39   Thumb Code   136  tasks.o(i.prvAddCurrentTaskToDelayedList)
    i.prvIdleTask                            0x08001bc8   Section        0  tasks.o(i.prvIdleTask)
    prvIdleTask                              0x08001bc9   Thumb Code    88  tasks.o(i.prvIdleTask)
    i.prvProcessExpiredTimer                 0x08001c2c   Section        0  timers.o(i.prvProcessExpiredTimer)
    prvProcessExpiredTimer                   0x08001c2d   Thumb Code   156  timers.o(i.prvProcessExpiredTimer)
    i.prvSampleTimeNow                       0x08001ccc   Section        0  timers.o(i.prvSampleTimeNow)
    prvSampleTimeNow                         0x08001ccd   Thumb Code   208  timers.o(i.prvSampleTimeNow)
    i.prvTaskExitError                       0x08001da0   Section        0  port.o(i.prvTaskExitError)
    prvTaskExitError                         0x08001da1   Thumb Code    38  port.o(i.prvTaskExitError)
    i.prvTimerTask                           0x08001dcc   Section        0  timers.o(i.prvTimerTask)
    prvTimerTask                             0x08001dcd   Thumb Code   706  timers.o(i.prvTimerTask)
    i.prvUnlockQueue                         0x08002098   Section        0  queue.o(i.prvUnlockQueue)
    prvUnlockQueue                           0x08002099   Thumb Code   108  queue.o(i.prvUnlockQueue)
    i.pvPortMalloc                           0x08002104   Section        0  heap_4.o(i.pvPortMalloc)
    i.pxPortInitialiseStack                  0x0800226c   Section        0  port.o(i.pxPortInitialiseStack)
    i.uxListRemove                           0x08002298   Section        0  list.o(i.uxListRemove)
    i.vListInitialise                        0x080022be   Section        0  list.o(i.vListInitialise)
    i.vListInitialiseItem                    0x080022d4   Section        0  list.o(i.vListInitialiseItem)
    i.vListInsert                            0x080022dc   Section        0  list.o(i.vListInsert)
    i.vPortEnterCritical                     0x08002318   Section        0  port.o(i.vPortEnterCritical)
    i.vPortExitCritical                      0x08002358   Section        0  port.o(i.vPortExitCritical)
    i.vPortFree                              0x08002384   Section        0  heap_4.o(i.vPortFree)
    i.vPortSetupTimerInterrupt               0x0800242c   Section        0  port.o(i.vPortSetupTimerInterrupt)
    i.vQueueAddToRegistry                    0x08002450   Section        0  queue.o(i.vQueueAddToRegistry)
    i.vQueueWaitForMessageRestricted         0x080024a8   Section        0  queue.o(i.vQueueWaitForMessageRestricted)
    i.vTaskDelay                             0x080024f4   Section        0  tasks.o(i.vTaskDelay)
    i.vTaskInternalSetTimeOutState           0x08002540   Section        0  tasks.o(i.vTaskInternalSetTimeOutState)
    i.vTaskMissedYield                       0x08002550   Section        0  tasks.o(i.vTaskMissedYield)
    i.vTaskPlaceOnEventList                  0x0800255c   Section        0  tasks.o(i.vTaskPlaceOnEventList)
    i.vTaskPlaceOnEventListRestricted        0x08002590   Section        0  tasks.o(i.vTaskPlaceOnEventListRestricted)
    i.vTaskStartScheduler                    0x080025e4   Section        0  tasks.o(i.vTaskStartScheduler)
    i.vTaskSuspendAll                        0x0800265c   Section        0  tasks.o(i.vTaskSuspendAll)
    i.vTaskSwitchContext                     0x0800266c   Section        0  tasks.o(i.vTaskSwitchContext)
    i.xPortStartScheduler                    0x080026c8   Section        0  port.o(i.xPortStartScheduler)
    i.xQueueGenericCreate                    0x080027cc   Section        0  queue.o(i.xQueueGenericCreate)
    i.xQueueReceive                          0x0800287c   Section        0  queue.o(i.xQueueReceive)
    i.xTaskCheckForTimeOut                   0x080029d4   Section        0  tasks.o(i.xTaskCheckForTimeOut)
    i.xTaskCreate                            0x08002a5c   Section        0  tasks.o(i.xTaskCreate)
    i.xTaskGetSchedulerState                 0x08002c10   Section        0  tasks.o(i.xTaskGetSchedulerState)
    i.xTaskGetTickCount                      0x08002c2c   Section        0  tasks.o(i.xTaskGetTickCount)
    i.xTaskIncrementTick                     0x08002c38   Section        0  tasks.o(i.xTaskIncrementTick)
    i.xTaskRemoveFromEventList               0x08002dc0   Section        0  tasks.o(i.xTaskRemoveFromEventList)
    i.xTaskResumeAll                         0x08002eb0   Section        0  tasks.o(i.xTaskResumeAll)
    i.xTimerCreateTimerTask                  0x08003000   Section        0  timers.o(i.xTimerCreateTimerTask)
    .data                                    0x20000000   Section       20  system_stm32f4xx.o(.data)
    .data                                    0x20000014   Section       16  stm32f4xx_rcc.o(.data)
    APBAHBPrescTable                         0x20000014   Data          16  stm32f4xx_rcc.o(.data)
    .data                                    0x20000024   Section        9  led_blink_task.o(.data)
    .data                                    0x20000030   Section        4  servos_task.o(.data)
    .data                                    0x20000034   Section        2  remote_task.o(.data)
    rc_tmp                                   0x20000035   Data           1  remote_task.o(.data)
    .data                                    0x20000036   Section        1  bsp_usart.o(.data)
    .data                                    0x20000038   Section        8  bsp_tim.o(.data)
    .data                                    0x20000040   Section       64  tasks.o(.data)
    uxDeletedTasksWaitingCleanUp             0x20000044   Data           4  tasks.o(.data)
    uxCurrentNumberOfTasks                   0x20000048   Data           4  tasks.o(.data)
    xTickCount                               0x2000004c   Data           4  tasks.o(.data)
    uxTopReadyPriority                       0x20000050   Data           4  tasks.o(.data)
    xSchedulerRunning                        0x20000054   Data           4  tasks.o(.data)
    xPendedTicks                             0x20000058   Data           4  tasks.o(.data)
    xYieldPending                            0x2000005c   Data           4  tasks.o(.data)
    xNumOfOverflows                          0x20000060   Data           4  tasks.o(.data)
    uxTaskNumber                             0x20000064   Data           4  tasks.o(.data)
    xNextTaskUnblockTime                     0x20000068   Data           4  tasks.o(.data)
    xIdleTaskHandle                          0x2000006c   Data           4  tasks.o(.data)
    uxSchedulerSuspended                     0x20000074   Data           4  tasks.o(.data)
    pxDelayedTaskList                        0x20000078   Data           4  tasks.o(.data)
    pxOverflowDelayedTaskList                0x2000007c   Data           4  tasks.o(.data)
    .data                                    0x20000080   Section       20  timers.o(.data)
    xTimerQueue                              0x20000080   Data           4  timers.o(.data)
    xTimerTaskHandle                         0x20000084   Data           4  timers.o(.data)
    xLastTime                                0x20000088   Data           4  timers.o(.data)
    pxCurrentTimerList                       0x2000008c   Data           4  timers.o(.data)
    pxOverflowTimerList                      0x20000090   Data           4  timers.o(.data)
    .data                                    0x20000094   Section       28  heap_4.o(.data)
    pxEnd                                    0x20000094   Data           4  heap_4.o(.data)
    xFreeBytesRemaining                      0x20000098   Data           4  heap_4.o(.data)
    xMinimumEverFreeBytesRemaining           0x2000009c   Data           4  heap_4.o(.data)
    xNumberOfSuccessfulAllocations           0x200000a0   Data           4  heap_4.o(.data)
    xNumberOfSuccessfulFrees                 0x200000a4   Data           4  heap_4.o(.data)
    xStart                                   0x200000a8   Data           8  heap_4.o(.data)
    .data                                    0x200000b0   Section       12  port.o(.data)
    ucMaxSysCallPriority                     0x200000b0   Data           1  port.o(.data)
    uxCriticalNesting                        0x200000b4   Data           4  port.o(.data)
    ulMaxPRIGROUPValue                       0x200000b8   Data           4  port.o(.data)
    .bss                                     0x200000bc   Section       28  led_blink_task.o(.bss)
    time_list                                0x200000bc   Data          28  led_blink_task.o(.bss)
    .bss                                     0x200000d8   Section       60  chassis_task.o(.bss)
    .bss                                     0x20000114   Section       42  remote_task.o(.bss)
    .bss                                     0x2000013e   Section       34  bsp_usart.o(.bss)
    .bss                                     0x20000160   Section       64  queue.o(.bss)
    .bss                                     0x200001a0   Section      200  tasks.o(.bss)
    pxReadyTasksLists                        0x200001a0   Data         100  tasks.o(.bss)
    xDelayedTaskList1                        0x20000204   Data          20  tasks.o(.bss)
    xDelayedTaskList2                        0x20000218   Data          20  tasks.o(.bss)
    xPendingReadyList                        0x2000022c   Data          20  tasks.o(.bss)
    xTasksWaitingTermination                 0x20000240   Data          20  tasks.o(.bss)
    xSuspendedTaskList                       0x20000254   Data          20  tasks.o(.bss)
    .bss                                     0x20000268   Section       40  timers.o(.bss)
    xActiveTimerList1                        0x20000268   Data          20  timers.o(.bss)
    xActiveTimerList2                        0x2000027c   Data          20  timers.o(.bss)
    .bss                                     0x20000290   Section    76800  heap_4.o(.bss)
    ucHeap                                   0x20000290   Data       76800  heap_4.o(.bss)
    STACK                                    0x20012e90   Section     1024  startup_stm32f40_41xxx.o(STACK)

    Global Symbols

    Symbol Name                              Value     Ov Type        Size  Object(Section)

    BuildAttributes$$THM_ISAv4$E$P$D$K$B$S$7EM$VFPi3$EXTD16$VFPS$VFMA$PE$A:L22UL41UL21$X:L11$S22US41US21$IEEE1$IW$USESV6$~STKCKD$USESV7$~SHL$OTIME$ROPI$EBA8$MICROLIB$REQ8$PRES8$EABIv2 0x00000000   Number         0  anon$$obj.o ABSOLUTE
    __ARM_use_no_argv                        0x00000000   Number         0  main.o ABSOLUTE
    __cpp_initialize__aeabi_                  - Undefined Weak Reference
    __cxa_finalize                            - Undefined Weak Reference
    __decompress                              - Undefined Weak Reference
    _clock_init                               - Undefined Weak Reference
    _microlib_exit                            - Undefined Weak Reference
    __Vectors_Size                           0x00000188   Number         0  startup_stm32f40_41xxx.o ABSOLUTE
    __Vectors                                0x08000000   Data           4  startup_stm32f40_41xxx.o(RESET)
    __Vectors_End                            0x08000188   Data           0  startup_stm32f40_41xxx.o(RESET)
    __main                                   0x08000189   Thumb Code     0  entry.o(.ARM.Collect$$$$00000000)
    _main_stk                                0x08000189   Thumb Code     0  entry2.o(.ARM.Collect$$$$00000001)
    _main_scatterload                        0x0800018d   Thumb Code     0  entry5.o(.ARM.Collect$$$$00000004)
    __main_after_scatterload                 0x08000191   Thumb Code     0  entry5.o(.ARM.Collect$$$$00000004)
    _main_clock                              0x08000191   Thumb Code     0  entry7b.o(.ARM.Collect$$$$00000008)
    _main_cpp_init                           0x08000191   Thumb Code     0  entry8b.o(.ARM.Collect$$$$0000000A)
    _main_init                               0x08000191   Thumb Code     0  entry9a.o(.ARM.Collect$$$$0000000B)
    __rt_final_cpp                           0x08000199   Thumb Code     0  entry10a.o(.ARM.Collect$$$$0000000D)
    __rt_final_exit                          0x08000199   Thumb Code     0  entry11a.o(.ARM.Collect$$$$0000000F)
    SVC_Handler                              0x0800019d   Thumb Code    28  port.o(.emb_text)
    __asm___6_port_c_39a90d8d__prvStartFirstTask 0x080001bd   Thumb Code    36  port.o(.emb_text)
    __asm___6_port_c_39a90d8d__prvEnableVFP  0x080001e5   Thumb Code    16  port.o(.emb_text)
    PendSV_Handler                           0x080001f9   Thumb Code    88  port.o(.emb_text)
    vPortGetIPSR                             0x08000255   Thumb Code     6  port.o(.emb_text)
    Reset_Handler                            0x0800025d   Thumb Code     8  startup_stm32f40_41xxx.o(.text)
    ADC_IRQHandler                           0x08000277   Thumb Code     0  startup_stm32f40_41xxx.o(.text)
    CAN1_RX1_IRQHandler                      0x08000277   Thumb Code     0  startup_stm32f40_41xxx.o(.text)
    CAN1_SCE_IRQHandler                      0x08000277   Thumb Code     0  startup_stm32f40_41xxx.o(.text)
    CAN1_TX_IRQHandler                       0x08000277   Thumb Code     0  startup_stm32f40_41xxx.o(.text)
    CAN2_RX1_IRQHandler                      0x08000277   Thumb Code     0  startup_stm32f40_41xxx.o(.text)
    CAN2_SCE_IRQHandler                      0x08000277   Thumb Code     0  startup_stm32f40_41xxx.o(.text)
    CAN2_TX_IRQHandler                       0x08000277   Thumb Code     0  startup_stm32f40_41xxx.o(.text)
    CRYP_IRQHandler                          0x08000277   Thumb Code     0  startup_stm32f40_41xxx.o(.text)
    DCMI_IRQHandler                          0x08000277   Thumb Code     0  startup_stm32f40_41xxx.o(.text)
    DMA1_Stream0_IRQHandler                  0x08000277   Thumb Code     0  startup_stm32f40_41xxx.o(.text)
    DMA1_Stream1_IRQHandler                  0x08000277   Thumb Code     0  startup_stm32f40_41xxx.o(.text)
    DMA1_Stream2_IRQHandler                  0x08000277   Thumb Code     0  startup_stm32f40_41xxx.o(.text)
    DMA1_Stream3_IRQHandler                  0x08000277   Thumb Code     0  startup_stm32f40_41xxx.o(.text)
    DMA1_Stream4_IRQHandler                  0x08000277   Thumb Code     0  startup_stm32f40_41xxx.o(.text)
    DMA1_Stream5_IRQHandler                  0x08000277   Thumb Code     0  startup_stm32f40_41xxx.o(.text)
    DMA1_Stream6_IRQHandler                  0x08000277   Thumb Code     0  startup_stm32f40_41xxx.o(.text)
    DMA1_Stream7_IRQHandler                  0x08000277   Thumb Code     0  startup_stm32f40_41xxx.o(.text)
    DMA2_Stream0_IRQHandler                  0x08000277   Thumb Code     0  startup_stm32f40_41xxx.o(.text)
    DMA2_Stream1_IRQHandler                  0x08000277   Thumb Code     0  startup_stm32f40_41xxx.o(.text)
    DMA2_Stream2_IRQHandler                  0x08000277   Thumb Code     0  startup_stm32f40_41xxx.o(.text)
    DMA2_Stream3_IRQHandler                  0x08000277   Thumb Code     0  startup_stm32f40_41xxx.o(.text)
    DMA2_Stream4_IRQHandler                  0x08000277   Thumb Code     0  startup_stm32f40_41xxx.o(.text)
    DMA2_Stream5_IRQHandler                  0x08000277   Thumb Code     0  startup_stm32f40_41xxx.o(.text)
    DMA2_Stream6_IRQHandler                  0x08000277   Thumb Code     0  startup_stm32f40_41xxx.o(.text)
    DMA2_Stream7_IRQHandler                  0x08000277   Thumb Code     0  startup_stm32f40_41xxx.o(.text)
    ETH_IRQHandler                           0x08000277   Thumb Code     0  startup_stm32f40_41xxx.o(.text)
    ETH_WKUP_IRQHandler                      0x08000277   Thumb Code     0  startup_stm32f40_41xxx.o(.text)
    EXTI0_IRQHandler                         0x08000277   Thumb Code     0  startup_stm32f40_41xxx.o(.text)
    EXTI15_10_IRQHandler                     0x08000277   Thumb Code     0  startup_stm32f40_41xxx.o(.text)
    EXTI1_IRQHandler                         0x08000277   Thumb Code     0  startup_stm32f40_41xxx.o(.text)
    EXTI2_IRQHandler                         0x08000277   Thumb Code     0  startup_stm32f40_41xxx.o(.text)
    EXTI3_IRQHandler                         0x08000277   Thumb Code     0  startup_stm32f40_41xxx.o(.text)
    EXTI4_IRQHandler                         0x08000277   Thumb Code     0  startup_stm32f40_41xxx.o(.text)
    EXTI9_5_IRQHandler                       0x08000277   Thumb Code     0  startup_stm32f40_41xxx.o(.text)
    FLASH_IRQHandler                         0x08000277   Thumb Code     0  startup_stm32f40_41xxx.o(.text)
    FPU_IRQHandler                           0x08000277   Thumb Code     0  startup_stm32f40_41xxx.o(.text)
    FSMC_IRQHandler                          0x08000277   Thumb Code     0  startup_stm32f40_41xxx.o(.text)
    HASH_RNG_IRQHandler                      0x08000277   Thumb Code     0  startup_stm32f40_41xxx.o(.text)
    I2C1_ER_IRQHandler                       0x08000277   Thumb Code     0  startup_stm32f40_41xxx.o(.text)
    I2C1_EV_IRQHandler                       0x08000277   Thumb Code     0  startup_stm32f40_41xxx.o(.text)
    I2C2_ER_IRQHandler                       0x08000277   Thumb Code     0  startup_stm32f40_41xxx.o(.text)
    I2C2_EV_IRQHandler                       0x08000277   Thumb Code     0  startup_stm32f40_41xxx.o(.text)
    I2C3_ER_IRQHandler                       0x08000277   Thumb Code     0  startup_stm32f40_41xxx.o(.text)
    I2C3_EV_IRQHandler                       0x08000277   Thumb Code     0  startup_stm32f40_41xxx.o(.text)
    OTG_FS_IRQHandler                        0x08000277   Thumb Code     0  startup_stm32f40_41xxx.o(.text)
    OTG_FS_WKUP_IRQHandler                   0x08000277   Thumb Code     0  startup_stm32f40_41xxx.o(.text)
    OTG_HS_EP1_IN_IRQHandler                 0x08000277   Thumb Code     0  startup_stm32f40_41xxx.o(.text)
    OTG_HS_EP1_OUT_IRQHandler                0x08000277   Thumb Code     0  startup_stm32f40_41xxx.o(.text)
    OTG_HS_IRQHandler                        0x08000277   Thumb Code     0  startup_stm32f40_41xxx.o(.text)
    OTG_HS_WKUP_IRQHandler                   0x08000277   Thumb Code     0  startup_stm32f40_41xxx.o(.text)
    PVD_IRQHandler                           0x08000277   Thumb Code     0  startup_stm32f40_41xxx.o(.text)
    RCC_IRQHandler                           0x08000277   Thumb Code     0  startup_stm32f40_41xxx.o(.text)
    RTC_Alarm_IRQHandler                     0x08000277   Thumb Code     0  startup_stm32f40_41xxx.o(.text)
    RTC_WKUP_IRQHandler                      0x08000277   Thumb Code     0  startup_stm32f40_41xxx.o(.text)
    SDIO_IRQHandler                          0x08000277   Thumb Code     0  startup_stm32f40_41xxx.o(.text)
    SPI1_IRQHandler                          0x08000277   Thumb Code     0  startup_stm32f40_41xxx.o(.text)
    SPI2_IRQHandler                          0x08000277   Thumb Code     0  startup_stm32f40_41xxx.o(.text)
    SPI3_IRQHandler                          0x08000277   Thumb Code     0  startup_stm32f40_41xxx.o(.text)
    TAMP_STAMP_IRQHandler                    0x08000277   Thumb Code     0  startup_stm32f40_41xxx.o(.text)
    TIM1_BRK_TIM9_IRQHandler                 0x08000277   Thumb Code     0  startup_stm32f40_41xxx.o(.text)
    TIM1_CC_IRQHandler                       0x08000277   Thumb Code     0  startup_stm32f40_41xxx.o(.text)
    TIM1_TRG_COM_TIM11_IRQHandler            0x08000277   Thumb Code     0  startup_stm32f40_41xxx.o(.text)
    TIM1_UP_TIM10_IRQHandler                 0x08000277   Thumb Code     0  startup_stm32f40_41xxx.o(.text)
    TIM2_IRQHandler                          0x08000277   Thumb Code     0  startup_stm32f40_41xxx.o(.text)
    TIM4_IRQHandler                          0x08000277   Thumb Code     0  startup_stm32f40_41xxx.o(.text)
    TIM6_DAC_IRQHandler                      0x08000277   Thumb Code     0  startup_stm32f40_41xxx.o(.text)
    TIM7_IRQHandler                          0x08000277   Thumb Code     0  startup_stm32f40_41xxx.o(.text)
    TIM8_BRK_TIM12_IRQHandler                0x08000277   Thumb Code     0  startup_stm32f40_41xxx.o(.text)
    TIM8_CC_IRQHandler                       0x08000277   Thumb Code     0  startup_stm32f40_41xxx.o(.text)
    TIM8_TRG_COM_TIM14_IRQHandler            0x08000277   Thumb Code     0  startup_stm32f40_41xxx.o(.text)
    TIM8_UP_TIM13_IRQHandler                 0x08000277   Thumb Code     0  startup_stm32f40_41xxx.o(.text)
    UART4_IRQHandler                         0x08000277   Thumb Code     0  startup_stm32f40_41xxx.o(.text)
    UART5_IRQHandler                         0x08000277   Thumb Code     0  startup_stm32f40_41xxx.o(.text)
    USART1_IRQHandler                        0x08000277   Thumb Code     0  startup_stm32f40_41xxx.o(.text)
    USART2_IRQHandler                        0x08000277   Thumb Code     0  startup_stm32f40_41xxx.o(.text)
    USART6_IRQHandler                        0x08000277   Thumb Code     0  startup_stm32f40_41xxx.o(.text)
    WWDG_IRQHandler                          0x08000277   Thumb Code     0  startup_stm32f40_41xxx.o(.text)
    __aeabi_memcpy                           0x08000281   Thumb Code    36  memcpya.o(.text)
    __aeabi_memcpy4                          0x08000281   Thumb Code     0  memcpya.o(.text)
    __aeabi_memcpy8                          0x08000281   Thumb Code     0  memcpya.o(.text)
    __aeabi_memset                           0x080002a5   Thumb Code    14  memseta.o(.text)
    __aeabi_memset4                          0x080002a5   Thumb Code     0  memseta.o(.text)
    __aeabi_memset8                          0x080002a5   Thumb Code     0  memseta.o(.text)
    __aeabi_memclr                           0x080002b3   Thumb Code     4  memseta.o(.text)
    __aeabi_memclr4                          0x080002b3   Thumb Code     0  memseta.o(.text)
    __aeabi_memclr8                          0x080002b3   Thumb Code     0  memseta.o(.text)
    _memset$wrapper                          0x080002b7   Thumb Code    18  memseta.o(.text)
    __scatterload                            0x080002c9   Thumb Code    28  init.o(.text)
    __scatterload_rt2                        0x080002c9   Thumb Code     0  init.o(.text)
    BusFault_Handler                         0x080002ed   Thumb Code     2  stm32f4xx_it.o(i.BusFault_Handler)
    CAN1_RX0_IRQHandler                      0x080002f1   Thumb Code    44  bsp_motor.o(i.CAN1_RX0_IRQHandler)
    CAN1_init                                0x08000321   Thumb Code   212  bsp_can.o(i.CAN1_init)
    CAN2_RX0_IRQHandler                      0x080003fd   Thumb Code    44  bsp_motor.o(i.CAN2_RX0_IRQHandler)
    CAN2_init                                0x0800042d   Thumb Code   216  bsp_can.o(i.CAN2_init)
    CAN_ClearITPendingBit                    0x0800050d   Thumb Code   152  stm32f4xx_can.o(i.CAN_ClearITPendingBit)
    CAN_FilterInit                           0x080005a9   Thumb Code   218  stm32f4xx_can.o(i.CAN_FilterInit)
    CAN_GetITStatus                          0x08000699   Thumb Code   268  stm32f4xx_can.o(i.CAN_GetITStatus)
    CAN_ITConfig                             0x080007a9   Thumb Code    16  stm32f4xx_can.o(i.CAN_ITConfig)
    CAN_Init                                 0x080007b9   Thumb Code   244  stm32f4xx_can.o(i.CAN_Init)
    CAN_Receive                              0x080008ad   Thumb Code   180  stm32f4xx_can.o(i.CAN_Receive)
    Chassis_task                             0x08000961   Thumb Code    18  chassis_task.o(i.Chassis_task)
    DMA_ClearITPendingBit                    0x08000979   Thumb Code    28  stm32f4xx_dma.o(i.DMA_ClearITPendingBit)
    DMA_Cmd                                  0x080009a5   Thumb Code    18  stm32f4xx_dma.o(i.DMA_Cmd)
    DMA_GetCurrDataCounter                   0x080009b7   Thumb Code     6  stm32f4xx_dma.o(i.DMA_GetCurrDataCounter)
    DMA_Init                                 0x080009bd   Thumb Code   116  stm32f4xx_dma.o(i.DMA_Init)
    DMA_SetCurrDataCounter                   0x08000a35   Thumb Code     4  stm32f4xx_dma.o(i.DMA_SetCurrDataCounter)
    DebugMon_Handler                         0x08000a39   Thumb Code     2  stm32f4xx_it.o(i.DebugMon_Handler)
    GPIO_Init                                0x08000a3d   Thumb Code   154  stm32f4xx_gpio.o(i.GPIO_Init)
    GPIO_PinAFConfig                         0x08000ad7   Thumb Code    34  stm32f4xx_gpio.o(i.GPIO_PinAFConfig)
    GPIO_ResetBits                           0x08000af9   Thumb Code     4  stm32f4xx_gpio.o(i.GPIO_ResetBits)
    GPIO_SetBits                             0x08000afd   Thumb Code     4  stm32f4xx_gpio.o(i.GPIO_SetBits)
    HardFault_Handler                        0x08000b01   Thumb Code     2  stm32f4xx_it.o(i.HardFault_Handler)
    LED_init                                 0x08000b05   Thumb Code   106  bsp_led.o(i.LED_init)
    MemManage_Handler                        0x08000b75   Thumb Code     2  stm32f4xx_it.o(i.MemManage_Handler)
    NMI_Handler                              0x08000b77   Thumb Code     2  stm32f4xx_it.o(i.NMI_Handler)
    NVIC_Init                                0x08000b79   Thumb Code   106  misc.o(i.NVIC_Init)
    NVIC_PriorityGroupConfig                 0x08000be9   Thumb Code    14  misc.o(i.NVIC_PriorityGroupConfig)
    RCC_AHB1PeriphClockCmd                   0x08000bfd   Thumb Code    18  stm32f4xx_rcc.o(i.RCC_AHB1PeriphClockCmd)
    RCC_APB1PeriphClockCmd                   0x08000c15   Thumb Code    18  stm32f4xx_rcc.o(i.RCC_APB1PeriphClockCmd)
    RCC_APB2PeriphClockCmd                   0x08000c2d   Thumb Code    18  stm32f4xx_rcc.o(i.RCC_APB2PeriphClockCmd)
    RCC_GetClocksFreq                        0x08000c45   Thumb Code   150  stm32f4xx_rcc.o(i.RCC_GetClocksFreq)
    Servos_task                              0x08000cf1   Thumb Code    62  servos_task.o(i.Servos_task)
    SysTick_Handler                          0x08000d39   Thumb Code    38  port.o(i.SysTick_Handler)
    SystemInit                               0x08000d65   Thumb Code   224  system_stm32f4xx.o(i.SystemInit)
    TIM1_PWM_init                            0x08000e69   Thumb Code   262  bsp_pwm.o(i.TIM1_PWM_init)
    TIM3_IRQHandler                          0x08000f79   Thumb Code    30  bsp_tim.o(i.TIM3_IRQHandler)
    TIM4_PWM_init                            0x08000f9d   Thumb Code   150  bsp_pwm.o(i.TIM4_PWM_init)
    TIM5_IRQHandler                          0x0800103d   Thumb Code   124  bsp_tim.o(i.TIM5_IRQHandler)
    TIM_ARRPreloadConfig                     0x080010c1   Thumb Code    18  stm32f4xx_tim.o(i.TIM_ARRPreloadConfig)
    TIM_ClearITPendingBit                    0x080010d3   Thumb Code     6  stm32f4xx_tim.o(i.TIM_ClearITPendingBit)
    TIM_Cmd                                  0x080010d9   Thumb Code    18  stm32f4xx_tim.o(i.TIM_Cmd)
    TIM_CtrlPWMOutputs                       0x080010eb   Thumb Code    22  stm32f4xx_tim.o(i.TIM_CtrlPWMOutputs)
    TIM_GetCapture1                          0x08001101   Thumb Code     4  stm32f4xx_tim.o(i.TIM_GetCapture1)
    TIM_GetITStatus                          0x08001105   Thumb Code    22  stm32f4xx_tim.o(i.TIM_GetITStatus)
    TIM_OC1Init                              0x0800111b   Thumb Code   104  stm32f4xx_tim.o(i.TIM_OC1Init)
    TIM_OC1PolarityConfig                    0x08001183   Thumb Code    12  stm32f4xx_tim.o(i.TIM_OC1PolarityConfig)
    TIM_OC1PreloadConfig                     0x0800118f   Thumb Code    12  stm32f4xx_tim.o(i.TIM_OC1PreloadConfig)
    TIM_OC2Init                              0x0800119b   Thumb Code   138  stm32f4xx_tim.o(i.TIM_OC2Init)
    TIM_OC2PreloadConfig                     0x08001225   Thumb Code    20  stm32f4xx_tim.o(i.TIM_OC2PreloadConfig)
    TIM_OC3Init                              0x08001239   Thumb Code   140  stm32f4xx_tim.o(i.TIM_OC3Init)
    TIM_OC3PreloadConfig                     0x080012c5   Thumb Code    12  stm32f4xx_tim.o(i.TIM_OC3PreloadConfig)
    TIM_OC4Init                              0x080012d1   Thumb Code   102  stm32f4xx_tim.o(i.TIM_OC4Init)
    TIM_OC4PreloadConfig                     0x08001337   Thumb Code    20  stm32f4xx_tim.o(i.TIM_OC4PreloadConfig)
    TIM_SetCompare1                          0x0800134b   Thumb Code     4  stm32f4xx_tim.o(i.TIM_SetCompare1)
    TIM_SetCompare3                          0x0800134f   Thumb Code     4  stm32f4xx_tim.o(i.TIM_SetCompare3)
    TIM_SetCounter                           0x08001353   Thumb Code     4  stm32f4xx_tim.o(i.TIM_SetCounter)
    TIM_TimeBaseInit                         0x08001359   Thumb Code   120  stm32f4xx_tim.o(i.TIM_TimeBaseInit)
    USART1_Init                              0x080013d9   Thumb Code   284  bsp_usart.o(i.USART1_Init)
    USART3_IRQHandler                        0x08001511   Thumb Code   220  remote_task.o(i.USART3_IRQHandler)
    USART3_Init                              0x0800160d   Thumb Code   222  bsp_usart.o(i.USART3_Init)
    USART_Cmd                                0x08001701   Thumb Code    18  stm32f4xx_usart.o(i.USART_Cmd)
    USART_DMACmd                             0x08001713   Thumb Code    16  stm32f4xx_usart.o(i.USART_DMACmd)
    USART_GetITStatus                        0x08001723   Thumb Code    76  stm32f4xx_usart.o(i.USART_GetITStatus)
    USART_ITConfig                           0x0800176f   Thumb Code    48  stm32f4xx_usart.o(i.USART_ITConfig)
    USART_Init                               0x080017a1   Thumb Code   180  stm32f4xx_usart.o(i.USART_Init)
    UsageFault_Handler                       0x08001859   Thumb Code     2  stm32f4xx_it.o(i.UsageFault_Handler)
    VLEDBlink_ofdetection_update             0x0800185d   Thumb Code     8  led_blink_task.o(i.VLEDBlink_ofdetection_update)
    __scatterload_copy                       0x08001869   Thumb Code    14  handlers.o(i.__scatterload_copy)
    __scatterload_null                       0x08001877   Thumb Code     2  handlers.o(i.__scatterload_null)
    __scatterload_zeroinit                   0x08001879   Thumb Code    14  handlers.o(i.__scatterload_zeroinit)
    buzzer_task                              0x08001889   Thumb Code    68  buzzer_task.o(i.buzzer_task)
    create_task                              0x080018d5   Thumb Code    86  make_task.o(i.create_task)
    get_remote_msg_p                         0x08001971   Thumb Code     4  remote_task.o(i.get_remote_msg_p)
    led_task                                 0x08001979   Thumb Code   384  led_blink_task.o(i.led_task)
    main                                     0x08001b09   Thumb Code    46  main.o(i.main)
    pvPortMalloc                             0x08002105   Thumb Code   346  heap_4.o(i.pvPortMalloc)
    pxPortInitialiseStack                    0x0800226d   Thumb Code    38  port.o(i.pxPortInitialiseStack)
    uxListRemove                             0x08002299   Thumb Code    38  list.o(i.uxListRemove)
    vListInitialise                          0x080022bf   Thumb Code    22  list.o(i.vListInitialise)
    vListInitialiseItem                      0x080022d5   Thumb Code     6  list.o(i.vListInitialiseItem)
    vListInsert                              0x080022dd   Thumb Code    58  list.o(i.vListInsert)
    vPortEnterCritical                       0x08002319   Thumb Code    56  port.o(i.vPortEnterCritical)
    vPortExitCritical                        0x08002359   Thumb Code    38  port.o(i.vPortExitCritical)
    vPortFree                                0x08002385   Thumb Code   162  heap_4.o(i.vPortFree)
    vPortSetupTimerInterrupt                 0x0800242d   Thumb Code    32  port.o(i.vPortSetupTimerInterrupt)
    vQueueAddToRegistry                      0x08002451   Thumb Code    84  queue.o(i.vQueueAddToRegistry)
    vQueueWaitForMessageRestricted           0x080024a9   Thumb Code    74  queue.o(i.vQueueWaitForMessageRestricted)
    vTaskDelay                               0x080024f5   Thumb Code    66  tasks.o(i.vTaskDelay)
    vTaskInternalSetTimeOutState             0x08002541   Thumb Code    12  tasks.o(i.vTaskInternalSetTimeOutState)
    vTaskMissedYield                         0x08002551   Thumb Code     8  tasks.o(i.vTaskMissedYield)
    vTaskPlaceOnEventList                    0x0800255d   Thumb Code    46  tasks.o(i.vTaskPlaceOnEventList)
    vTaskPlaceOnEventListRestricted          0x08002591   Thumb Code    78  tasks.o(i.vTaskPlaceOnEventListRestricted)
    vTaskStartScheduler                      0x080025e5   Thumb Code    98  tasks.o(i.vTaskStartScheduler)
    vTaskSuspendAll                          0x0800265d   Thumb Code    10  tasks.o(i.vTaskSuspendAll)
    vTaskSwitchContext                       0x0800266d   Thumb Code    84  tasks.o(i.vTaskSwitchContext)
    xPortStartScheduler                      0x080026c9   Thumb Code   232  port.o(i.xPortStartScheduler)
    xQueueGenericCreate                      0x080027cd   Thumb Code   176  queue.o(i.xQueueGenericCreate)
    xQueueReceive                            0x0800287d   Thumb Code   340  queue.o(i.xQueueReceive)
    xTaskCheckForTimeOut                     0x080029d5   Thumb Code   130  tasks.o(i.xTaskCheckForTimeOut)
    xTaskCreate                              0x08002a5d   Thumb Code   404  tasks.o(i.xTaskCreate)
    xTaskGetSchedulerState                   0x08002c11   Thumb Code    24  tasks.o(i.xTaskGetSchedulerState)
    xTaskGetTickCount                        0x08002c2d   Thumb Code     6  tasks.o(i.xTaskGetTickCount)
    xTaskIncrementTick                       0x08002c39   Thumb Code   382  tasks.o(i.xTaskIncrementTick)
    xTaskRemoveFromEventList                 0x08002dc1   Thumb Code   228  tasks.o(i.xTaskRemoveFromEventList)
    xTaskResumeAll                           0x08002eb1   Thumb Code   318  tasks.o(i.xTaskResumeAll)
    xTimerCreateTimerTask                    0x08003001   Thumb Code   110  timers.o(i.xTimerCreateTimerTask)
    Region$$Table$$Base                      0x08003094   Number         0  anon$$obj.o(Region$$Table)
    Region$$Table$$Limit                     0x080030b4   Number         0  anon$$obj.o(Region$$Table)
    SystemCoreClock                          0x20000000   Data           4  system_stm32f4xx.o(.data)
    AHBPrescTable                            0x20000004   Data          16  system_stm32f4xx.o(.data)
    Now_Time                                 0x20000024   Data           1  led_blink_task.o(.data)
    LED_Blink_outime_num                     0x20000025   Data           1  led_blink_task.o(.data)
    LED_state_dis                            0x20000026   Data           7  led_blink_task.o(.data)
    servos_main                              0x20000030   Data           4  servos_task.o(.data)
    data_le                                  0x20000034   Data           1  remote_task.o(.data)
    usart1_dma_tx_buff                       0x20000036   Data           1  bsp_usart.o(.data)
    tim5_ic_state                            0x20000038   Data           1  bsp_tim.o(.data)
    tim5_ic_time                             0x2000003c   Data           4  bsp_tim.o(.data)
    pxCurrentTCB                             0x20000040   Data           4  tasks.o(.data)
    uxTopUsedPriority                        0x20000070   Data           4  tasks.o(.data)
    Main_chassis                             0x200000d8   Data          60  chassis_task.o(.bss)
    usart3_rx_data_buf                       0x20000114   Data          20  remote_task.o(.bss)
    remote_main                              0x20000128   Data          22  remote_task.o(.bss)
    usart1_dma_rx_buff                       0x2000013e   Data          34  bsp_usart.o(.bss)
    xQueueRegistry                           0x20000160   Data          64  queue.o(.bss)
    __initial_sp                             0x20013290   Data           0  startup_stm32f40_41xxx.o(STACK)



==============================================================================

Memory Map of the image

  Image Entry point : 0x08000189

  Load Region LR_IROM1 (Base: 0x08000000, Size: 0x00003170, Max: 0x00100000, ABSOLUTE)

    Execution Region ER_IROM1 (Exec base: 0x08000000, Load base: 0x08000000, Size: 0x000030b4, Max: 0x00100000, ABSOLUTE)

    Exec Addr    Load Addr    Size         Type   Attr      Idx    E Section Name        Object

    0x08000000   0x08000000   0x00000188   Data   RO         2997    RESET               startup_stm32f40_41xxx.o
    0x08000188   0x08000188   0x00000000   Code   RO         4424  * .ARM.Collect$$$$00000000  mc_w.l(entry.o)
    0x08000188   0x08000188   0x00000004   Code   RO         4443    .ARM.Collect$$$$00000001  mc_w.l(entry2.o)
    0x0800018c   0x0800018c   0x00000004   Code   RO         4446    .ARM.Collect$$$$00000004  mc_w.l(entry5.o)
    0x08000190   0x08000190   0x00000000   Code   RO         4448    .ARM.Collect$$$$00000008  mc_w.l(entry7b.o)
    0x08000190   0x08000190   0x00000000   Code   RO         4450    .ARM.Collect$$$$0000000A  mc_w.l(entry8b.o)
    0x08000190   0x08000190   0x00000008   Code   RO         4451    .ARM.Collect$$$$0000000B  mc_w.l(entry9a.o)
    0x08000198   0x08000198   0x00000000   Code   RO         4453    .ARM.Collect$$$$0000000D  mc_w.l(entry10a.o)
    0x08000198   0x08000198   0x00000000   Code   RO         4455    .ARM.Collect$$$$0000000F  mc_w.l(entry11a.o)
    0x08000198   0x08000198   0x00000004   Code   RO         4444    .ARM.Collect$$$$00002712  mc_w.l(entry2.o)
    0x0800019c   0x0800019c   0x000000be   Code   RO         4312    .emb_text           port.o
    0x0800025a   0x0800025a   0x00000002   PAD
    0x0800025c   0x0800025c   0x00000024   Code   RO         2998    .text               startup_stm32f40_41xxx.o
    0x08000280   0x08000280   0x00000024   Code   RO         4427    .text               mc_w.l(memcpya.o)
    0x080002a4   0x080002a4   0x00000024   Code   RO         4429    .text               mc_w.l(memseta.o)
    0x080002c8   0x080002c8   0x00000024   Code   RO         4466    .text               mc_w.l(init.o)
    0x080002ec   0x080002ec   0x00000002   Code   RO          181    i.BusFault_Handler  stm32f4xx_it.o
    0x080002ee   0x080002ee   0x00000002   PAD
    0x080002f0   0x080002f0   0x00000030   Code   RO         3383    i.CAN1_RX0_IRQHandler  bsp_motor.o
    0x08000320   0x08000320   0x000000dc   Code   RO         3357    i.CAN1_init         bsp_can.o
    0x080003fc   0x080003fc   0x00000030   Code   RO         3384    i.CAN2_RX0_IRQHandler  bsp_motor.o
    0x0800042c   0x0800042c   0x000000e0   Code   RO         3358    i.CAN2_init         bsp_can.o
    0x0800050c   0x0800050c   0x0000009c   Code   RO         2617    i.CAN_ClearITPendingBit  stm32f4xx_can.o
    0x080005a8   0x080005a8   0x000000f0   Code   RO         2621    i.CAN_FilterInit    stm32f4xx_can.o
    0x08000698   0x08000698   0x00000110   Code   RO         2623    i.CAN_GetITStatus   stm32f4xx_can.o
    0x080007a8   0x080007a8   0x00000010   Code   RO         2627    i.CAN_ITConfig      stm32f4xx_can.o
    0x080007b8   0x080007b8   0x000000f4   Code   RO         2628    i.CAN_Init          stm32f4xx_can.o
    0x080008ac   0x080008ac   0x000000b4   Code   RO         2631    i.CAN_Receive       stm32f4xx_can.o
    0x08000960   0x08000960   0x00000018   Code   RO         3090    i.Chassis_task      chassis_task.o
    0x08000978   0x08000978   0x0000002c   Code   RO         2041    i.DMA_ClearITPendingBit  stm32f4xx_dma.o
    0x080009a4   0x080009a4   0x00000012   Code   RO         2042    i.DMA_Cmd           stm32f4xx_dma.o
    0x080009b6   0x080009b6   0x00000006   Code   RO         2048    i.DMA_GetCurrDataCounter  stm32f4xx_dma.o
    0x080009bc   0x080009bc   0x00000078   Code   RO         2054    i.DMA_Init          stm32f4xx_dma.o
    0x08000a34   0x08000a34   0x00000004   Code   RO         2057    i.DMA_SetCurrDataCounter  stm32f4xx_dma.o
    0x08000a38   0x08000a38   0x00000002   Code   RO          182    i.DebugMon_Handler  stm32f4xx_it.o
    0x08000a3a   0x08000a3a   0x00000002   PAD
    0x08000a3c   0x08000a3c   0x0000009a   Code   RO          524    i.GPIO_Init         stm32f4xx_gpio.o
    0x08000ad6   0x08000ad6   0x00000022   Code   RO          525    i.GPIO_PinAFConfig  stm32f4xx_gpio.o
    0x08000af8   0x08000af8   0x00000004   Code   RO          531    i.GPIO_ResetBits    stm32f4xx_gpio.o
    0x08000afc   0x08000afc   0x00000004   Code   RO          532    i.GPIO_SetBits      stm32f4xx_gpio.o
    0x08000b00   0x08000b00   0x00000002   Code   RO          183    i.HardFault_Handler  stm32f4xx_it.o
    0x08000b02   0x08000b02   0x00000002   PAD
    0x08000b04   0x08000b04   0x00000070   Code   RO         3165    i.LED_init          bsp_led.o
    0x08000b74   0x08000b74   0x00000002   Code   RO          184    i.MemManage_Handler  stm32f4xx_it.o
    0x08000b76   0x08000b76   0x00000002   Code   RO          185    i.NMI_Handler       stm32f4xx_it.o
    0x08000b78   0x08000b78   0x00000070   Code   RO          453    i.NVIC_Init         misc.o
    0x08000be8   0x08000be8   0x00000014   Code   RO          454    i.NVIC_PriorityGroupConfig  misc.o
    0x08000bfc   0x08000bfc   0x00000018   Code   RO          621    i.RCC_AHB1PeriphClockCmd  stm32f4xx_rcc.o
    0x08000c14   0x08000c14   0x00000018   Code   RO          630    i.RCC_APB1PeriphClockCmd  stm32f4xx_rcc.o
    0x08000c2c   0x08000c2c   0x00000018   Code   RO          633    i.RCC_APB2PeriphClockCmd  stm32f4xx_rcc.o
    0x08000c44   0x08000c44   0x000000ac   Code   RO          642    i.RCC_GetClocksFreq  stm32f4xx_rcc.o
    0x08000cf0   0x08000cf0   0x00000048   Code   RO         3061    i.Servos_task       servos_task.o
    0x08000d38   0x08000d38   0x0000002c   Code   RO         4313    i.SysTick_Handler   port.o
    0x08000d64   0x08000d64   0x00000104   Code   RO          235    i.SystemInit        system_stm32f4xx.o
    0x08000e68   0x08000e68   0x00000110   Code   RO         3326    i.TIM1_PWM_init     bsp_pwm.o
    0x08000f78   0x08000f78   0x00000024   Code   RO         3278    i.TIM3_IRQHandler   bsp_tim.o
    0x08000f9c   0x08000f9c   0x000000a0   Code   RO         3327    i.TIM4_PWM_init     bsp_pwm.o
    0x0800103c   0x0800103c   0x00000084   Code   RO         3280    i.TIM5_IRQHandler   bsp_tim.o
    0x080010c0   0x080010c0   0x00000012   Code   RO         1261    i.TIM_ARRPreloadConfig  stm32f4xx_tim.o
    0x080010d2   0x080010d2   0x00000006   Code   RO         1268    i.TIM_ClearITPendingBit  stm32f4xx_tim.o
    0x080010d8   0x080010d8   0x00000012   Code   RO         1273    i.TIM_Cmd           stm32f4xx_tim.o
    0x080010ea   0x080010ea   0x00000016   Code   RO         1275    i.TIM_CtrlPWMOutputs  stm32f4xx_tim.o
    0x08001100   0x08001100   0x00000004   Code   RO         1288    i.TIM_GetCapture1   stm32f4xx_tim.o
    0x08001104   0x08001104   0x00000016   Code   RO         1294    i.TIM_GetITStatus   stm32f4xx_tim.o
    0x0800111a   0x0800111a   0x00000068   Code   RO         1302    i.TIM_OC1Init       stm32f4xx_tim.o
    0x08001182   0x08001182   0x0000000c   Code   RO         1304    i.TIM_OC1PolarityConfig  stm32f4xx_tim.o
    0x0800118e   0x0800118e   0x0000000c   Code   RO         1305    i.TIM_OC1PreloadConfig  stm32f4xx_tim.o
    0x0800119a   0x0800119a   0x0000008a   Code   RO         1307    i.TIM_OC2Init       stm32f4xx_tim.o
    0x08001224   0x08001224   0x00000014   Code   RO         1310    i.TIM_OC2PreloadConfig  stm32f4xx_tim.o
    0x08001238   0x08001238   0x0000008c   Code   RO         1312    i.TIM_OC3Init       stm32f4xx_tim.o
    0x080012c4   0x080012c4   0x0000000c   Code   RO         1315    i.TIM_OC3PreloadConfig  stm32f4xx_tim.o
    0x080012d0   0x080012d0   0x00000066   Code   RO         1317    i.TIM_OC4Init       stm32f4xx_tim.o
    0x08001336   0x08001336   0x00000014   Code   RO         1319    i.TIM_OC4PreloadConfig  stm32f4xx_tim.o
    0x0800134a   0x0800134a   0x00000004   Code   RO         1335    i.TIM_SetCompare1   stm32f4xx_tim.o
    0x0800134e   0x0800134e   0x00000004   Code   RO         1337    i.TIM_SetCompare3   stm32f4xx_tim.o
    0x08001352   0x08001352   0x00000004   Code   RO         1339    i.TIM_SetCounter    stm32f4xx_tim.o
    0x08001356   0x08001356   0x00000002   PAD
    0x08001358   0x08001358   0x00000080   Code   RO         1345    i.TIM_TimeBaseInit  stm32f4xx_tim.o
    0x080013d8   0x080013d8   0x00000138   Code   RO         3231    i.USART1_Init       bsp_usart.o
    0x08001510   0x08001510   0x000000fc   Code   RO         3134    i.USART3_IRQHandler  remote_task.o
    0x0800160c   0x0800160c   0x000000f4   Code   RO         3232    i.USART3_Init       bsp_usart.o
    0x08001700   0x08001700   0x00000012   Code   RO         1015    i.USART_Cmd         stm32f4xx_usart.o
    0x08001712   0x08001712   0x00000010   Code   RO         1016    i.USART_DMACmd      stm32f4xx_usart.o
    0x08001722   0x08001722   0x0000004c   Code   RO         1019    i.USART_GetITStatus  stm32f4xx_usart.o
    0x0800176e   0x0800176e   0x00000030   Code   RO         1021    i.USART_ITConfig    stm32f4xx_usart.o
    0x0800179e   0x0800179e   0x00000002   PAD
    0x080017a0   0x080017a0   0x000000b8   Code   RO         1022    i.USART_Init        stm32f4xx_usart.o
    0x08001858   0x08001858   0x00000002   Code   RO          186    i.UsageFault_Handler  stm32f4xx_it.o
    0x0800185a   0x0800185a   0x00000002   PAD
    0x0800185c   0x0800185c   0x0000000c   Code   RO         3004    i.VLEDBlink_ofdetection_update  led_blink_task.o
    0x08001868   0x08001868   0x0000000e   Code   RO         4472    i.__scatterload_copy  mc_w.l(handlers.o)
    0x08001876   0x08001876   0x00000002   Code   RO         4473    i.__scatterload_null  mc_w.l(handlers.o)
    0x08001878   0x08001878   0x0000000e   Code   RO         4474    i.__scatterload_zeroinit  mc_w.l(handlers.o)
    0x08001886   0x08001886   0x00000002   PAD
    0x08001888   0x08001888   0x0000004c   Code   RO         3037    i.buzzer_task       buzzer_task.o
    0x080018d4   0x080018d4   0x0000009c   Code   RO          266    i.create_task       make_task.o
    0x08001970   0x08001970   0x00000008   Code   RO         3135    i.get_remote_msg_p  remote_task.o
    0x08001978   0x08001978   0x00000190   Code   RO         3005    i.led_task          led_blink_task.o
    0x08001b08   0x08001b08   0x0000002e   Code   RO            3    i.main              main.o
    0x08001b36   0x08001b36   0x00000002   PAD
    0x08001b38   0x08001b38   0x00000090   Code   RO         3810    i.prvAddCurrentTaskToDelayedList  tasks.o
    0x08001bc8   0x08001bc8   0x00000064   Code   RO         3811    i.prvIdleTask       tasks.o
    0x08001c2c   0x08001c2c   0x000000a0   Code   RO         4130    i.prvProcessExpiredTimer  timers.o
    0x08001ccc   0x08001ccc   0x000000d4   Code   RO         4131    i.prvSampleTimeNow  timers.o
    0x08001da0   0x08001da0   0x0000002c   Code   RO         4314    i.prvTaskExitError  port.o
    0x08001dcc   0x08001dcc   0x000002cc   Code   RO         4132    i.prvTimerTask      timers.o
    0x08002098   0x08002098   0x0000006c   Code   RO         3630    i.prvUnlockQueue    queue.o
    0x08002104   0x08002104   0x00000168   Code   RO         4262    i.pvPortMalloc      heap_4.o
    0x0800226c   0x0800226c   0x0000002c   Code   RO         4315    i.pxPortInitialiseStack  port.o
    0x08002298   0x08002298   0x00000026   Code   RO         3590    i.uxListRemove      list.o
    0x080022be   0x080022be   0x00000016   Code   RO         3591    i.vListInitialise   list.o
    0x080022d4   0x080022d4   0x00000006   Code   RO         3592    i.vListInitialiseItem  list.o
    0x080022da   0x080022da   0x00000002   PAD
    0x080022dc   0x080022dc   0x0000003a   Code   RO         3593    i.vListInsert       list.o
    0x08002316   0x08002316   0x00000002   PAD
    0x08002318   0x08002318   0x00000040   Code   RO         4317    i.vPortEnterCritical  port.o
    0x08002358   0x08002358   0x0000002c   Code   RO         4318    i.vPortExitCritical  port.o
    0x08002384   0x08002384   0x000000a8   Code   RO         4263    i.vPortFree         heap_4.o
    0x0800242c   0x0800242c   0x00000024   Code   RO         4319    i.vPortSetupTimerInterrupt  port.o
    0x08002450   0x08002450   0x00000058   Code   RO         3636    i.vQueueAddToRegistry  queue.o
    0x080024a8   0x080024a8   0x0000004a   Code   RO         3640    i.vQueueWaitForMessageRestricted  queue.o
    0x080024f2   0x080024f2   0x00000002   PAD
    0x080024f4   0x080024f4   0x0000004c   Code   RO         3822    i.vTaskDelay        tasks.o
    0x08002540   0x08002540   0x00000010   Code   RO         3827    i.vTaskInternalSetTimeOutState  tasks.o
    0x08002550   0x08002550   0x0000000c   Code   RO         3828    i.vTaskMissedYield  tasks.o
    0x0800255c   0x0800255c   0x00000034   Code   RO         3829    i.vTaskPlaceOnEventList  tasks.o
    0x08002590   0x08002590   0x00000054   Code   RO         3830    i.vTaskPlaceOnEventListRestricted  tasks.o
    0x080025e4   0x080025e4   0x00000078   Code   RO         3838    i.vTaskStartScheduler  tasks.o
    0x0800265c   0x0800265c   0x00000010   Code   RO         3840    i.vTaskSuspendAll   tasks.o
    0x0800266c   0x0800266c   0x0000005c   Code   RO         3841    i.vTaskSwitchContext  tasks.o
    0x080026c8   0x080026c8   0x00000104   Code   RO         4321    i.xPortStartScheduler  port.o
    0x080027cc   0x080027cc   0x000000b0   Code   RO         3643    i.xQueueGenericCreate  queue.o
    0x0800287c   0x0800287c   0x00000158   Code   RO         3653    i.xQueueReceive     queue.o
    0x080029d4   0x080029d4   0x00000088   Code   RO         3843    i.xTaskCheckForTimeOut  tasks.o
    0x08002a5c   0x08002a5c   0x000001b4   Code   RO         3844    i.xTaskCreate       tasks.o
    0x08002c10   0x08002c10   0x0000001c   Code   RO         3851    i.xTaskGetSchedulerState  tasks.o
    0x08002c2c   0x08002c2c   0x0000000c   Code   RO         3852    i.xTaskGetTickCount  tasks.o
    0x08002c38   0x08002c38   0x00000188   Code   RO         3854    i.xTaskIncrementTick  tasks.o
    0x08002dc0   0x08002dc0   0x000000f0   Code   RO         3857    i.xTaskRemoveFromEventList  tasks.o
    0x08002eb0   0x08002eb0   0x00000150   Code   RO         3858    i.xTaskResumeAll    tasks.o
    0x08003000   0x08003000   0x00000094   Code   RO         4140    i.xTimerCreateTimerTask  timers.o
    0x08003094   0x08003094   0x00000020   Data   RO         4470    Region$$Table       anon$$obj.o


    Execution Region RW_IRAM1 (Exec base: 0x20000000, Load base: 0x080030b4, Size: 0x00013290, Max: 0x00020000, ABSOLUTE)

    Exec Addr    Load Addr    Size         Type   Attr      Idx    E Section Name        Object

    0x20000000   0x080030b4   0x00000014   Data   RW          236    .data               system_stm32f4xx.o
    0x20000014   0x080030c8   0x00000010   Data   RW          674    .data               stm32f4xx_rcc.o
    0x20000024   0x080030d8   0x00000009   Data   RW         3007    .data               led_blink_task.o
    0x2000002d   0x080030e1   0x00000003   PAD
    0x20000030   0x080030e4   0x00000004   Data   RW         3062    .data               servos_task.o
    0x20000034   0x080030e8   0x00000002   Data   RW         3137    .data               remote_task.o
    0x20000036   0x080030ea   0x00000001   Data   RW         3237    .data               bsp_usart.o
    0x20000037   0x080030eb   0x00000001   PAD
    0x20000038   0x080030ec   0x00000008   Data   RW         3283    .data               bsp_tim.o
    0x20000040   0x080030f4   0x00000040   Data   RW         3861    .data               tasks.o
    0x20000080   0x08003134   0x00000014   Data   RW         4148    .data               timers.o
    0x20000094   0x08003148   0x0000001c   Data   RW         4269    .data               heap_4.o
    0x200000b0   0x08003164   0x0000000c   Data   RW         4322    .data               port.o
    0x200000bc        -       0x0000001c   Zero   RW         3006    .bss                led_blink_task.o
    0x200000d8        -       0x0000003c   Zero   RW         3092    .bss                chassis_task.o
    0x20000114        -       0x0000002a   Zero   RW         3136    .bss                remote_task.o
    0x2000013e        -       0x00000022   Zero   RW         3235    .bss                bsp_usart.o
    0x20000160        -       0x00000040   Zero   RW         3657    .bss                queue.o
    0x200001a0        -       0x000000c8   Zero   RW         3860    .bss                tasks.o
    0x20000268        -       0x00000028   Zero   RW         4147    .bss                timers.o
    0x20000290        -       0x00012c00   Zero   RW         4268    .bss                heap_4.o
    0x20012e90        -       0x00000400   Zero   RW         2995    STACK               startup_stm32f40_41xxx.o


==============================================================================

Image component sizes


      Code (inc. data)   RO Data    RW Data    ZI Data      Debug   Object Name

       444         16          0          0          0       1552   bsp_can.o
       112          6          0          0          0        579   bsp_led.o
        96          8          0          0          0       1220   bsp_motor.o
       432         20          0          0          0       1412   bsp_pwm.o
       168         14          0          8          0       1345   bsp_tim.o
       556         50          0          1         34       2430   bsp_usart.o
        76          8          0          0          0        642   buzzer_task.o
        24          6          0          0         60       1581   chassis_task.o
         0          0          0          0          0      14564   event_groups.o
       528         20          0         28      76800       4567   heap_4.o
       412         20          0          9         28       2960   led_blink_task.o
       124          0          0          0          0       2665   list.o
        46          0          0          0          0      73567   main.o
       156         70          0          0          0     275602   make_task.o
       132         12          0          0          0     238943   misc.o
       726         80          0         12          0      10476   port.o
       790          8          0          0         64      11243   queue.o
       260         36          0          2         42       1912   remote_task.o
        72         10          0          4          0       2848   servos_task.o
        36          8        392          0       1024        828   startup_stm32f40_41xxx.o
      1108         30          0          0          0       7335   stm32f4xx_can.o
       192         20          0          0          0       4111   stm32f4xx_dma.o
       196          0          0          0          0       2859   stm32f4xx_gpio.o
        12          0          0          0          0       2657   stm32f4xx_it.o
       244         40          0         16          0       4855   stm32f4xx_rcc.o
       790          8          0          0          0      13353   stm32f4xx_tim.o
       342          4          0          0          0       4289   stm32f4xx_usart.o
       260         36          0         20          0       1385   system_stm32f4xx.o
      2292        174          0         64        200      25133   tasks.o
      1236         66          0         20         40      25882   timers.o

    ----------------------------------------------------------------------
     11884        770        424        188      78292     742795   Object Totals
         0          0         32          0          0          0   (incl. Generated)
        22          0          0          4          0          0   (incl. Padding)

    ----------------------------------------------------------------------

      Code (inc. data)   RO Data    RW Data    ZI Data      Debug   Library Member Name

         0          0          0          0          0          0   entry.o
         0          0          0          0          0          0   entry10a.o
         0          0          0          0          0          0   entry11a.o
         8          4          0          0          0          0   entry2.o
         4          0          0          0          0          0   entry5.o
         0          0          0          0          0          0   entry7b.o
         0          0          0          0          0          0   entry8b.o
         8          4          0          0          0          0   entry9a.o
        30          0          0          0          0          0   handlers.o
        36          8          0          0          0         68   init.o
        36          0          0          0          0         68   memcpya.o
        36          0          0          0          0        108   memseta.o

    ----------------------------------------------------------------------
       160         16          0          0          0        244   Library Totals
         2          0          0          0          0          0   (incl. Padding)

    ----------------------------------------------------------------------

      Code (inc. data)   RO Data    RW Data    ZI Data      Debug   Library Name

       158         16          0          0          0        244   mc_w.l

    ----------------------------------------------------------------------
       160         16          0          0          0        244   Library Totals

    ----------------------------------------------------------------------

==============================================================================


      Code (inc. data)   RO Data    RW Data    ZI Data      Debug   

     12044        786        424        188      78292     732691   Grand Totals
     12044        786        424        188      78292     732691   ELF Image Totals
     12044        786        424        188          0          0   ROM Totals

==============================================================================

    Total RO  Size (Code + RO Data)                12468 (  12.18kB)
    Total RW  Size (RW Data + ZI Data)             78480 (  76.64kB)
    Total ROM Size (Code + RO Data + RW Data)      12656 (  12.36kB)

==============================================================================

