Component: ARM Compiler 5.06 update 6 (build 750) Tool: armlink [4d35ed]

==============================================================================

Section Cross References

    main.o(i.main) refers to misc.o(i.NVIC_PriorityGroupConfig) for NVIC_PriorityGroupConfig
    main.o(i.main) refers to bsp_led.o(i.LED_init) for LED_init
    main.o(i.main) refers to bsp_usart.o(i.USART1_Init) for USART1_Init
    main.o(i.main) refers to bsp_can.o(i.CAN1_init) for CAN1_init
    main.o(i.main) refers to bsp_can.o(i.CAN2_init) for CAN2_init
    main.o(i.main) refers to make_task.o(i.create_task) for create_task
    main.o(i.main) refers to tasks.o(i.vTaskStartScheduler) for vTaskStartScheduler
    system_stm32f4xx.o(i.SystemCoreClockUpdate) refers to system_stm32f4xx.o(.data) for .data
    make_task.o(i.create_task) refers to tasks.o(i.xTaskCreate) for xTaskCreate
    make_task.o(i.create_task) refers to led_blink_task.o(i.led_task) for led_task
    make_task.o(i.create_task) refers to buzzer_task.o(i.buzzer_task) for buzzer_task
    make_task.o(i.create_task) refers to chassis_task.o(i.Chassis_task) for Chassis_task
    stm32f4xx_gpio.o(i.GPIO_DeInit) refers to stm32f4xx_rcc.o(i.RCC_AHB1PeriphResetCmd) for RCC_AHB1PeriphResetCmd
    stm32f4xx_rcc.o(i.RCC_GetClocksFreq) refers to stm32f4xx_rcc.o(.data) for .data
    stm32f4xx_syscfg.o(i.SYSCFG_DeInit) refers to stm32f4xx_rcc.o(i.RCC_APB2PeriphResetCmd) for RCC_APB2PeriphResetCmd
    stm32f4xx_usart.o(i.USART_DeInit) refers to stm32f4xx_rcc.o(i.RCC_APB1PeriphResetCmd) for RCC_APB1PeriphResetCmd
    stm32f4xx_usart.o(i.USART_DeInit) refers to stm32f4xx_rcc.o(i.RCC_APB2PeriphResetCmd) for RCC_APB2PeriphResetCmd
    stm32f4xx_usart.o(i.USART_Init) refers to stm32f4xx_rcc.o(i.RCC_GetClocksFreq) for RCC_GetClocksFreq
    stm32f4xx_tim.o(i.TIM_DeInit) refers to stm32f4xx_rcc.o(i.RCC_APB1PeriphResetCmd) for RCC_APB1PeriphResetCmd
    stm32f4xx_tim.o(i.TIM_DeInit) refers to stm32f4xx_rcc.o(i.RCC_APB2PeriphResetCmd) for RCC_APB2PeriphResetCmd
    stm32f4xx_adc.o(i.ADC_DeInit) refers to stm32f4xx_rcc.o(i.RCC_APB2PeriphResetCmd) for RCC_APB2PeriphResetCmd
    stm32f4xx_spi.o(i.SPI_I2S_DeInit) refers to stm32f4xx_rcc.o(i.RCC_APB2PeriphResetCmd) for RCC_APB2PeriphResetCmd
    stm32f4xx_spi.o(i.SPI_I2S_DeInit) refers to stm32f4xx_rcc.o(i.RCC_APB1PeriphResetCmd) for RCC_APB1PeriphResetCmd
    stm32f4xx_flash.o(i.FLASH_EraseAllBank1Sectors) refers to stm32f4xx_flash.o(i.FLASH_WaitForLastOperation) for FLASH_WaitForLastOperation
    stm32f4xx_flash.o(i.FLASH_EraseAllBank2Sectors) refers to stm32f4xx_flash.o(i.FLASH_WaitForLastOperation) for FLASH_WaitForLastOperation
    stm32f4xx_flash.o(i.FLASH_EraseAllSectors) refers to stm32f4xx_flash.o(i.FLASH_WaitForLastOperation) for FLASH_WaitForLastOperation
    stm32f4xx_flash.o(i.FLASH_EraseSector) refers to stm32f4xx_flash.o(i.FLASH_WaitForLastOperation) for FLASH_WaitForLastOperation
    stm32f4xx_flash.o(i.FLASH_OB_Launch) refers to stm32f4xx_flash.o(i.FLASH_WaitForLastOperation) for FLASH_WaitForLastOperation
    stm32f4xx_flash.o(i.FLASH_OB_PCROP1Config) refers to stm32f4xx_flash.o(i.FLASH_WaitForLastOperation) for FLASH_WaitForLastOperation
    stm32f4xx_flash.o(i.FLASH_OB_PCROPConfig) refers to stm32f4xx_flash.o(i.FLASH_WaitForLastOperation) for FLASH_WaitForLastOperation
    stm32f4xx_flash.o(i.FLASH_OB_RDPConfig) refers to stm32f4xx_flash.o(i.FLASH_WaitForLastOperation) for FLASH_WaitForLastOperation
    stm32f4xx_flash.o(i.FLASH_OB_UserConfig) refers to stm32f4xx_flash.o(i.FLASH_WaitForLastOperation) for FLASH_WaitForLastOperation
    stm32f4xx_flash.o(i.FLASH_OB_WRP1Config) refers to stm32f4xx_flash.o(i.FLASH_WaitForLastOperation) for FLASH_WaitForLastOperation
    stm32f4xx_flash.o(i.FLASH_OB_WRPConfig) refers to stm32f4xx_flash.o(i.FLASH_WaitForLastOperation) for FLASH_WaitForLastOperation
    stm32f4xx_flash.o(i.FLASH_ProgramByte) refers to stm32f4xx_flash.o(i.FLASH_WaitForLastOperation) for FLASH_WaitForLastOperation
    stm32f4xx_flash.o(i.FLASH_ProgramDoubleWord) refers to stm32f4xx_flash.o(i.FLASH_WaitForLastOperation) for FLASH_WaitForLastOperation
    stm32f4xx_flash.o(i.FLASH_ProgramHalfWord) refers to stm32f4xx_flash.o(i.FLASH_WaitForLastOperation) for FLASH_WaitForLastOperation
    stm32f4xx_flash.o(i.FLASH_ProgramWord) refers to stm32f4xx_flash.o(i.FLASH_WaitForLastOperation) for FLASH_WaitForLastOperation
    stm32f4xx_can.o(i.CAN_DeInit) refers to stm32f4xx_rcc.o(i.RCC_APB1PeriphResetCmd) for RCC_APB1PeriphResetCmd
    stm32f4xx_i2c.o(i.I2C_DeInit) refers to stm32f4xx_rcc.o(i.RCC_APB1PeriphResetCmd) for RCC_APB1PeriphResetCmd
    stm32f4xx_i2c.o(i.I2C_Init) refers to stm32f4xx_rcc.o(i.RCC_GetClocksFreq) for RCC_GetClocksFreq
    startup_stm32f40_41xxx.o(RESET) refers to startup_stm32f40_41xxx.o(STACK) for __initial_sp
    startup_stm32f40_41xxx.o(RESET) refers to startup_stm32f40_41xxx.o(.text) for Reset_Handler
[...]
    Removing stm32f4xx_i2c.o(i.I2C_AcknowledgeConfig), (18 bytes).
    Removing stm32f4xx_i2c.o(i.I2C_AnalogFilterCmd), (18 bytes).
    Removing stm32f4xx_i2c.o(i.I2C_CalculatePEC), (18 bytes).
    Removing stm32f4xx_i2c.o(i.I2C_CheckEvent), (26 bytes).
    Removing stm32f4xx_i2c.o(i.I2C_ClearFlag), (6 bytes).
    Removing stm32f4xx_i2c.o(i.I2C_ClearITPendingBit), (6 bytes).
    Removing stm32f4xx_i2c.o(i.I2C_Cmd), (18 bytes).
    Removing stm32f4xx_i2c.o(i.I2C_DMACmd), (18 bytes).
    Removing stm32f4xx_i2c.o(i.I2C_DMALastTransferCmd), (18 bytes).
    Removing stm32f4xx_i2c.o(i.I2C_DeInit), (100 bytes).
    Removing stm32f4xx_i2c.o(i.I2C_DigitalFilterConfig), (16 bytes).
    Removing stm32f4xx_i2c.o(i.I2C_DualAddressCmd), (18 bytes).
    Removing stm32f4xx_i2c.o(i.I2C_FastModeDutyCycleConfig), (20 bytes).
    Removing stm32f4xx_i2c.o(i.I2C_GeneralCallCmd), (18 bytes).
    Removing stm32f4xx_i2c.o(i.I2C_GenerateSTART), (18 bytes).
    Removing stm32f4xx_i2c.o(i.I2C_GenerateSTOP), (18 bytes).
    Removing stm32f4xx_i2c.o(i.I2C_GetFlagStatus), (42 bytes).
    Removing stm32f4xx_i2c.o(i.I2C_GetITStatus), (34 bytes).
    Removing stm32f4xx_i2c.o(i.I2C_GetLastEvent), (14 bytes).
    Removing stm32f4xx_i2c.o(i.I2C_GetPEC), (6 bytes).
    Removing stm32f4xx_i2c.o(i.I2C_ITConfig), (16 bytes).
    Removing stm32f4xx_i2c.o(i.I2C_Init), (196 bytes).
    Removing stm32f4xx_i2c.o(i.I2C_NACKPositionConfig), (20 bytes).
    Removing stm32f4xx_i2c.o(i.I2C_OwnAddress2Config), (16 bytes).
    Removing stm32f4xx_i2c.o(i.I2C_PECPositionConfig), (20 bytes).
    Removing stm32f4xx_i2c.o(i.I2C_ReadRegister), (12 bytes).
    Removing stm32f4xx_i2c.o(i.I2C_ReceiveData), (6 bytes).
    Removing stm32f4xx_i2c.o(i.I2C_SMBusAlertConfig), (20 bytes).
    Removing stm32f4xx_i2c.o(i.I2C_Send7bitAddress), (16 bytes).
    Removing stm32f4xx_i2c.o(i.I2C_SendData), (4 bytes).
    Removing stm32f4xx_i2c.o(i.I2C_SoftwareResetCmd), (18 bytes).
    Removing stm32f4xx_i2c.o(i.I2C_StretchClockCmd), (18 bytes).
    Removing stm32f4xx_i2c.o(i.I2C_StructInit), (28 bytes).
    Removing stm32f4xx_i2c.o(i.I2C_TransmitPEC), (18 bytes).
    Removing startup_stm32f40_41xxx.o(HEAP), (512 bytes).
    Removing led_blink_task.o(.rev16_text), (4 bytes).
    Removing led_blink_task.o(.revsh_text), (4 bytes).
    Removing led_blink_task.o(i.VLEDBlink_ofdetection_update), (12 bytes).
    Removing buzzer_task.o(.rev16_text), (4 bytes).
    Removing buzzer_task.o(.revsh_text), (4 bytes).
    Removing chassis_task.o(.rev16_text), (4 bytes).
    Removing chassis_task.o(.revsh_text), (4 bytes).
    Removing remote_task.o(.rev16_text), (4 bytes).
    Removing remote_task.o(.revsh_text), (4 bytes).
    Removing chassis_behave.o(.rev16_text), (4 bytes).
    Removing chassis_behave.o(.revsh_text), (4 bytes).
    Removing chassis_behave.o(i.chassis_follow_chassis_solve), (38 bytes).
    Removing bsp_led.o(.rev16_text), (4 bytes).
    Removing bsp_led.o(.revsh_text), (4 bytes).
    Removing bsp_delay.o(.rev16_text), (4 bytes).
    Removing bsp_delay.o(.revsh_text), (4 bytes).
    Removing bsp_delay.o(i.BMI088_delay_ms), (68 bytes).
    Removing bsp_delay.o(i.BMI088_delay_us), (48 bytes).
    Removing bsp_delay.o(i.Delay_IIC), (24 bytes).
    Removing bsp_delay.o(i.Delay_ms), (16 bytes).
    Removing bsp_delay.o(i.Delay_us), (48 bytes).
    Removing bsp_delay.o(.data), (4 bytes).
    Removing bsp_usart.o(.rev16_text), (4 bytes).
    Removing bsp_usart.o(.revsh_text), (4 bytes).
    Removing bsp_usart.o(i.usart1_DMA_send_date), (68 bytes).
    Removing bsp_usart.o(i.usart_send_date), (68 bytes).
    Removing bsp_usart.o(.data), (4 bytes).
    Removing bsp_tim.o(.rev16_text), (4 bytes).
    Removing bsp_tim.o(.revsh_text), (4 bytes).
    Removing bsp_tim.o(i.TIM3_Init), (96 bytes).
    Removing bsp_tim.o(i.TIM5_ch1__ic_init), (176 bytes).
    Removing bsp_tim.o(i.get_led_pwm), (4 bytes).
    Removing bsp_pwm.o(.rev16_text), (4 bytes).
    Removing bsp_pwm.o(.revsh_text), (4 bytes).
    Removing bsp_pwm.o(i.TIM10_PWM_init), (156 bytes).
    Removing bsp_pwm.o(i.TIM1_PWM_init), (272 bytes).
    Removing bsp_pwm.o(i.TIM4_PWM_init), (160 bytes).
    Removing bsp_can.o(.rev16_text), (4 bytes).
    Removing bsp_can.o(.revsh_text), (4 bytes).
    Removing bsp_motor.o(.rev16_text), (4 bytes).
    Removing bsp_motor.o(.revsh_text), (4 bytes).
    Removing pid.o(.rev16_text), (4 bytes).
    Removing pid.o(.revsh_text), (4 bytes).
    Removing z_math.o(i.FZ_math_absolute), (48 bytes).
    Removing z_math.o(i.FZ_math_bidire_compen), (36 bytes).
    Removing z_math.o(i.FZ_math_limt), (34 bytes).
    Removing z_math.o(i.first_order_filter_cali), (78 bytes).
    Removing z_math.o(i.first_order_filter_init), (18 bytes).
    Removing event_groups.o(i.uxEventGroupGetNumber), (8 bytes).
    Removing event_groups.o(i.vEventGroupClearBitsCallback), (64 bytes).
    Removing event_groups.o(i.vEventGroupDelete), (90 bytes).
    Removing event_groups.o(i.vEventGroupSetBitsCallback), (4 bytes).
    Removing event_groups.o(i.vEventGroupSetNumber), (4 bytes).
    Removing event_groups.o(i.xEventGroupClearBits), (66 bytes).
    Removing event_groups.o(i.xEventGroupCreate), (26 bytes).
    Removing event_groups.o(i.xEventGroupGetBitsFromISR), (26 bytes).
    Removing event_groups.o(i.xEventGroupSetBits), (148 bytes).
    Removing event_groups.o(i.xEventGroupSync), (208 bytes).
    Removing event_groups.o(i.xEventGroupWaitBits), (276 bytes).
    Removing list.o(i.vListInsertEnd), (24 bytes).
    Removing queue.o(i.pcQueueGetName), (112 bytes).
    Removing queue.o(i.ucQueueGetQueueType), (6 bytes).
    Removing queue.o(i.uxQueueGetQueueNumber), (4 bytes).
    Removing queue.o(i.uxQueueMessagesWaiting), (36 bytes).
    Removing queue.o(i.uxQueueMessagesWaitingFromISR), (24 bytes).
    Removing queue.o(i.uxQueueSpacesAvailable), (40 bytes).
    Removing queue.o(i.vQueueDelete), (68 bytes).
    Removing queue.o(i.vQueueSetQueueNumber), (4 bytes).
    Removing queue.o(i.vQueueUnregisterQueue), (64 bytes).
    Removing queue.o(i.xQueueCreateCountingSemaphore), (42 bytes).
    Removing queue.o(i.xQueueCreateMutex), (36 bytes).
    Removing queue.o(i.xQueueGenericReset), (172 bytes).
    Removing queue.o(i.xQueueGenericSend), (468 bytes).
    Removing queue.o(i.xQueueGenericSendFromISR), (320 bytes).
    Removing queue.o(i.xQueueGiveFromISR), (192 bytes).
    Removing queue.o(i.xQueueGiveMutexRecursive), (62 bytes).
    Removing queue.o(i.xQueueIsQueueEmptyFromISR), (30 bytes).
    Removing queue.o(i.xQueueIsQueueFullFromISR), (32 bytes).
    Removing queue.o(i.xQueuePeek), (340 bytes).
    Removing queue.o(i.xQueuePeekFromISR), (136 bytes).
    Removing queue.o(i.xQueueReceiveFromISR), (210 bytes).
    Removing queue.o(i.xQueueSemaphoreTake), (388 bytes).
    Removing queue.o(i.xQueueTakeMutexRecursive), (66 bytes).
    Removing tasks.o(i.eTaskGetState), (128 bytes).
    Removing tasks.o(i.pcTaskGetName), (36 bytes).
    Removing tasks.o(i.prvListTasksWithinSingleList), (328 bytes).
    Removing tasks.o(i.pvTaskIncrementMutexHeldCount), (24 bytes).
    Removing tasks.o(i.ulTaskGenericNotifyTake), (120 bytes).
    Removing tasks.o(i.ulTaskGenericNotifyValueClear), (44 bytes).
    Removing tasks.o(i.uxTaskGetNumberOfTasks), (12 bytes).
    Removing tasks.o(i.uxTaskGetSystemState), (180 bytes).
    Removing tasks.o(i.uxTaskGetTaskNumber), (8 bytes).
    Removing tasks.o(i.uxTaskPriorityGet), (32 bytes).
    Removing tasks.o(i.uxTaskPriorityGetFromISR), (48 bytes).
    Removing tasks.o(i.uxTaskResetEventItemValue), (24 bytes).
    Removing tasks.o(i.vTaskDelete), (212 bytes).
    Removing tasks.o(i.vTaskEndScheduler), (28 bytes).
    Removing tasks.o(i.vTaskGenericNotifyGiveFromISR), (288 bytes).
    Removing tasks.o(i.vTaskGetInfo), (244 bytes).
    Removing tasks.o(i.vTaskPlaceOnUnorderedEventList), (132 bytes).
    Removing tasks.o(i.vTaskPriorityDisinheritAfterTimeout), (208 bytes).
    Removing tasks.o(i.vTaskPrioritySet), (240 bytes).
    Removing tasks.o(i.vTaskRemoveFromUnorderedEventList), (236 bytes).
    Removing tasks.o(i.vTaskResume), (180 bytes).
    Removing tasks.o(i.vTaskSetTaskNumber), (8 bytes).
    Removing tasks.o(i.vTaskSetTimeOutState), (48 bytes).
    Removing tasks.o(i.vTaskSuspend), (296 bytes).
    Removing tasks.o(i.xTaskCatchUpTicks), (60 bytes).
    Removing tasks.o(i.xTaskDelayUntil), (148 bytes).
    Removing tasks.o(i.xTaskGenericNotify), (324 bytes).
    Removing tasks.o(i.xTaskGenericNotifyFromISR), (384 bytes).
    Removing tasks.o(i.xTaskGenericNotifyStateClear), (64 bytes).
    Removing tasks.o(i.xTaskGenericNotifyWait), (160 bytes).
    Removing tasks.o(i.xTaskGetCurrentTaskHandle), (12 bytes).
    Removing tasks.o(i.xTaskGetTickCountFromISR), (16 bytes).
    Removing tasks.o(i.xTaskPriorityDisinherit), (184 bytes).
    Removing tasks.o(i.xTaskPriorityInherit), (184 bytes).
    Removing tasks.o(i.xTaskResumeFromISR), (204 bytes).
    Removing timers.o(i.pcTimerGetName), (24 bytes).
    Removing timers.o(i.pvTimerGetTimerID), (36 bytes).
    Removing timers.o(i.uxTimerGetReloadMode), (48 bytes).
    Removing timers.o(i.uxTimerGetTimerNumber), (4 bytes).
    Removing timers.o(i.vTimerSetReloadMode), (56 bytes).
    Removing timers.o(i.vTimerSetTimerID), (38 bytes).
    Removing timers.o(i.vTimerSetTimerNumber), (4 bytes).
    Removing timers.o(i.xTimerCreate), (168 bytes).
    Removing timers.o(i.xTimerGenericCommand), (120 bytes).
    Removing timers.o(i.xTimerGetExpiryTime), (24 bytes).
    Removing timers.o(i.xTimerGetPeriod), (24 bytes).
    Removing timers.o(i.xTimerGetReloadMode), (48 bytes).
    Removing timers.o(i.xTimerGetTimerDaemonTaskHandle), (32 bytes).
    Removing timers.o(i.xTimerIsTimerActive), (48 bytes).
    Removing heap_4.o(i.pvPortCalloc), (38 bytes).
    Removing heap_4.o(i.vPortGetHeapStats), (120 bytes).
    Removing heap_4.o(i.vPortInitialiseBlocks), (2 bytes).
    Removing heap_4.o(i.xPortGetFreeHeapSize), (12 bytes).
    Removing heap_4.o(i.xPortGetMinimumEverFreeHeapSize), (12 bytes).
    Removing port.o(i.vPortEndScheduler), (32 bytes).
    Removing port.o(i.vPortValidateInterruptPriority), (84 bytes).
    Removing rm_motor.o(.rev16_text), (4 bytes).
    Removing rm_motor.o(.revsh_text), (4 bytes).
    Removing rm_motor.o(i.motor_msg_decode_6020), (192 bytes).
    Removing arm_sin_cos_f32.o(.rev16_text), (4 bytes).
    Removing arm_sin_cos_f32.o(.revsh_text), (4 bytes).
    Removing arm_sin_cos_f32.o(.rrx_text), (6 bytes).
    Removing arm_common_tables.o(.rev16_text), (4 bytes).
    Removing arm_common_tables.o(.revsh_text), (4 bytes).
    Removing arm_common_tables.o(.rrx_text), (6 bytes).
    Removing arm_common_tables.o(.constdata), (2048 bytes).
    Removing arm_common_tables.o(.constdata), (128 bytes).
    Removing arm_common_tables.o(.constdata), (256 bytes).
    Removing arm_common_tables.o(.constdata), (512 bytes).
    Removing arm_common_tables.o(.constdata), (1024 bytes).
    Removing arm_common_tables.o(.constdata), (2048 bytes).
    Removing arm_common_tables.o(.constdata), (4096 bytes).
    Removing arm_common_tables.o(.constdata), (8192 bytes).
    Removing arm_common_tables.o(.constdata), (16384 bytes).
    Removing arm_common_tables.o(.constdata), (32768 bytes).
    Removing arm_common_tables.o(.constdata), (96 bytes).
    Removing arm_common_tables.o(.constdata), (192 bytes).
    Removing arm_common_tables.o(.constdata), (384 bytes).
    Removing arm_common_tables.o(.constdata), (768 bytes).
    Removing arm_common_tables.o(.constdata), (1536 bytes).
    Removing arm_common_tables.o(.constdata), (3072 bytes).
    Removing arm_common_tables.o(.constdata), (6144 bytes).
    Removing arm_common_tables.o(.constdata), (12288 bytes).
    Removing arm_common_tables.o(.constdata), (24576 bytes).
    Removing arm_common_tables.o(.constdata), (48 bytes).
    Removing arm_common_tables.o(.constdata), (96 bytes).
    Removing arm_common_tables.o(.constdata), (192 bytes).
    Removing arm_common_tables.o(.constdata), (384 bytes).
    Removing arm_common_tables.o(.constdata), (768 bytes).
    Removing arm_common_tables.o(.constdata), (1536 bytes).
    Removing arm_common_tables.o(.constdata), (3072 bytes).
    Removing arm_common_tables.o(.constdata), (6144 bytes).
    Removing arm_common_tables.o(.constdata), (12288 bytes).
    Removing arm_common_tables.o(.constdata), (128 bytes).
    Removing arm_common_tables.o(.constdata), (256 bytes).
    Removing arm_common_tables.o(.constdata), (40 bytes).
    Removing arm_common_tables.o(.constdata), (96 bytes).
    Removing arm_common_tables.o(.constdata), (112 bytes).
    Removing arm_common_tables.o(.constdata), (416 bytes).
    Removing arm_common_tables.o(.constdata), (880 bytes).
    Removing arm_common_tables.o(.constdata), (896 bytes).
    Removing arm_common_tables.o(.constdata), (3600 bytes).
    Removing arm_common_tables.o(.constdata), (7616 bytes).
    Removing arm_common_tables.o(.constdata), (8064 bytes).
    Removing arm_common_tables.o(.constdata), (24 bytes).
    Removing arm_common_tables.o(.constdata), (48 bytes).
    Removing arm_common_tables.o(.constdata), (112 bytes).
    Removing arm_common_tables.o(.constdata), (224 bytes).
    Removing arm_common_tables.o(.constdata), (480 bytes).
    Removing arm_common_tables.o(.constdata), (960 bytes).
    Removing arm_common_tables.o(.constdata), (1984 bytes).
    Removing arm_common_tables.o(.constdata), (3968 bytes).
    Removing arm_common_tables.o(.constdata), (8064 bytes).
    Removing arm_common_tables.o(.constdata), (128 bytes).
    Removing arm_common_tables.o(.constdata), (256 bytes).
    Removing arm_common_tables.o(.constdata), (512 bytes).
    Removing arm_common_tables.o(.constdata), (1024 bytes).
    Removing arm_common_tables.o(.constdata), (2048 bytes).
    Removing arm_common_tables.o(.constdata), (4096 bytes).
    Removing arm_common_tables.o(.constdata), (8192 bytes).
    Removing arm_common_tables.o(.constdata), (16384 bytes).
    Removing arm_common_tables.o(.constdata), (2052 bytes).
    Removing arm_common_tables.o(.constdata), (1026 bytes).
    Removing dadd.o(.text), (334 bytes).
    Removing dfltui.o(.text), (26 bytes).

603 unused section(s) (total 239042 bytes) removed from the image.

==============================================================================

Image Symbol Table

    Local Symbols

    Symbol Name                              Value     Ov Type        Size  Object(Section)

    ../clib/microlib/init/entry.s            0x00000000   Number         0  entry2.o ABSOLUTE
    ../clib/microlib/init/entry.s            0x00000000   Number         0  entry10b.o ABSOLUTE
    ../clib/microlib/init/entry.s            0x00000000   Number         0  entry5.o ABSOLUTE
    ../clib/microlib/init/entry.s            0x00000000   Number         0  entry10a.o ABSOLUTE
    ../clib/microlib/init/entry.s            0x00000000   Number         0  entry9b.o ABSOLUTE
    ../clib/microlib/init/entry.s            0x00000000   Number         0  entry9a.o ABSOLUTE
    ../clib/microlib/init/entry.s            0x00000000   Number         0  entry8a.o ABSOLUTE
    ../clib/microlib/init/entry.s            0x00000000   Number         0  entry8b.o ABSOLUTE
    ../clib/microlib/init/entry.s            0x00000000   Number         0  entry.o ABSOLUTE
    ../clib/microlib/init/entry.s            0x00000000   Number         0  entry7a.o ABSOLUTE
    ../clib/microlib/init/entry.s            0x00000000   Number         0  entry11b.o ABSOLUTE
    ../clib/microlib/init/entry.s            0x00000000   Number         0  entry7b.o ABSOLUTE
    ../clib/microlib/init/entry.s            0x00000000   Number         0  entry11a.o ABSOLUTE
    ../clib/microlib/longlong.c              0x00000000   Number         0  llushr.o ABSOLUTE
    ../clib/microlib/longlong.c              0x00000000   Number         0  llsshr.o ABSOLUTE
    ../clib/microlib/longlong.c              0x00000000   Number         0  llshl.o ABSOLUTE
    ../clib/microlib/string/memcpy.c         0x00000000   Number         0  memcpya.o ABSOLUTE
    ../clib/microlib/string/memcpy.c         0x00000000   Number         0  memcpyb.o ABSOLUTE
    ../clib/microlib/string/memset.c         0x00000000   Number         0  memseta.o ABSOLUTE
    ../clib/microlib/stubs.s                 0x00000000   Number         0  iusefp.o ABSOLUTE
    ../fplib/microlib/d2f.c                  0x00000000   Number         0  d2f.o ABSOLUTE
    ../fplib/microlib/f2d.c                  0x00000000   Number         0  f2d.o ABSOLUTE
    ../fplib/microlib/fpadd.c                0x00000000   Number         0  dadd.o ABSOLUTE
    ../fplib/microlib/fpepilogue.c           0x00000000   Number         0  fepilogue.o ABSOLUTE
    ../fplib/microlib/fpepilogue.c           0x00000000   Number         0  depilogue.o ABSOLUTE
    ../fplib/microlib/fpflt.c                0x00000000   Number         0  dfltui.o ABSOLUTE
    ../fplib/microlib/fpflt.c                0x00000000   Number         0  dflti.o ABSOLUTE
    ../fplib/microlib/fpmul.c                0x00000000   Number         0  dmul.o ABSOLUTE
    ..\APP\BUZZER_task.c                     0x00000000   Number         0  buzzer_task.o ABSOLUTE
    ..\APP\CHASSIS_behave.c                  0x00000000   Number         0  chassis_behave.o ABSOLUTE
    ..\APP\CHASSIS_task.c                    0x00000000   Number         0  chassis_task.o ABSOLUTE
    ..\APP\LED_Blink_task.c                  0x00000000   Number         0  led_blink_task.o ABSOLUTE
    ..\APP\REMOTE_task.c                     0x00000000   Number         0  remote_task.o ABSOLUTE
    ..\Alhorithm\PID.c                       0x00000000   Number         0  pid.o ABSOLUTE
    ..\Alhorithm\Z_math.c                    0x00000000   Number         0  z_math.o ABSOLUTE
    ..\BSP\BSP_CAN.c                         0x00000000   Number         0  bsp_can.o ABSOLUTE
    ..\BSP\BSP_Delay.c                       0x00000000   Number         0  bsp_delay.o ABSOLUTE
    ..\BSP\BSP_LED.c                         0x00000000   Number         0  bsp_led.o ABSOLUTE
    ..\BSP\BSP_Tim.c                         0x00000000   Number         0  bsp_tim.o ABSOLUTE
    ..\BSP\BSP_Usart.c                       0x00000000   Number         0  bsp_usart.o ABSOLUTE
    ..\BSP\BSP_motor.c                       0x00000000   Number         0  bsp_motor.o ABSOLUTE
    ..\BSP\BSP_pwm.c                         0x00000000   Number         0  bsp_pwm.o ABSOLUTE
    ..\CMSIS\startup_stm32f40_41xxx.s        0x00000000   Number         0  startup_stm32f40_41xxx.o ABSOLUTE
    ..\CommonTables\arm_common_tables.c      0x00000000   Number         0  arm_common_tables.o ABSOLUTE
    ..\ControllerFunctions\arm_sin_cos_f32.c 0x00000000   Number         0  arm_sin_cos_f32.o ABSOLUTE
    ..\Drivers\src\misc.c                    0x00000000   Number         0  misc.o ABSOLUTE
    ..\Drivers\src\stm32f4xx_adc.c           0x00000000   Number         0  stm32f4xx_adc.o ABSOLUTE
    ..\Drivers\src\stm32f4xx_can.c           0x00000000   Number         0  stm32f4xx_can.o ABSOLUTE
    ..\Drivers\src\stm32f4xx_dma.c           0x00000000   Number         0  stm32f4xx_dma.o ABSOLUTE
    ..\Drivers\src\stm32f4xx_exti.c          0x00000000   Number         0  stm32f4xx_exti.o ABSOLUTE
    ..\Drivers\src\stm32f4xx_flash.c         0x00000000   Number         0  stm32f4xx_flash.o ABSOLUTE
    ..\Drivers\src\stm32f4xx_flash_ramfunc.c 0x00000000   Number         0  stm32f4xx_flash_ramfunc.o ABSOLUTE
    ..\Drivers\src\stm32f4xx_gpio.c          0x00000000   Number         0  stm32f4xx_gpio.o ABSOLUTE
    ..\Drivers\src\stm32f4xx_i2c.c           0x00000000   Number         0  stm32f4xx_i2c.o ABSOLUTE
    ..\Drivers\src\stm32f4xx_rcc.c           0x00000000   Number         0  stm32f4xx_rcc.o ABSOLUTE
    ..\Drivers\src\stm32f4xx_spi.c           0x00000000   Number         0  stm32f4xx_spi.o ABSOLUTE
    ..\Drivers\src\stm32f4xx_syscfg.c        0x00000000   Number         0  stm32f4xx_syscfg.o ABSOLUTE
    ..\Drivers\src\stm32f4xx_tim.c           0x00000000   Number         0  stm32f4xx_tim.o ABSOLUTE
    ..\Drivers\src\stm32f4xx_usart.c         0x00000000   Number         0  stm32f4xx_usart.o ABSOLUTE
    ..\RTOS\croutine.c                       0x00000000   Number         0  croutine.o ABSOLUTE
    ..\RTOS\event_groups.c                   0x00000000   Number         0  event_groups.o ABSOLUTE
    ..\RTOS\list.c                           0x00000000   Number         0  list.o ABSOLUTE
    ..\RTOS\make_task.c                      0x00000000   Number         0  make_task.o ABSOLUTE
    ..\RTOS\portable\MemMang\heap_4.c        0x00000000   Number         0  heap_4.o ABSOLUTE
    ..\RTOS\portable\RVDS\ARM_CM4F\port.c    0x00000000   Number         0  port.o ABSOLUTE
    ..\RTOS\queue.c                          0x00000000   Number         0  queue.o ABSOLUTE
    ..\RTOS\tasks.c                          0x00000000   Number         0  tasks.o ABSOLUTE
    ..\RTOS\timers.c                         0x00000000   Number         0  timers.o ABSOLUTE
    ..\\APP\\BUZZER_task.c                   0x00000000   Number         0  buzzer_task.o ABSOLUTE
    ..\\APP\\CHASSIS_behave.c                0x00000000   Number         0  chassis_behave.o ABSOLUTE
    ..\\APP\\CHASSIS_task.c                  0x00000000   Number         0  chassis_task.o ABSOLUTE
    ..\\APP\\LED_Blink_task.c                0x00000000   Number         0  led_blink_task.o ABSOLUTE
    ..\\APP\\REMOTE_task.c                   0x00000000   Number         0  remote_task.o ABSOLUTE
    ..\\Alhorithm\\PID.c                     0x00000000   Number         0  pid.o ABSOLUTE
    ..\\BSP\\BSP_CAN.c                       0x00000000   Number         0  bsp_can.o ABSOLUTE
    ..\\BSP\\BSP_Delay.c                     0x00000000   Number         0  bsp_delay.o ABSOLUTE
    ..\\BSP\\BSP_LED.c                       0x00000000   Number         0  bsp_led.o ABSOLUTE
    ..\\BSP\\BSP_Tim.c                       0x00000000   Number         0  bsp_tim.o ABSOLUTE
    ..\\BSP\\BSP_Usart.c                     0x00000000   Number         0  bsp_usart.o ABSOLUTE
    ..\\BSP\\BSP_motor.c                     0x00000000   Number         0  bsp_motor.o ABSOLUTE
    ..\\BSP\\BSP_pwm.c                       0x00000000   Number         0  bsp_pwm.o ABSOLUTE
    ..\\CommonTables\\arm_common_tables.c    0x00000000   Number         0  arm_common_tables.o ABSOLUTE
    ..\\ControllerFunctions\\arm_sin_cos_f32.c 0x00000000   Number         0  arm_sin_cos_f32.o ABSOLUTE
    ..\\Drivers\\src\\misc.c                 0x00000000   Number         0  misc.o ABSOLUTE
    ..\\Drivers\\src\\stm32f4xx_adc.c        0x00000000   Number         0  stm32f4xx_adc.o ABSOLUTE
    ..\\Drivers\\src\\stm32f4xx_can.c        0x00000000   Number         0  stm32f4xx_can.o ABSOLUTE
    ..\\Drivers\\src\\stm32f4xx_dma.c        0x00000000   Number         0  stm32f4xx_dma.o ABSOLUTE
    ..\\Drivers\\src\\stm32f4xx_exti.c       0x00000000   Number         0  stm32f4xx_exti.o ABSOLUTE
    ..\\Drivers\\src\\stm32f4xx_flash.c      0x00000000   Number         0  stm32f4xx_flash.o ABSOLUTE
    ..\\Drivers\\src\\stm32f4xx_flash_ramfunc.c 0x00000000   Number         0  stm32f4xx_flash_ramfunc.o ABSOLUTE
    ..\\Drivers\\src\\stm32f4xx_gpio.c       0x00000000   Number         0  stm32f4xx_gpio.o ABSOLUTE
    ..\\Drivers\\src\\stm32f4xx_i2c.c        0x00000000   Number         0  stm32f4xx_i2c.o ABSOLUTE
    ..\\Drivers\\src\\stm32f4xx_rcc.c        0x00000000   Number         0  stm32f4xx_rcc.o ABSOLUTE
    ..\\Drivers\\src\\stm32f4xx_spi.c        0x00000000   Number         0  stm32f4xx_spi.o ABSOLUTE
    ..\\Drivers\\src\\stm32f4xx_syscfg.c     0x00000000   Number         0  stm32f4xx_syscfg.o ABSOLUTE
    ..\\Drivers\\src\\stm32f4xx_tim.c        0x00000000   Number         0  stm32f4xx_tim.o ABSOLUTE
    ..\\Drivers\\src\\stm32f4xx_usart.c      0x00000000   Number         0  stm32f4xx_usart.o ABSOLUTE
    ..\\RTOS\\make_task.c                    0x00000000   Number         0  make_task.o ABSOLUTE
    ..\\RTOS\\portable\\RVDS\\ARM_CM4F\\port.c 0x00000000   Number         0  port.o ABSOLUTE
    ..\\exti_driver\\RM_motor.c              0x00000000   Number         0  rm_motor.o ABSOLUTE
    ..\exti_driver\RM_motor.c                0x00000000   Number         0  rm_motor.o ABSOLUTE
    dc.s                                     0x00000000   Number         0  dc.o ABSOLUTE
    handlers.s                               0x00000000   Number         0  handlers.o ABSOLUTE
    init.s                                   0x00000000   Number         0  init.o ABSOLUTE
    main.c                                   0x00000000   Number         0  main.o ABSOLUTE
    main.c                                   0x00000000   Number         0  main.o ABSOLUTE
    stm32f4xx_it.c                           0x00000000   Number         0  stm32f4xx_it.o ABSOLUTE
    stm32f4xx_it.c                           0x00000000   Number         0  stm32f4xx_it.o ABSOLUTE
    system_stm32f4xx.c                       0x00000000   Number         0  system_stm32f4xx.o ABSOLUTE
    system_stm32f4xx.c                       0x00000000   Number         0  system_stm32f4xx.o ABSOLUTE
    RESET                                    0x08000000   Section      392  startup_stm32f40_41xxx.o(RESET)
    .ARM.Collect$$$$00000000                 0x08000188   Section        0  entry.o(.ARM.Collect$$$$00000000)
    .ARM.Collect$$$$00000001                 0x08000188   Section        4  entry2.o(.ARM.Collect$$$$00000001)
    .ARM.Collect$$$$00000004                 0x0800018c   Section        4  entry5.o(.ARM.Collect$$$$00000004)
    .ARM.Collect$$$$00000008                 0x08000190   Section        0  entry7b.o(.ARM.Collect$$$$00000008)
    .ARM.Collect$$$$0000000A                 0x08000190   Section        0  entry8b.o(.ARM.Collect$$$$0000000A)
    .ARM.Collect$$$$0000000B                 0x08000190   Section        8  entry9a.o(.ARM.Collect$$$$0000000B)
    .ARM.Collect$$$$0000000D                 0x08000198   Section        0  entry10a.o(.ARM.Collect$$$$0000000D)
    .ARM.Collect$$$$0000000F                 0x08000198   Section        0  entry11a.o(.ARM.Collect$$$$0000000F)
    .ARM.Collect$$$$00002712                 0x08000198   Section        4  entry2.o(.ARM.Collect$$$$00002712)
    __lit__00000000                          0x08000198   Data           4  entry2.o(.ARM.Collect$$$$00002712)
    .emb_text                                0x0800019c   Section      190  port.o(.emb_text)
    $v0                                      0x0800019c   Number         0  port.o(.emb_text)
    .text                                    0x0800025c   Section       36  startup_stm32f40_41xxx.o(.text)
    $v0                                      0x0800025c   Number         0  startup_stm32f40_41xxx.o(.text)
    .text                                    0x08000280   Section        0  arm_sin_cos_f32.o(.text)
    .text                                    0x08000384   Section        0  memcpya.o(.text)
    .text                                    0x080003a8   Section        0  memseta.o(.text)
    .text                                    0x080003cc   Section        0  dmul.o(.text)
    .text                                    0x080004b0   Section        0  dflti.o(.text)
    .text                                    0x080004d2   Section        0  f2d.o(.text)
    .text                                    0x080004f8   Section        0  d2f.o(.text)
    .text                                    0x08000530   Section        0  llshl.o(.text)
    .text                                    0x0800054e   Section        0  iusefp.o(.text)
    .text                                    0x0800054e   Section        0  fepilogue.o(.text)
    .text                                    0x080005bc   Section        0  depilogue.o(.text)
    .text                                    0x08000678   Section       36  init.o(.text)
    .text                                    0x0800069c   Section        0  llushr.o(.text)
    i.BusFault_Handler                       0x080006bc   Section        0  stm32f4xx_it.o(i.BusFault_Handler)
    i.CAN1_RX0_IRQHandler                    0x080006c0   Section        0  remote_task.o(i.CAN1_RX0_IRQHandler)
    i.CAN1_init                              0x0800073c   Section        0  bsp_can.o(i.CAN1_init)
    i.CAN2_RX0_IRQHandler                    0x08000818   Section        0  bsp_motor.o(i.CAN2_RX0_IRQHandler)
    i.CAN2_init                              0x0800085c   Section        0  bsp_can.o(i.CAN2_init)
    i.CAN_ClearITPendingBit                  0x0800093c   Section        0  stm32f4xx_can.o(i.CAN_ClearITPendingBit)
    i.CAN_FilterInit                         0x080009d8   Section        0  stm32f4xx_can.o(i.CAN_FilterInit)
    i.CAN_GetITStatus                        0x08000ac8   Section        0  stm32f4xx_can.o(i.CAN_GetITStatus)
    i.CAN_ITConfig                           0x08000bd8   Section        0  stm32f4xx_can.o(i.CAN_ITConfig)
    i.CAN_Init                               0x08000be8   Section        0  stm32f4xx_can.o(i.CAN_Init)
    i.CAN_Receive                            0x08000cdc   Section        0  stm32f4xx_can.o(i.CAN_Receive)
    i.CAN_Transmit                           0x08000d90   Section        0  stm32f4xx_can.o(i.CAN_Transmit)
    i.CAN_TransmitStatus                     0x08000e54   Section        0  stm32f4xx_can.o(i.CAN_TransmitStatus)
    i.Chassis_task                           0x08000ed0   Section        0  chassis_task.o(i.Chassis_task)
    i.DMA_Init                               0x0800111c   Section        0  stm32f4xx_dma.o(i.DMA_Init)
    i.DebugMon_Handler                       0x08001194   Section        0  stm32f4xx_it.o(i.DebugMon_Handler)
    i.GPIO_Init                              0x08001198   Section        0  stm32f4xx_gpio.o(i.GPIO_Init)
    i.GPIO_PinAFConfig                       0x08001232   Section        0  stm32f4xx_gpio.o(i.GPIO_PinAFConfig)
    i.GPIO_ResetBits                         0x08001254   Section        0  stm32f4xx_gpio.o(i.GPIO_ResetBits)
    i.GPIO_SetBits                           0x08001258   Section        0  stm32f4xx_gpio.o(i.GPIO_SetBits)
    i.HardFault_Handler                      0x0800125c   Section        0  stm32f4xx_it.o(i.HardFault_Handler)
    i.LED_init                               0x08001260   Section        0  bsp_led.o(i.LED_init)
    i.MemManage_Handler                      0x080012d0   Section        0  stm32f4xx_it.o(i.MemManage_Handler)
    i.NMI_Handler                            0x080012d2   Section        0  stm32f4xx_it.o(i.NMI_Handler)
    i.NVIC_Init                              0x080012d4   Section        0  misc.o(i.NVIC_Init)
    i.NVIC_PriorityGroupConfig               0x08001344   Section        0  misc.o(i.NVIC_PriorityGroupConfig)
    i.PID_Init                               0x08001358   Section        0  pid.o(i.PID_Init)
    i.PID_cale                               0x08001380   Section        0  pid.o(i.PID_cale)
    i.RCC_AHB1PeriphClockCmd                 0x08001434   Section        0  stm32f4xx_rcc.o(i.RCC_AHB1PeriphClockCmd)
    i.RCC_APB1PeriphClockCmd                 0x0800144c   Section        0  stm32f4xx_rcc.o(i.RCC_APB1PeriphClockCmd)
    i.RCC_APB2PeriphClockCmd                 0x08001464   Section        0  stm32f4xx_rcc.o(i.RCC_APB2PeriphClockCmd)
    i.RCC_GetClocksFreq                      0x0800147c   Section        0  stm32f4xx_rcc.o(i.RCC_GetClocksFreq)
    i.RM_motor_send                          0x08001528   Section        0  rm_motor.o(i.RM_motor_send)
    i.SysTick_Handler                        0x08001590   Section        0  port.o(i.SysTick_Handler)
    i.SystemInit                             0x080015bc   Section        0  system_stm32f4xx.o(i.SystemInit)
    i.TIM3_IRQHandler                        0x080016c0   Section        0  bsp_tim.o(i.TIM3_IRQHandler)
    i.TIM5_IRQHandler                        0x080016e4   Section        0  bsp_tim.o(i.TIM5_IRQHandler)
    i.TIM_ClearITPendingBit                  0x08001768   Section        0  stm32f4xx_tim.o(i.TIM_ClearITPendingBit)
    i.TIM_Cmd                                0x0800176e   Section        0  stm32f4xx_tim.o(i.TIM_Cmd)
    i.TIM_GetCapture1                        0x08001780   Section        0  stm32f4xx_tim.o(i.TIM_GetCapture1)
    i.TIM_GetITStatus                        0x08001784   Section        0  stm32f4xx_tim.o(i.TIM_GetITStatus)
    i.TIM_OC1PolarityConfig                  0x0800179a   Section        0  stm32f4xx_tim.o(i.TIM_OC1PolarityConfig)
    i.TIM_SetCompare3                        0x080017a6   Section        0  stm32f4xx_tim.o(i.TIM_SetCompare3)
    i.TIM_SetCounter                         0x080017aa   Section        0  stm32f4xx_tim.o(i.TIM_SetCounter)
    i.USART1_Init                            0x080017b0   Section        0  bsp_usart.o(i.USART1_Init)
    i.USART_Cmd                              0x080018e8   Section        0  stm32f4xx_usart.o(i.USART_Cmd)
    i.USART_DMACmd                           0x080018fa   Section        0  stm32f4xx_usart.o(i.USART_DMACmd)
    i.USART_ITConfig                         0x0800190a   Section        0  stm32f4xx_usart.o(i.USART_ITConfig)
    i.USART_Init                             0x0800193c   Section        0  stm32f4xx_usart.o(i.USART_Init)
    i.UsageFault_Handler                     0x080019f4   Section        0  stm32f4xx_it.o(i.UsageFault_Handler)
    i.__scatterload_copy                     0x080019f6   Section       14  handlers.o(i.__scatterload_copy)
    i.__scatterload_null                     0x08001a04   Section        2  handlers.o(i.__scatterload_null)
    i.__scatterload_zeroinit                 0x08001a06   Section       14  handlers.o(i.__scatterload_zeroinit)
    i.buzzer_task                            0x08001a14   Section        0  buzzer_task.o(i.buzzer_task)
    i.chassis_follow_gym_solve               0x08001a60   Section        0  chassis_behave.o(i.chassis_follow_gym_solve)
    i.chassis_revolve_solve                  0x08001aec   Section        0  chassis_behave.o(i.chassis_revolve_solve)
    i.chassis_zero_solve                     0x08001b5c   Section        0  chassis_behave.o(i.chassis_zero_solve)
    i.create_task                            0x08001b64   Section        0  make_task.o(i.create_task)
    i.get_angle_p                            0x08001bdc   Section        0  remote_task.o(i.get_angle_p)
    i.get_speed_set_p                        0x08001be4   Section        0  remote_task.o(i.get_speed_set_p)
    i.led_task                               0x08001bec   Section        0  led_blink_task.o(i.led_task)
    i.main                                   0x08001d7c   Section        0  main.o(i.main)
    i.motor_msg_decode_3508                  0x08001da0   Section        0  rm_motor.o(i.motor_msg_decode_3508)
    i.prvAddCurrentTaskToDelayedList         0x08001dec   Section        0  tasks.o(i.prvAddCurrentTaskToDelayedList)
    prvAddCurrentTaskToDelayedList           0x08001ded   Thumb Code   136  tasks.o(i.prvAddCurrentTaskToDelayedList)
    i.prvIdleTask                            0x08001e7c   Section        0  tasks.o(i.prvIdleTask)
    prvIdleTask                              0x08001e7d   Thumb Code    88  tasks.o(i.prvIdleTask)
    i.prvProcessExpiredTimer                 0x08001ee0   Section        0  timers.o(i.prvProcessExpiredTimer)
    prvProcessExpiredTimer                   0x08001ee1   Thumb Code   156  timers.o(i.prvProcessExpiredTimer)
    i.prvSampleTimeNow                       0x08001f80   Section        0  timers.o(i.prvSampleTimeNow)
    prvSampleTimeNow                         0x08001f81   Thumb Code   208  timers.o(i.prvSampleTimeNow)
    i.prvTaskExitError                       0x08002054   Section        0  port.o(i.prvTaskExitError)
    prvTaskExitError                         0x08002055   Thumb Code    38  port.o(i.prvTaskExitError)
    i.prvTimerTask                           0x08002080   Section        0  timers.o(i.prvTimerTask)
    prvTimerTask                             0x08002081   Thumb Code   706  timers.o(i.prvTimerTask)
    i.prvUnlockQueue                         0x0800234c   Section        0  queue.o(i.prvUnlockQueue)
    prvUnlockQueue                           0x0800234d   Thumb Code   108  queue.o(i.prvUnlockQueue)
    i.pvPortMalloc                           0x080023b8   Section        0  heap_4.o(i.pvPortMalloc)
    i.pxPortInitialiseStack                  0x08002520   Section        0  port.o(i.pxPortInitialiseStack)
    i.uxListRemove                           0x0800254c   Section        0  list.o(i.uxListRemove)
    i.vListInitialise                        0x08002572   Section        0  list.o(i.vListInitialise)
    i.vListInitialiseItem                    0x08002588   Section        0  list.o(i.vListInitialiseItem)
    i.vListInsert                            0x08002590   Section        0  list.o(i.vListInsert)
    i.vPortEnterCritical                     0x080025cc   Section        0  port.o(i.vPortEnterCritical)
    i.vPortExitCritical                      0x0800260c   Section        0  port.o(i.vPortExitCritical)
    i.vPortFree                              0x08002638   Section        0  heap_4.o(i.vPortFree)
    i.vPortSetupTimerInterrupt               0x080026e0   Section        0  port.o(i.vPortSetupTimerInterrupt)
    i.vQueueAddToRegistry                    0x08002704   Section        0  queue.o(i.vQueueAddToRegistry)
    i.vQueueWaitForMessageRestricted         0x0800275c   Section        0  queue.o(i.vQueueWaitForMessageRestricted)
    i.vTaskDelay                             0x080027a8   Section        0  tasks.o(i.vTaskDelay)
    i.vTaskInternalSetTimeOutState           0x080027f4   Section        0  tasks.o(i.vTaskInternalSetTimeOutState)
    i.vTaskMissedYield                       0x08002804   Section        0  tasks.o(i.vTaskMissedYield)
    i.vTaskPlaceOnEventList                  0x08002810   Section        0  tasks.o(i.vTaskPlaceOnEventList)
    i.vTaskPlaceOnEventListRestricted        0x08002844   Section        0  tasks.o(i.vTaskPlaceOnEventListRestricted)
    i.vTaskStartScheduler                    0x08002898   Section        0  tasks.o(i.vTaskStartScheduler)
    i.vTaskSuspendAll                        0x08002910   Section        0  tasks.o(i.vTaskSuspendAll)
    i.vTaskSwitchContext                     0x08002920   Section        0  tasks.o(i.vTaskSwitchContext)
    i.xPortStartScheduler                    0x0800297c   Section        0  port.o(i.xPortStartScheduler)
    i.xQueueGenericCreate                    0x08002a80   Section        0  queue.o(i.xQueueGenericCreate)
    i.xQueueReceive                          0x08002b30   Section        0  queue.o(i.xQueueReceive)
    i.xTaskCheckForTimeOut                   0x08002c88   Section        0  tasks.o(i.xTaskCheckForTimeOut)
    i.xTaskCreate                            0x08002d10   Section        0  tasks.o(i.xTaskCreate)
    i.xTaskGetSchedulerState                 0x08002ec4   Section        0  tasks.o(i.xTaskGetSchedulerState)
    i.xTaskGetTickCount                      0x08002ee0   Section        0  tasks.o(i.xTaskGetTickCount)
    i.xTaskIncrementTick                     0x08002eec   Section        0  tasks.o(i.xTaskIncrementTick)
    i.xTaskRemoveFromEventList               0x08003074   Section        0  tasks.o(i.xTaskRemoveFromEventList)
    i.xTaskResumeAll                         0x08003164   Section        0  tasks.o(i.xTaskResumeAll)
    i.xTimerCreateTimerTask                  0x080032b4   Section        0  timers.o(i.xTimerCreateTimerTask)
    .constdata                               0x08003348   Section     2052  arm_common_tables.o(.constdata)
    .data                                    0x20000000   Section       20  system_stm32f4xx.o(.data)
    .data                                    0x20000014   Section       16  stm32f4xx_rcc.o(.data)
    APBAHBPrescTable                         0x20000014   Data          16  stm32f4xx_rcc.o(.data)
    .data                                    0x20000024   Section        9  led_blink_task.o(.data)
    .data                                    0x2000002d   Section       16  remote_task.o(.data)
    .data                                    0x2000003d   Section        1  bsp_usart.o(.data)
    .data                                    0x20000040   Section        8  bsp_tim.o(.data)
    .data                                    0x20000048   Section       64  tasks.o(.data)
    uxDeletedTasksWaitingCleanUp             0x2000004c   Data           4  tasks.o(.data)
    uxCurrentNumberOfTasks                   0x20000050   Data           4  tasks.o(.data)
    xTickCount                               0x20000054   Data           4  tasks.o(.data)
    uxTopReadyPriority                       0x20000058   Data           4  tasks.o(.data)
    xSchedulerRunning                        0x2000005c   Data           4  tasks.o(.data)
    xPendedTicks                             0x20000060   Data           4  tasks.o(.data)
    xYieldPending                            0x20000064   Data           4  tasks.o(.data)
    xNumOfOverflows                          0x20000068   Data           4  tasks.o(.data)
    uxTaskNumber                             0x2000006c   Data           4  tasks.o(.data)
    xNextTaskUnblockTime                     0x20000070   Data           4  tasks.o(.data)
    xIdleTaskHandle                          0x20000074   Data           4  tasks.o(.data)
    uxSchedulerSuspended                     0x2000007c   Data           4  tasks.o(.data)
    pxDelayedTaskList                        0x20000080   Data           4  tasks.o(.data)
    pxOverflowDelayedTaskList                0x20000084   Data           4  tasks.o(.data)
    .data                                    0x20000088   Section       20  timers.o(.data)
    xTimerQueue                              0x20000088   Data           4  timers.o(.data)
    xTimerTaskHandle                         0x2000008c   Data           4  timers.o(.data)
    xLastTime                                0x20000090   Data           4  timers.o(.data)
    pxCurrentTimerList                       0x20000094   Data           4  timers.o(.data)
    pxOverflowTimerList                      0x20000098   Data           4  timers.o(.data)
    .data                                    0x2000009c   Section       28  heap_4.o(.data)
    pxEnd                                    0x2000009c   Data           4  heap_4.o(.data)
    xFreeBytesRemaining                      0x200000a0   Data           4  heap_4.o(.data)
    xMinimumEverFreeBytesRemaining           0x200000a4   Data           4  heap_4.o(.data)
    xNumberOfSuccessfulAllocations           0x200000a8   Data           4  heap_4.o(.data)
    xNumberOfSuccessfulFrees                 0x200000ac   Data           4  heap_4.o(.data)
    xStart                                   0x200000b0   Data           8  heap_4.o(.data)
    .data                                    0x200000b8   Section       12  port.o(.data)
    ucMaxSysCallPriority                     0x200000b8   Data           1  port.o(.data)
    uxCriticalNesting                        0x200000bc   Data           4  port.o(.data)
    ulMaxPRIGROUPValue                       0x200000c0   Data           4  port.o(.data)
    .bss                                     0x200000c4   Section       28  led_blink_task.o(.bss)
    time_list                                0x200000c4   Data          28  led_blink_task.o(.bss)
    .bss                                     0x200000e0   Section      512  chassis_task.o(.bss)
    .bss                                     0x200002e0   Section       34  bsp_usart.o(.bss)
    .bss                                     0x20000304   Section       64  queue.o(.bss)
    .bss                                     0x20000344   Section      200  tasks.o(.bss)
    pxReadyTasksLists                        0x20000344   Data         100  tasks.o(.bss)
    xDelayedTaskList1                        0x200003a8   Data          20  tasks.o(.bss)
    xDelayedTaskList2                        0x200003bc   Data          20  tasks.o(.bss)
    xPendingReadyList                        0x200003d0   Data          20  tasks.o(.bss)
    xTasksWaitingTermination                 0x200003e4   Data          20  tasks.o(.bss)
    xSuspendedTaskList                       0x200003f8   Data          20  tasks.o(.bss)
    .bss                                     0x2000040c   Section       40  timers.o(.bss)
    xActiveTimerList1                        0x2000040c   Data          20  timers.o(.bss)
    xActiveTimerList2                        0x20000420   Data          20  timers.o(.bss)
    .bss                                     0x20000434   Section    76800  heap_4.o(.bss)
    ucHeap                                   0x20000434   Data       76800  heap_4.o(.bss)
    STACK                                    0x20013038   Section     1024  startup_stm32f40_41xxx.o(STACK)

    Global Symbols

    Symbol Name                              Value     Ov Type        Size  Object(Section)

    BuildAttributes$$THM_ISAv4$E$P$D$K$B$S$7EM$VFPi3$EXTD16$VFPS$VFMA$PE$A:L22UL41UL21$X:L11$S22US41US21$IEEE1$IW$USESV6$~STKCKD$USESV7$~SHL$OTIME$ROPI$IEEEX$EBA8$MICROLIB$REQ8$PRES8$EABIv2 0x00000000   Number         0  anon$$obj.o ABSOLUTE
    __ARM_use_no_argv                        0x00000000   Number         0  main.o ABSOLUTE
    __cpp_initialize__aeabi_                  - Undefined Weak Reference
    __cxa_finalize                            - Undefined Weak Reference
    __decompress                              - Undefined Weak Reference
    _clock_init                               - Undefined Weak Reference
    _microlib_exit                            - Undefined Weak Reference
    __Vectors_Size                           0x00000188   Number         0  startup_stm32f40_41xxx.o ABSOLUTE
    __Vectors                                0x08000000   Data           4  startup_stm32f40_41xxx.o(RESET)
    __Vectors_End                            0x08000188   Data           0  startup_stm32f40_41xxx.o(RESET)
    __main                                   0x08000189   Thumb Code     0  entry.o(.ARM.Collect$$$$00000000)
    _main_stk                                0x08000189   Thumb Code     0  entry2.o(.ARM.Collect$$$$00000001)
    _main_scatterload                        0x0800018d   Thumb Code     0  entry5.o(.ARM.Collect$$$$00000004)
    __main_after_scatterload                 0x08000191   Thumb Code     0  entry5.o(.ARM.Collect$$$$00000004)
    _main_clock                              0x08000191   Thumb Code     0  entry7b.o(.ARM.Collect$$$$00000008)
    _main_cpp_init                           0x08000191   Thumb Code     0  entry8b.o(.ARM.Collect$$$$0000000A)
    _main_init                               0x08000191   Thumb Code     0  entry9a.o(.ARM.Collect$$$$0000000B)
    __rt_final_cpp                           0x08000199   Thumb Code     0  entry10a.o(.ARM.Collect$$$$0000000D)
    __rt_final_exit                          0x08000199   Thumb Code     0  entry11a.o(.ARM.Collect$$$$0000000F)
    SVC_Handler                              0x0800019d   Thumb Code    28  port.o(.emb_text)
    __asm___6_port_c_39a90d8d__prvStartFirstTask 0x080001bd   Thumb Code    36  port.o(.emb_text)
    __asm___6_port_c_39a90d8d__prvEnableVFP  0x080001e5   Thumb Code    16  port.o(.emb_text)
    PendSV_Handler                           0x080001f9   Thumb Code    88  port.o(.emb_text)
    vPortGetIPSR                             0x08000255   Thumb Code     6  port.o(.emb_text)
    Reset_Handler                            0x0800025d   Thumb Code     8  startup_stm32f40_41xxx.o(.text)
    ADC_IRQHandler                           0x08000277   Thumb Code     0  startup_stm32f40_41xxx.o(.text)
    CAN1_RX1_IRQHandler                      0x08000277   Thumb Code     0  startup_stm32f40_41xxx.o(.text)
    CAN1_SCE_IRQHandler                      0x08000277   Thumb Code     0  startup_stm32f40_41xxx.o(.text)
    CAN1_TX_IRQHandler                       0x08000277   Thumb Code     0  startup_stm32f40_41xxx.o(.text)
    CAN2_RX1_IRQHandler                      0x08000277   Thumb Code     0  startup_stm32f40_41xxx.o(.text)
    CAN2_SCE_IRQHandler                      0x08000277   Thumb Code     0  startup_stm32f40_41xxx.o(.text)
    CAN2_TX_IRQHandler                       0x08000277   Thumb Code     0  startup_stm32f40_41xxx.o(.text)
    CRYP_IRQHandler                          0x08000277   Thumb Code     0  startup_stm32f40_41xxx.o(.text)
    DCMI_IRQHandler                          0x08000277   Thumb Code     0  startup_stm32f40_41xxx.o(.text)
    DMA1_Stream0_IRQHandler                  0x08000277   Thumb Code     0  startup_stm32f40_41xxx.o(.text)
    DMA1_Stream1_IRQHandler                  0x08000277   Thumb Code     0  startup_stm32f40_41xxx.o(.text)
    DMA1_Stream2_IRQHandler                  0x08000277   Thumb Code     0  startup_stm32f40_41xxx.o(.text)
    DMA1_Stream3_IRQHandler                  0x08000277   Thumb Code     0  startup_stm32f40_41xxx.o(.text)
    DMA1_Stream4_IRQHandler                  0x08000277   Thumb Code     0  startup_stm32f40_41xxx.o(.text)
    DMA1_Stream5_IRQHandler                  0x08000277   Thumb Code     0  startup_stm32f40_41xxx.o(.text)
    DMA1_Stream6_IRQHandler                  0x08000277   Thumb Code     0  startup_stm32f40_41xxx.o(.text)
    DMA1_Stream7_IRQHandler                  0x08000277   Thumb Code     0  startup_stm32f40_41xxx.o(.text)
    DMA2_Stream0_IRQHandler                  0x08000277   Thumb Code     0  startup_stm32f40_41xxx.o(.text)
    DMA2_Stream1_IRQHandler                  0x08000277   Thumb Code     0  startup_stm32f40_41xxx.o(.text)
    DMA2_Stream2_IRQHandler                  0x08000277   Thumb Code     0  startup_stm32f40_41xxx.o(.text)
    DMA2_Stream3_IRQHandler                  0x08000277   Thumb Code     0  startup_stm32f40_41xxx.o(.text)
    DMA2_Stream4_IRQHandler                  0x08000277   Thumb Code     0  startup_stm32f40_41xxx.o(.text)
    DMA2_Stream5_IRQHandler                  0x08000277   Thumb Code     0  startup_stm32f40_41xxx.o(.text)
    DMA2_Stream6_IRQHandler                  0x08000277   Thumb Code     0  startup_stm32f40_41xxx.o(.text)
    DMA2_Stream7_IRQHandler                  0x08000277   Thumb Code     0  startup_stm32f40_41xxx.o(.text)
    ETH_IRQHandler                           0x08000277   Thumb Code     0  startup_stm32f40_41xxx.o(.text)
    ETH_WKUP_IRQHandler                      0x08000277   Thumb Code     0  startup_stm32f40_41xxx.o(.text)
    EXTI0_IRQHandler                         0x08000277   Thumb Code     0  startup_stm32f40_41xxx.o(.text)
    EXTI15_10_IRQHandler                     0x08000277   Thumb Code     0  startup_stm32f40_41xxx.o(.text)
    EXTI1_IRQHandler                         0x08000277   Thumb Code     0  startup_stm32f40_41xxx.o(.text)
    EXTI2_IRQHandler                         0x08000277   Thumb Code     0  startup_stm32f40_41xxx.o(.text)
    EXTI3_IRQHandler                         0x08000277   Thumb Code     0  startup_stm32f40_41xxx.o(.text)
    EXTI4_IRQHandler                         0x08000277   Thumb Code     0  startup_stm32f40_41xxx.o(.text)
    EXTI9_5_IRQHandler                       0x08000277   Thumb Code     0  startup_stm32f40_41xxx.o(.text)
    FLASH_IRQHandler                         0x08000277   Thumb Code     0  startup_stm32f40_41xxx.o(.text)
    FPU_IRQHandler                           0x08000277   Thumb Code     0  startup_stm32f40_41xxx.o(.text)
    FSMC_IRQHandler                          0x08000277   Thumb Code     0  startup_stm32f40_41xxx.o(.text)
    HASH_RNG_IRQHandler                      0x08000277   Thumb Code     0  startup_stm32f40_41xxx.o(.text)
    I2C1_ER_IRQHandler                       0x08000277   Thumb Code     0  startup_stm32f40_41xxx.o(.text)
    I2C1_EV_IRQHandler                       0x08000277   Thumb Code     0  startup_stm32f40_41xxx.o(.text)
    I2C2_ER_IRQHandler                       0x08000277   Thumb Code     0  startup_stm32f40_41xxx.o(.text)
    I2C2_EV_IRQHandler                       0x08000277   Thumb Code     0  startup_stm32f40_41xxx.o(.text)
    I2C3_ER_IRQHandler                       0x08000277   Thumb Code     0  startup_stm32f40_41xxx.o(.text)
    I2C3_EV_IRQHandler                       0x08000277   Thumb Code     0  startup_stm32f40_41xxx.o(.text)
    OTG_FS_IRQHandler                        0x08000277   Thumb Code     0  startup_stm32f40_41xxx.o(.text)
    OTG_FS_WKUP_IRQHandler                   0x08000277   Thumb Code     0  startup_stm32f40_41xxx.o(.text)
    OTG_HS_EP1_IN_IRQHandler                 0x08000277   Thumb Code     0  startup_stm32f40_41xxx.o(.text)
    OTG_HS_EP1_OUT_IRQHandler                0x08000277   Thumb Code     0  startup_stm32f40_41xxx.o(.text)
    OTG_HS_IRQHandler                        0x08000277   Thumb Code     0  startup_stm32f40_41xxx.o(.text)
    OTG_HS_WKUP_IRQHandler                   0x08000277   Thumb Code     0  startup_stm32f40_41xxx.o(.text)
    PVD_IRQHandler                           0x08000277   Thumb Code     0  startup_stm32f40_41xxx.o(.text)
    RCC_IRQHandler                           0x08000277   Thumb Code     0  startup_stm32f40_41xxx.o(.text)
    RTC_Alarm_IRQHandler                     0x08000277   Thumb Code     0  startup_stm32f40_41xxx.o(.text)
    RTC_WKUP_IRQHandler                      0x08000277   Thumb Code     0  startup_stm32f40_41xxx.o(.text)
    SDIO_IRQHandler                          0x08000277   Thumb Code     0  startup_stm32f40_41xxx.o(.text)
    SPI1_IRQHandler                          0x08000277   Thumb Code     0  startup_stm32f40_41xxx.o(.text)
    SPI2_IRQHandler                          0x08000277   Thumb Code     0  startup_stm32f40_41xxx.o(.text)
    SPI3_IRQHandler                          0x08000277   Thumb Code     0  startup_stm32f40_41xxx.o(.text)
    TAMP_STAMP_IRQHandler                    0x08000277   Thumb Code     0  startup_stm32f40_41xxx.o(.text)
    TIM1_BRK_TIM9_IRQHandler                 0x08000277   Thumb Code     0  startup_stm32f40_41xxx.o(.text)
    TIM1_CC_IRQHandler                       0x08000277   Thumb Code     0  startup_stm32f40_41xxx.o(.text)
    TIM1_TRG_COM_TIM11_IRQHandler            0x08000277   Thumb Code     0  startup_stm32f40_41xxx.o(.text)
    TIM1_UP_TIM10_IRQHandler                 0x08000277   Thumb Code     0  startup_stm32f40_41xxx.o(.text)
    TIM2_IRQHandler                          0x08000277   Thumb Code     0  startup_stm32f40_41xxx.o(.text)
    TIM4_IRQHandler                          0x08000277   Thumb Code     0  startup_stm32f40_41xxx.o(.text)
    TIM6_DAC_IRQHandler                      0x08000277   Thumb Code     0  startup_stm32f40_41xxx.o(.text)
    TIM7_IRQHandler                          0x08000277   Thumb Code     0  startup_stm32f40_41xxx.o(.text)
    TIM8_BRK_TIM12_IRQHandler                0x08000277   Thumb Code     0  startup_stm32f40_41xxx.o(.text)
    TIM8_CC_IRQHandler                       0x08000277   Thumb Code     0  startup_stm32f40_41xxx.o(.text)
    TIM8_TRG_COM_TIM14_IRQHandler            0x08000277   Thumb Code     0  startup_stm32f40_41xxx.o(.text)
    TIM8_UP_TIM13_IRQHandler                 0x08000277   Thumb Code     0  startup_stm32f40_41xxx.o(.text)
    UART4_IRQHandler                         0x08000277   Thumb Code     0  startup_stm32f40_41xxx.o(.text)
    UART5_IRQHandler                         0x08000277   Thumb Code     0  startup_stm32f40_41xxx.o(.text)
    USART1_IRQHandler                        0x08000277   Thumb Code     0  startup_stm32f40_41xxx.o(.text)
    USART2_IRQHandler                        0x08000277   Thumb Code     0  startup_stm32f40_41xxx.o(.text)
    USART3_IRQHandler                        0x08000277   Thumb Code     0  startup_stm32f40_41xxx.o(.text)
    USART6_IRQHandler                        0x08000277   Thumb Code     0  startup_stm32f40_41xxx.o(.text)
    WWDG_IRQHandler                          0x08000277   Thumb Code     0  startup_stm32f40_41xxx.o(.text)
    arm_sin_cos_f32                          0x08000281   Thumb Code   242  arm_sin_cos_f32.o(.text)
    __aeabi_memcpy                           0x08000385   Thumb Code    36  memcpya.o(.text)
    __aeabi_memcpy4                          0x08000385   Thumb Code     0  memcpya.o(.text)
    __aeabi_memcpy8                          0x08000385   Thumb Code     0  memcpya.o(.text)
    __aeabi_memset                           0x080003a9   Thumb Code    14  memseta.o(.text)
    __aeabi_memset4                          0x080003a9   Thumb Code     0  memseta.o(.text)
    __aeabi_memset8                          0x080003a9   Thumb Code     0  memseta.o(.text)
    __aeabi_memclr                           0x080003b7   Thumb Code     4  memseta.o(.text)
    __aeabi_memclr4                          0x080003b7   Thumb Code     0  memseta.o(.text)
    __aeabi_memclr8                          0x080003b7   Thumb Code     0  memseta.o(.text)
    _memset$wrapper                          0x080003bb   Thumb Code    18  memseta.o(.text)
    __aeabi_dmul                             0x080003cd   Thumb Code   228  dmul.o(.text)
    __aeabi_i2d                              0x080004b1   Thumb Code    34  dflti.o(.text)
    __aeabi_f2d                              0x080004d3   Thumb Code    38  f2d.o(.text)
    __aeabi_d2f                              0x080004f9   Thumb Code    56  d2f.o(.text)
    __aeabi_llsl                             0x08000531   Thumb Code    30  llshl.o(.text)
    _ll_shift_l                              0x08000531   Thumb Code     0  llshl.o(.text)
    __I$use$fp                               0x0800054f   Thumb Code     0  iusefp.o(.text)
    _float_round                             0x0800054f   Thumb Code    18  fepilogue.o(.text)
    _float_epilogue                          0x08000561   Thumb Code    92  fepilogue.o(.text)
    _double_round                            0x080005bd   Thumb Code    30  depilogue.o(.text)
    _double_epilogue                         0x080005db   Thumb Code   156  depilogue.o(.text)
    __scatterload                            0x08000679   Thumb Code    28  init.o(.text)
    __scatterload_rt2                        0x08000679   Thumb Code     0  init.o(.text)
    __aeabi_llsr                             0x0800069d   Thumb Code    32  llushr.o(.text)
    _ll_ushift_r                             0x0800069d   Thumb Code     0  llushr.o(.text)
    BusFault_Handler                         0x080006bd   Thumb Code     2  stm32f4xx_it.o(i.BusFault_Handler)
    CAN1_RX0_IRQHandler                      0x080006c1   Thumb Code   114  remote_task.o(i.CAN1_RX0_IRQHandler)
    CAN1_init                                0x0800073d   Thumb Code   212  bsp_can.o(i.CAN1_init)
    CAN2_RX0_IRQHandler                      0x08000819   Thumb Code    58  bsp_motor.o(i.CAN2_RX0_IRQHandler)
    CAN2_init                                0x0800085d   Thumb Code   216  bsp_can.o(i.CAN2_init)
    CAN_ClearITPendingBit                    0x0800093d   Thumb Code   152  stm32f4xx_can.o(i.CAN_ClearITPendingBit)
    CAN_FilterInit                           0x080009d9   Thumb Code   218  stm32f4xx_can.o(i.CAN_FilterInit)
    CAN_GetITStatus                          0x08000ac9   Thumb Code   268  stm32f4xx_can.o(i.CAN_GetITStatus)
    CAN_ITConfig                             0x08000bd9   Thumb Code    16  stm32f4xx_can.o(i.CAN_ITConfig)
    CAN_Init                                 0x08000be9   Thumb Code   244  stm32f4xx_can.o(i.CAN_Init)
    CAN_Receive                              0x08000cdd   Thumb Code   180  stm32f4xx_can.o(i.CAN_Receive)
    CAN_Transmit                             0x08000d91   Thumb Code   194  stm32f4xx_can.o(i.CAN_Transmit)
    CAN_TransmitStatus                       0x08000e55   Thumb Code   106  stm32f4xx_can.o(i.CAN_TransmitStatus)
    Chassis_task                             0x08000ed1   Thumb Code   552  chassis_task.o(i.Chassis_task)
    DMA_Init                                 0x0800111d   Thumb Code   116  stm32f4xx_dma.o(i.DMA_Init)
    DebugMon_Handler                         0x08001195   Thumb Code     2  stm32f4xx_it.o(i.DebugMon_Handler)
    GPIO_Init                                0x08001199   Thumb Code   154  stm32f4xx_gpio.o(i.GPIO_Init)
    GPIO_PinAFConfig                         0x08001233   Thumb Code    34  stm32f4xx_gpio.o(i.GPIO_PinAFConfig)
    GPIO_ResetBits                           0x08001255   Thumb Code     4  stm32f4xx_gpio.o(i.GPIO_ResetBits)
    GPIO_SetBits                             0x08001259   Thumb Code     4  stm32f4xx_gpio.o(i.GPIO_SetBits)
    HardFault_Handler                        0x0800125d   Thumb Code     2  stm32f4xx_it.o(i.HardFault_Handler)
    LED_init                                 0x08001261   Thumb Code   106  bsp_led.o(i.LED_init)
    MemManage_Handler                        0x080012d1   Thumb Code     2  stm32f4xx_it.o(i.MemManage_Handler)
    NMI_Handler                              0x080012d3   Thumb Code     2  stm32f4xx_it.o(i.NMI_Handler)
    NVIC_Init                                0x080012d5   Thumb Code   106  misc.o(i.NVIC_Init)
    NVIC_PriorityGroupConfig                 0x08001345   Thumb Code    14  misc.o(i.NVIC_PriorityGroupConfig)
    PID_Init                                 0x08001359   Thumb Code    40  pid.o(i.PID_Init)
    PID_cale                                 0x08001381   Thumb Code   178  pid.o(i.PID_cale)
    RCC_AHB1PeriphClockCmd                   0x08001435   Thumb Code    18  stm32f4xx_rcc.o(i.RCC_AHB1PeriphClockCmd)
    RCC_APB1PeriphClockCmd                   0x0800144d   Thumb Code    18  stm32f4xx_rcc.o(i.RCC_APB1PeriphClockCmd)
    RCC_APB2PeriphClockCmd                   0x08001465   Thumb Code    18  stm32f4xx_rcc.o(i.RCC_APB2PeriphClockCmd)
    RCC_GetClocksFreq                        0x0800147d   Thumb Code   150  stm32f4xx_rcc.o(i.RCC_GetClocksFreq)
    RM_motor_send                            0x08001529   Thumb Code   102  rm_motor.o(i.RM_motor_send)
    SysTick_Handler                          0x08001591   Thumb Code    38  port.o(i.SysTick_Handler)
    SystemInit                               0x080015bd   Thumb Code   224  system_stm32f4xx.o(i.SystemInit)
    TIM3_IRQHandler                          0x080016c1   Thumb Code    30  bsp_tim.o(i.TIM3_IRQHandler)
    TIM5_IRQHandler                          0x080016e5   Thumb Code   124  bsp_tim.o(i.TIM5_IRQHandler)
    TIM_ClearITPendingBit                    0x08001769   Thumb Code     6  stm32f4xx_tim.o(i.TIM_ClearITPendingBit)
    TIM_Cmd                                  0x0800176f   Thumb Code    18  stm32f4xx_tim.o(i.TIM_Cmd)
    TIM_GetCapture1                          0x08001781   Thumb Code     4  stm32f4xx_tim.o(i.TIM_GetCapture1)
    TIM_GetITStatus                          0x08001785   Thumb Code    22  stm32f4xx_tim.o(i.TIM_GetITStatus)
    TIM_OC1PolarityConfig                    0x0800179b   Thumb Code    12  stm32f4xx_tim.o(i.TIM_OC1PolarityConfig)
    TIM_SetCompare3                          0x080017a7   Thumb Code     4  stm32f4xx_tim.o(i.TIM_SetCompare3)
    TIM_SetCounter                           0x080017ab   Thumb Code     4  stm32f4xx_tim.o(i.TIM_SetCounter)
    USART1_Init                              0x080017b1   Thumb Code   284  bsp_usart.o(i.USART1_Init)
    USART_Cmd                                0x080018e9   Thumb Code    18  stm32f4xx_usart.o(i.USART_Cmd)
    USART_DMACmd                             0x080018fb   Thumb Code    16  stm32f4xx_usart.o(i.USART_DMACmd)
    USART_ITConfig                           0x0800190b   Thumb Code    48  stm32f4xx_usart.o(i.USART_ITConfig)
    USART_Init                               0x0800193d   Thumb Code   180  stm32f4xx_usart.o(i.USART_Init)
    UsageFault_Handler                       0x080019f5   Thumb Code     2  stm32f4xx_it.o(i.UsageFault_Handler)
    __scatterload_copy                       0x080019f7   Thumb Code    14  handlers.o(i.__scatterload_copy)
    __scatterload_null                       0x08001a05   Thumb Code     2  handlers.o(i.__scatterload_null)
    __scatterload_zeroinit                   0x08001a07   Thumb Code    14  handlers.o(i.__scatterload_zeroinit)
    buzzer_task                              0x08001a15   Thumb Code    68  buzzer_task.o(i.buzzer_task)
    chassis_follow_gym_solve                 0x08001a61   Thumb Code   134  chassis_behave.o(i.chassis_follow_gym_solve)
    chassis_revolve_solve                    0x08001aed   Thumb Code   112  chassis_behave.o(i.chassis_revolve_solve)
    chassis_zero_solve                       0x08001b5d   Thumb Code     8  chassis_behave.o(i.chassis_zero_solve)
    create_task                              0x08001b65   Thumb Code    66  make_task.o(i.create_task)
    get_angle_p                              0x08001bdd   Thumb Code     4  remote_task.o(i.get_angle_p)
    get_speed_set_p                          0x08001be5   Thumb Code     4  remote_task.o(i.get_speed_set_p)
    led_task                                 0x08001bed   Thumb Code   384  led_blink_task.o(i.led_task)
    main                                     0x08001d7d   Thumb Code    34  main.o(i.main)
    motor_msg_decode_3508                    0x08001da1   Thumb Code    70  rm_motor.o(i.motor_msg_decode_3508)
    pvPortMalloc                             0x080023b9   Thumb Code   346  heap_4.o(i.pvPortMalloc)
    pxPortInitialiseStack                    0x08002521   Thumb Code    38  port.o(i.pxPortInitialiseStack)
    uxListRemove                             0x0800254d   Thumb Code    38  list.o(i.uxListRemove)
    vListInitialise                          0x08002573   Thumb Code    22  list.o(i.vListInitialise)
    vListInitialiseItem                      0x08002589   Thumb Code     6  list.o(i.vListInitialiseItem)
    vListInsert                              0x08002591   Thumb Code    58  list.o(i.vListInsert)
    vPortEnterCritical                       0x080025cd   Thumb Code    56  port.o(i.vPortEnterCritical)
    vPortExitCritical                        0x0800260d   Thumb Code    38  port.o(i.vPortExitCritical)
    vPortFree                                0x08002639   Thumb Code   162  heap_4.o(i.vPortFree)
    vPortSetupTimerInterrupt                 0x080026e1   Thumb Code    32  port.o(i.vPortSetupTimerInterrupt)
    vQueueAddToRegistry                      0x08002705   Thumb Code    84  queue.o(i.vQueueAddToRegistry)
    vQueueWaitForMessageRestricted           0x0800275d   Thumb Code    74  queue.o(i.vQueueWaitForMessageRestricted)
    vTaskDelay                               0x080027a9   Thumb Code    66  tasks.o(i.vTaskDelay)
    vTaskInternalSetTimeOutState             0x080027f5   Thumb Code    12  tasks.o(i.vTaskInternalSetTimeOutState)
    vTaskMissedYield                         0x08002805   Thumb Code     8  tasks.o(i.vTaskMissedYield)
    vTaskPlaceOnEventList                    0x08002811   Thumb Code    46  tasks.o(i.vTaskPlaceOnEventList)
    vTaskPlaceOnEventListRestricted          0x08002845   Thumb Code    78  tasks.o(i.vTaskPlaceOnEventListRestricted)
    vTaskStartScheduler                      0x08002899   Thumb Code    98  tasks.o(i.vTaskStartScheduler)
    vTaskSuspendAll                          0x08002911   Thumb Code    10  tasks.o(i.vTaskSuspendAll)
    vTaskSwitchContext                       0x08002921   Thumb Code    84  tasks.o(i.vTaskSwitchContext)
    xPortStartScheduler                      0x0800297d   Thumb Code   232  port.o(i.xPortStartScheduler)
    xQueueGenericCreate                      0x08002a81   Thumb Code   176  queue.o(i.xQueueGenericCreate)
    xQueueReceive                            0x08002b31   Thumb Code   340  queue.o(i.xQueueReceive)
    xTaskCheckForTimeOut                     0x08002c89   Thumb Code   130  tasks.o(i.xTaskCheckForTimeOut)
    xTaskCreate                              0x08002d11   Thumb Code   404  tasks.o(i.xTaskCreate)
    xTaskGetSchedulerState                   0x08002ec5   Thumb Code    24  tasks.o(i.xTaskGetSchedulerState)
    xTaskGetTickCount                        0x08002ee1   Thumb Code     6  tasks.o(i.xTaskGetTickCount)
    xTaskIncrementTick                       0x08002eed   Thumb Code   382  tasks.o(i.xTaskIncrementTick)
    xTaskRemoveFromEventList                 0x08003075   Thumb Code   228  tasks.o(i.xTaskRemoveFromEventList)
    xTaskResumeAll                           0x08003165   Thumb Code   318  tasks.o(i.xTaskResumeAll)
    xTimerCreateTimerTask                    0x080032b5   Thumb Code   110  timers.o(i.xTimerCreateTimerTask)
    sinTable_f32                             0x08003348   Data        2052  arm_common_tables.o(.constdata)
    Region$$Table$$Base                      0x08003b4c   Number         0  anon$$obj.o(Region$$Table)
    Region$$Table$$Limit                     0x08003b6c   Number         0  anon$$obj.o(Region$$Table)
    SystemCoreClock                          0x20000000   Data           4  system_stm32f4xx.o(.data)
    AHBPrescTable                            0x20000004   Data          16  system_stm32f4xx.o(.data)
    Now_Time                                 0x20000024   Data           1  led_blink_task.o(.data)
    LED_Blink_outime_num                     0x20000025   Data           1  led_blink_task.o(.data)
    LED_state_dis                            0x20000026   Data           7  led_blink_task.o(.data)
    remote_angle                             0x2000002d   Data           8  remote_task.o(.data)
    Remote_speed                             0x20000035   Data           8  remote_task.o(.data)
    usart1_dma_tx_buff                       0x2000003d   Data           1  bsp_usart.o(.data)
    tim5_ic_state                            0x20000040   Data           1  bsp_tim.o(.data)
    tim5_ic_time                             0x20000044   Data           4  bsp_tim.o(.data)
    pxCurrentTCB                             0x20000048   Data           4  tasks.o(.data)
    uxTopUsedPriority                        0x20000078   Data           4  tasks.o(.data)
    Main_chassis                             0x200000e0   Data         512  chassis_task.o(.bss)
    usart1_dma_rx_buff                       0x200002e0   Data          34  bsp_usart.o(.bss)
    xQueueRegistry                           0x20000304   Data          64  queue.o(.bss)
    __initial_sp                             0x20013438   Data           0  startup_stm32f40_41xxx.o(STACK)



==============================================================================

Memory Map of the image

  Image Entry point : 0x08000189

  Load Region LR_IROM1 (Base: 0x08000000, Size: 0x00003c30, Max: 0x00100000, ABSOLUTE)

    Execution Region ER_IROM1 (Exec base: 0x08000000, Load base: 0x08000000, Size: 0x00003b6c, Max: 0x00100000, ABSOLUTE)

    Exec Addr    Load Addr    Size         Type   Attr      Idx    E Section Name        Object

    0x08000000   0x08000000   0x00000188   Data   RO         2864    RESET               startup_stm32f40_41xxx.o
    0x08000188   0x08000188   0x00000000   Code   RO         4412  * .ARM.Collect$$$$00000000  mc_w.l(entry.o)
    0x08000188   0x08000188   0x00000004   Code   RO         4433    .ARM.Collect$$$$00000001  mc_w.l(entry2.o)
    0x0800018c   0x0800018c   0x00000004   Code   RO         4436    .ARM.Collect$$$$00000004  mc_w.l(entry5.o)
    0x08000190   0x08000190   0x00000000   Code   RO         4438    .ARM.Collect$$$$00000008  mc_w.l(entry7b.o)
    0x08000190   0x08000190   0x00000000   Code   RO         4440    .ARM.Collect$$$$0000000A  mc_w.l(entry8b.o)
    0x08000190   0x08000190   0x00000008   Code   RO         4441    .ARM.Collect$$$$0000000B  mc_w.l(entry9a.o)
    0x08000198   0x08000198   0x00000000   Code   RO         4443    .ARM.Collect$$$$0000000D  mc_w.l(entry10a.o)
    0x08000198   0x08000198   0x00000000   Code   RO         4445    .ARM.Collect$$$$0000000F  mc_w.l(entry11a.o)
    0x08000198   0x08000198   0x00000004   Code   RO         4434    .ARM.Collect$$$$00002712  mc_w.l(entry2.o)
    0x0800019c   0x0800019c   0x000000be   Code   RO         4168    .emb_text           port.o
    0x0800025a   0x0800025a   0x00000002   PAD
    0x0800025c   0x0800025c   0x00000024   Code   RO         2865    .text               startup_stm32f40_41xxx.o
    0x08000280   0x08000280   0x00000104   Code   RO         4280    .text               arm_cortexM4lf_math.lib(arm_sin_cos_f32.o)
    0x08000384   0x08000384   0x00000024   Code   RO         4415    .text               mc_w.l(memcpya.o)
    0x080003a8   0x080003a8   0x00000024   Code   RO         4417    .text               mc_w.l(memseta.o)
    0x080003cc   0x080003cc   0x000000e4   Code   RO         4423    .text               mf_w.l(dmul.o)
    0x080004b0   0x080004b0   0x00000022   Code   RO         4425    .text               mf_w.l(dflti.o)
    0x080004d2   0x080004d2   0x00000026   Code   RO         4429    .text               mf_w.l(f2d.o)
    0x080004f8   0x080004f8   0x00000038   Code   RO         4431    .text               mf_w.l(d2f.o)
    0x08000530   0x08000530   0x0000001e   Code   RO         4447    .text               mc_w.l(llshl.o)
    0x0800054e   0x0800054e   0x00000000   Code   RO         4451    .text               mc_w.l(iusefp.o)
    0x0800054e   0x0800054e   0x0000006e   Code   RO         4452    .text               mf_w.l(fepilogue.o)
    0x080005bc   0x080005bc   0x000000ba   Code   RO         4454    .text               mf_w.l(depilogue.o)
    0x08000676   0x08000676   0x00000002   PAD
    0x08000678   0x08000678   0x00000024   Code   RO         4456    .text               mc_w.l(init.o)
    0x0800069c   0x0800069c   0x00000020   Code   RO         4458    .text               mc_w.l(llushr.o)
    0x080006bc   0x080006bc   0x00000002   Code   RO          181    i.BusFault_Handler  stm32f4xx_it.o
    0x080006be   0x080006be   0x00000002   PAD
    0x080006c0   0x080006c0   0x0000007c   Code   RO         2970    i.CAN1_RX0_IRQHandler  remote_task.o
    0x0800073c   0x0800073c   0x000000dc   Code   RO         3232    i.CAN1_init         bsp_can.o
    0x08000818   0x08000818   0x00000044   Code   RO         3258    i.CAN2_RX0_IRQHandler  bsp_motor.o
    0x0800085c   0x0800085c   0x000000e0   Code   RO         3233    i.CAN2_init         bsp_can.o
    0x0800093c   0x0800093c   0x0000009c   Code   RO         2484    i.CAN_ClearITPendingBit  stm32f4xx_can.o
    0x080009d8   0x080009d8   0x000000f0   Code   RO         2488    i.CAN_FilterInit    stm32f4xx_can.o
    0x08000ac8   0x08000ac8   0x00000110   Code   RO         2490    i.CAN_GetITStatus   stm32f4xx_can.o
    0x08000bd8   0x08000bd8   0x00000010   Code   RO         2494    i.CAN_ITConfig      stm32f4xx_can.o
    0x08000be8   0x08000be8   0x000000f4   Code   RO         2495    i.CAN_Init          stm32f4xx_can.o
    0x08000cdc   0x08000cdc   0x000000b4   Code   RO         2498    i.CAN_Receive       stm32f4xx_can.o
    0x08000d90   0x08000d90   0x000000c2   Code   RO         2503    i.CAN_Transmit      stm32f4xx_can.o
    0x08000e52   0x08000e52   0x00000002   PAD
    0x08000e54   0x08000e54   0x0000007c   Code   RO         2504    i.CAN_TransmitStatus  stm32f4xx_can.o
    0x08000ed0   0x08000ed0   0x0000024c   Code   RO         2922    i.Chassis_task      chassis_task.o
    0x0800111c   0x0800111c   0x00000078   Code   RO         1921    i.DMA_Init          stm32f4xx_dma.o
    0x08001194   0x08001194   0x00000002   Code   RO          182    i.DebugMon_Handler  stm32f4xx_it.o
    0x08001196   0x08001196   0x00000002   PAD
    0x08001198   0x08001198   0x0000009a   Code   RO          391    i.GPIO_Init         stm32f4xx_gpio.o
    0x08001232   0x08001232   0x00000022   Code   RO          392    i.GPIO_PinAFConfig  stm32f4xx_gpio.o
    0x08001254   0x08001254   0x00000004   Code   RO          398    i.GPIO_ResetBits    stm32f4xx_gpio.o
    0x08001258   0x08001258   0x00000004   Code   RO          399    i.GPIO_SetBits      stm32f4xx_gpio.o
    0x0800125c   0x0800125c   0x00000002   Code   RO          183    i.HardFault_Handler  stm32f4xx_it.o
    0x0800125e   0x0800125e   0x00000002   PAD
    0x08001260   0x08001260   0x00000070   Code   RO         3047    i.LED_init          bsp_led.o
    0x080012d0   0x080012d0   0x00000002   Code   RO          184    i.MemManage_Handler  stm32f4xx_it.o
    0x080012d2   0x080012d2   0x00000002   Code   RO          185    i.NMI_Handler       stm32f4xx_it.o
    0x080012d4   0x080012d4   0x00000070   Code   RO          342    i.NVIC_Init         misc.o
    0x08001344   0x08001344   0x00000014   Code   RO          343    i.NVIC_PriorityGroupConfig  misc.o
    0x08001358   0x08001358   0x00000028   Code   RO         3279    i.PID_Init          pid.o
    0x08001380   0x08001380   0x000000b2   Code   RO         3280    i.PID_cale          pid.o
    0x08001432   0x08001432   0x00000002   PAD
    0x08001434   0x08001434   0x00000018   Code   RO          488    i.RCC_AHB1PeriphClockCmd  stm32f4xx_rcc.o
    0x0800144c   0x0800144c   0x00000018   Code   RO          497    i.RCC_APB1PeriphClockCmd  stm32f4xx_rcc.o
    0x08001464   0x08001464   0x00000018   Code   RO          500    i.RCC_APB2PeriphClockCmd  stm32f4xx_rcc.o
    0x0800147c   0x0800147c   0x000000ac   Code   RO          509    i.RCC_GetClocksFreq  stm32f4xx_rcc.o
    0x08001528   0x08001528   0x00000066   Code   RO         4247    i.RM_motor_send     rm_motor.o
    0x0800158e   0x0800158e   0x00000002   PAD
    0x08001590   0x08001590   0x0000002c   Code   RO         4169    i.SysTick_Handler   port.o
    0x080015bc   0x080015bc   0x00000104   Code   RO          235    i.SystemInit        system_stm32f4xx.o
    0x080016c0   0x080016c0   0x00000024   Code   RO         3153    i.TIM3_IRQHandler   bsp_tim.o
    0x080016e4   0x080016e4   0x00000084   Code   RO         3155    i.TIM5_IRQHandler   bsp_tim.o
    0x08001768   0x08001768   0x00000006   Code   RO         1135    i.TIM_ClearITPendingBit  stm32f4xx_tim.o
    0x0800176e   0x0800176e   0x00000012   Code   RO         1140    i.TIM_Cmd           stm32f4xx_tim.o
    0x08001780   0x08001780   0x00000004   Code   RO         1155    i.TIM_GetCapture1   stm32f4xx_tim.o
    0x08001784   0x08001784   0x00000016   Code   RO         1161    i.TIM_GetITStatus   stm32f4xx_tim.o
    0x0800179a   0x0800179a   0x0000000c   Code   RO         1171    i.TIM_OC1PolarityConfig  stm32f4xx_tim.o
    0x080017a6   0x080017a6   0x00000004   Code   RO         1204    i.TIM_SetCompare3   stm32f4xx_tim.o
    0x080017aa   0x080017aa   0x00000004   Code   RO         1206    i.TIM_SetCounter    stm32f4xx_tim.o
    0x080017ae   0x080017ae   0x00000002   PAD
    0x080017b0   0x080017b0   0x00000138   Code   RO         3113    i.USART1_Init       bsp_usart.o
    0x080018e8   0x080018e8   0x00000012   Code   RO          882    i.USART_Cmd         stm32f4xx_usart.o
    0x080018fa   0x080018fa   0x00000010   Code   RO          883    i.USART_DMACmd      stm32f4xx_usart.o
    0x0800190a   0x0800190a   0x00000030   Code   RO          888    i.USART_ITConfig    stm32f4xx_usart.o
    0x0800193a   0x0800193a   0x00000002   PAD
    0x0800193c   0x0800193c   0x000000b8   Code   RO          889    i.USART_Init        stm32f4xx_usart.o
    0x080019f4   0x080019f4   0x00000002   Code   RO          186    i.UsageFault_Handler  stm32f4xx_it.o
    0x080019f6   0x080019f6   0x0000000e   Code   RO         4462    i.__scatterload_copy  mc_w.l(handlers.o)
    0x08001a04   0x08001a04   0x00000002   Code   RO         4463    i.__scatterload_null  mc_w.l(handlers.o)
    0x08001a06   0x08001a06   0x0000000e   Code   RO         4464    i.__scatterload_zeroinit  mc_w.l(handlers.o)
    0x08001a14   0x08001a14   0x0000004c   Code   RO         2901    i.buzzer_task       buzzer_task.o
    0x08001a60   0x08001a60   0x0000008c   Code   RO         3010    i.chassis_follow_gym_solve  chassis_behave.o
    0x08001aec   0x08001aec   0x00000070   Code   RO         3011    i.chassis_revolve_solve  chassis_behave.o
    0x08001b5c   0x08001b5c   0x00000008   Code   RO         3012    i.chassis_zero_solve  chassis_behave.o
    0x08001b64   0x08001b64   0x00000078   Code   RO          266    i.create_task       make_task.o
    0x08001bdc   0x08001bdc   0x00000008   Code   RO         2971    i.get_angle_p       remote_task.o
    0x08001be4   0x08001be4   0x00000008   Code   RO         2972    i.get_speed_set_p   remote_task.o
    0x08001bec   0x08001bec   0x00000190   Code   RO         2872    i.led_task          led_blink_task.o
    0x08001d7c   0x08001d7c   0x00000022   Code   RO            3    i.main              main.o
    0x08001d9e   0x08001d9e   0x00000002   PAD
    0x08001da0   0x08001da0   0x0000004c   Code   RO         4248    i.motor_msg_decode_3508  rm_motor.o
    0x08001dec   0x08001dec   0x00000090   Code   RO         3666    i.prvAddCurrentTaskToDelayedList  tasks.o
    0x08001e7c   0x08001e7c   0x00000064   Code   RO         3667    i.prvIdleTask       tasks.o
    0x08001ee0   0x08001ee0   0x000000a0   Code   RO         3986    i.prvProcessExpiredTimer  timers.o
    0x08001f80   0x08001f80   0x000000d4   Code   RO         3987    i.prvSampleTimeNow  timers.o
    0x08002054   0x08002054   0x0000002c   Code   RO         4170    i.prvTaskExitError  port.o
    0x08002080   0x08002080   0x000002cc   Code   RO         3988    i.prvTimerTask      timers.o
    0x0800234c   0x0800234c   0x0000006c   Code   RO         3486    i.prvUnlockQueue    queue.o
    0x080023b8   0x080023b8   0x00000168   Code   RO         4118    i.pvPortMalloc      heap_4.o
    0x08002520   0x08002520   0x0000002c   Code   RO         4171    i.pxPortInitialiseStack  port.o
    0x0800254c   0x0800254c   0x00000026   Code   RO         3446    i.uxListRemove      list.o
    0x08002572   0x08002572   0x00000016   Code   RO         3447    i.vListInitialise   list.o
    0x08002588   0x08002588   0x00000006   Code   RO         3448    i.vListInitialiseItem  list.o
    0x0800258e   0x0800258e   0x00000002   PAD
    0x08002590   0x08002590   0x0000003a   Code   RO         3449    i.vListInsert       list.o
    0x080025ca   0x080025ca   0x00000002   PAD
    0x080025cc   0x080025cc   0x00000040   Code   RO         4173    i.vPortEnterCritical  port.o
    0x0800260c   0x0800260c   0x0000002c   Code   RO         4174    i.vPortExitCritical  port.o
    0x08002638   0x08002638   0x000000a8   Code   RO         4119    i.vPortFree         heap_4.o
    0x080026e0   0x080026e0   0x00000024   Code   RO         4175    i.vPortSetupTimerInterrupt  port.o
    0x08002704   0x08002704   0x00000058   Code   RO         3492    i.vQueueAddToRegistry  queue.o
    0x0800275c   0x0800275c   0x0000004a   Code   RO         3496    i.vQueueWaitForMessageRestricted  queue.o
    0x080027a6   0x080027a6   0x00000002   PAD
    0x080027a8   0x080027a8   0x0000004c   Code   RO         3678    i.vTaskDelay        tasks.o
    0x080027f4   0x080027f4   0x00000010   Code   RO         3683    i.vTaskInternalSetTimeOutState  tasks.o
    0x08002804   0x08002804   0x0000000c   Code   RO         3684    i.vTaskMissedYield  tasks.o
    0x08002810   0x08002810   0x00000034   Code   RO         3685    i.vTaskPlaceOnEventList  tasks.o
    0x08002844   0x08002844   0x00000054   Code   RO         3686    i.vTaskPlaceOnEventListRestricted  tasks.o
    0x08002898   0x08002898   0x00000078   Code   RO         3694    i.vTaskStartScheduler  tasks.o
    0x08002910   0x08002910   0x00000010   Code   RO         3696    i.vTaskSuspendAll   tasks.o
    0x08002920   0x08002920   0x0000005c   Code   RO         3697    i.vTaskSwitchContext  tasks.o
    0x0800297c   0x0800297c   0x00000104   Code   RO         4177    i.xPortStartScheduler  port.o
    0x08002a80   0x08002a80   0x000000b0   Code   RO         3499    i.xQueueGenericCreate  queue.o
    0x08002b30   0x08002b30   0x00000158   Code   RO         3509    i.xQueueReceive     queue.o
    0x08002c88   0x08002c88   0x00000088   Code   RO         3699    i.xTaskCheckForTimeOut  tasks.o
    0x08002d10   0x08002d10   0x000001b4   Code   RO         3700    i.xTaskCreate       tasks.o
    0x08002ec4   0x08002ec4   0x0000001c   Code   RO         3707    i.xTaskGetSchedulerState  tasks.o
    0x08002ee0   0x08002ee0   0x0000000c   Code   RO         3708    i.xTaskGetTickCount  tasks.o
    0x08002eec   0x08002eec   0x00000188   Code   RO         3710    i.xTaskIncrementTick  tasks.o
    0x08003074   0x08003074   0x000000f0   Code   RO         3713    i.xTaskRemoveFromEventList  tasks.o
    0x08003164   0x08003164   0x00000150   Code   RO         3714    i.xTaskResumeAll    tasks.o
    0x080032b4   0x080032b4   0x00000094   Code   RO         3996    i.xTimerCreateTimerTask  timers.o
    0x08003348   0x08003348   0x00000804   Data   RO         4389    .constdata          arm_cortexM4lf_math.lib(arm_common_tables.o)
    0x08003b4c   0x08003b4c   0x00000020   Data   RO         4460    Region$$Table       anon$$obj.o


    Execution Region RW_IRAM1 (Exec base: 0x20000000, Load base: 0x08003b6c, Size: 0x00013438, Max: 0x00020000, ABSOLUTE)

    Exec Addr    Load Addr    Size         Type   Attr      Idx    E Section Name        Object

    0x20000000   0x08003b6c   0x00000014   Data   RW          236    .data               system_stm32f4xx.o
    0x20000014   0x08003b80   0x00000010   Data   RW          541    .data               stm32f4xx_rcc.o
    0x20000024   0x08003b90   0x00000009   Data   RW         2874    .data               led_blink_task.o
    0x2000002d   0x08003b99   0x00000010   Data   RW         2973    .data               remote_task.o
    0x2000003d   0x08003ba9   0x00000001   Data   RW         3118    .data               bsp_usart.o
    0x2000003e   0x08003baa   0x00000002   PAD
    0x20000040   0x08003bac   0x00000008   Data   RW         3158    .data               bsp_tim.o
    0x20000048   0x08003bb4   0x00000040   Data   RW         3717    .data               tasks.o
    0x20000088   0x08003bf4   0x00000014   Data   RW         4004    .data               timers.o
    0x2000009c   0x08003c08   0x0000001c   Data   RW         4125    .data               heap_4.o
    0x200000b8   0x08003c24   0x0000000c   Data   RW         4178    .data               port.o
    0x200000c4        -       0x0000001c   Zero   RW         2873    .bss                led_blink_task.o
    0x200000e0        -       0x00000200   Zero   RW         2923    .bss                chassis_task.o
    0x200002e0        -       0x00000022   Zero   RW         3116    .bss                bsp_usart.o
    0x20000302   0x08003c30   0x00000002   PAD
    0x20000304        -       0x00000040   Zero   RW         3513    .bss                queue.o
    0x20000344        -       0x000000c8   Zero   RW         3716    .bss                tasks.o
    0x2000040c        -       0x00000028   Zero   RW         4003    .bss                timers.o
    0x20000434        -       0x00012c00   Zero   RW         4124    .bss                heap_4.o
    0x20013034   0x08003c30   0x00000004   PAD
    0x20013038        -       0x00000400   Zero   RW         2862    STACK               startup_stm32f40_41xxx.o


==============================================================================

Image component sizes


      Code (inc. data)   RO Data    RW Data    ZI Data      Debug   Object Name

       444         16          0          0          0       1576   bsp_can.o
       112          6          0          0          0        591   bsp_led.o
        68         10          0          0          0        614   bsp_motor.o
       168         14          0          8          0       1389   bsp_tim.o
       312         28          0          1         34       1595   bsp_usart.o
        76          8          0          0          0        654   buzzer_task.o
       260          6          0          0          0       2152   chassis_behave.o
       588         36          0          0        512       2158   chassis_task.o
         0          0          0          0          0      14616   event_groups.o
       528         20          0         28      76800       4619   heap_4.o
       400         16          0          9         28       1853   led_blink_task.o
       124          0          0          0          0       2729   list.o
        34          0          0          0          0      79807   main.o
       120         54          0          0          0     242214   make_task.o
       132         12          0          0          0       1579   misc.o
       218          0          0          0          0       1850   pid.o
       726         80          0         12          0      10612   port.o
       790          8          0          0         64      11351   queue.o
       140         18          0         16          0       2554   remote_task.o
       178          6          0          0          0       1756   rm_motor.o
        36          8        392          0       1024        836   startup_stm32f40_41xxx.o
      1426         48          0          0          0       9103   stm32f4xx_can.o
       120          4          0          0          0       1839   stm32f4xx_dma.o
       196          0          0          0          0       2927   stm32f4xx_gpio.o
        12          0          0          0          0       2737   stm32f4xx_it.o
       244         40          0         16          0       4927   stm32f4xx_rcc.o
        70          0          0          0          0       5756   stm32f4xx_tim.o
       266          4          0          0          0       3557   stm32f4xx_usart.o
       260         36          0         20          0       1425   system_stm32f4xx.o
      2292        174          0         64        200      25397   tasks.o
      1236         66          0         20         40      26030   timers.o

    ----------------------------------------------------------------------
     11602        718        424        196      78708     470803   Object Totals
         0          0         32          0          0          0   (incl. Generated)
        26          0          0          2          6          0   (incl. Padding)

    ----------------------------------------------------------------------

      Code (inc. data)   RO Data    RW Data    ZI Data      Debug   Library Member Name

         0          0       2052          0          0       4636   arm_common_tables.o
       260         18          0          0          0      17142   arm_sin_cos_f32.o
         0          0          0          0          0          0   entry.o
         0          0          0          0          0          0   entry10a.o
         0          0          0          0          0          0   entry11a.o
         8          4          0          0          0          0   entry2.o
         4          0          0          0          0          0   entry5.o
         0          0          0          0          0          0   entry7b.o
         0          0          0          0          0          0   entry8b.o
         8          4          0          0          0          0   entry9a.o
        30          0          0          0          0          0   handlers.o
        36          8          0          0          0         68   init.o
         0          0          0          0          0          0   iusefp.o
        30          0          0          0          0         68   llshl.o
        32          0          0          0          0         68   llushr.o
        36          0          0          0          0         68   memcpya.o
        36          0          0          0          0        108   memseta.o
        56          0          0          0          0         88   d2f.o
       186          0          0          0          0        176   depilogue.o
        34          0          0          0          0         76   dflti.o
       228          0          0          0          0         96   dmul.o
        38          0          0          0          0         68   f2d.o
       110          0          0          0          0        168   fepilogue.o

    ----------------------------------------------------------------------
      1134         34       2052          0          0      22830   Library Totals
         2          0          0          0          0          0   (incl. Padding)

    ----------------------------------------------------------------------

      Code (inc. data)   RO Data    RW Data    ZI Data      Debug   Library Name

       260         18       2052          0          0      21778   arm_cortexM4lf_math.lib
       220         16          0          0          0        380   mc_w.l
       652          0          0          0          0        672   mf_w.l

    ----------------------------------------------------------------------
      1134         34       2052          0          0      22830   Library Totals

    ----------------------------------------------------------------------

==============================================================================


      Code (inc. data)   RO Data    RW Data    ZI Data      Debug   

     12736        752       2476        196      78708     484521   Grand Totals
     12736        752       2476        196      78708     484521   ELF Image Totals
     12736        752       2476        196          0          0   ROM Totals

==============================================================================

    Total RO  Size (Code + RO Data)                15212 (  14.86kB)
    Total RW  Size (RW Data + ZI Data)             78904 (  77.05kB)
    Total ROM Size (Code + RO Data + RW Data)      15408 (  15.05kB)

==============================================================================

