Component: ARM Compiler 5.06 update 6 (build 750) Tool: armlink [4d35ed]

==============================================================================

Section Cross References

    main.o(i.main) refers to misc.o(i.NVIC_PriorityGroupConfig) for NVIC_PriorityGroupConfig
    main.o(i.main) refers to bsp_led.o(i.LED_init) for LED_init
    main.o(i.main) refers to bsp_usart.o(i.USART1_Init) for USART1_Init
    main.o(i.main) refers to bsp_can.o(i.CAN1_init) for CAN1_init
    main.o(i.main) refers to bsp_can.o(i.CAN2_init) for CAN2_init
    main.o(i.main) refers to make_task.o(i.create_task) for create_task
    main.o(i.main) refers to tasks.o(i.vTaskStartScheduler) for vTaskStartScheduler
    system_stm32f4xx.o(i.SystemCoreClockUpdate) refers to system_stm32f4xx.o(.data) for .data
    make_task.o(i.create_task) refers to tasks.o(i.xTaskCreate) for xTaskCreate
    make_task.o(i.create_task) refers to led_blink_task.o(i.led_task) for led_task
    make_task.o(i.create_task) refers to buzzer_task.o(i.buzzer_task) for buzzer_task
    make_task.o(i.create_task) refers to chassis_task.o(i.Chassis_task) for Chassis_task
    make_task.o(i.create_task) refers to gyro_task.o(i.GYRO_task) for GYRO_task
    stm32f4xx_gpio.o(i.GPIO_DeInit) refers to stm32f4xx_rcc.o(i.RCC_AHB1PeriphResetCmd) for RCC_AHB1PeriphResetCmd
    stm32f4xx_rcc.o(i.RCC_GetClocksFreq) refers to stm32f4xx_rcc.o(.data) for .data
    stm32f4xx_syscfg.o(i.SYSCFG_DeInit) refers to stm32f4xx_rcc.o(i.RCC_APB2PeriphResetCmd) for RCC_APB2PeriphResetCmd
    stm32f4xx_usart.o(i.USART_DeInit) refers to stm32f4xx_rcc.o(i.RCC_APB1PeriphResetCmd) for RCC_APB1PeriphResetCmd
    stm32f4xx_usart.o(i.USART_DeInit) refers to stm32f4xx_rcc.o(i.RCC_APB2PeriphResetCmd) for RCC_APB2PeriphResetCmd
    stm32f4xx_usart.o(i.USART_Init) refers to stm32f4xx_rcc.o(i.RCC_GetClocksFreq) for RCC_GetClocksFreq
    stm32f4xx_tim.o(i.TIM_DeInit) refers to stm32f4xx_rcc.o(i.RCC_APB1PeriphResetCmd) for RCC_APB1PeriphResetCmd
    stm32f4xx_tim.o(i.TIM_DeInit) refers to stm32f4xx_rcc.o(i.RCC_APB2PeriphResetCmd) for RCC_APB2PeriphResetCmd
    stm32f4xx_adc.o(i.ADC_DeInit) refers to stm32f4xx_rcc.o(i.RCC_APB2PeriphResetCmd) for RCC_APB2PeriphResetCmd
    stm32f4xx_spi.o(i.SPI_I2S_DeInit) refers to stm32f4xx_rcc.o(i.RCC_APB2PeriphResetCmd) for RCC_APB2PeriphResetCmd
    stm32f4xx_spi.o(i.SPI_I2S_DeInit) refers to stm32f4xx_rcc.o(i.RCC_APB1PeriphResetCmd) for RCC_APB1PeriphResetCmd
    stm32f4xx_flash.o(i.FLASH_EraseAllBank1Sectors) refers to stm32f4xx_flash.o(i.FLASH_WaitForLastOperation) for FLASH_WaitForLastOperation
    stm32f4xx_flash.o(i.FLASH_EraseAllBank2Sectors) refers to stm32f4xx_flash.o(i.FLASH_WaitForLastOperation) for FLASH_WaitForLastOperation
    stm32f4xx_flash.o(i.FLASH_EraseAllSectors) refers to stm32f4xx_flash.o(i.FLASH_WaitForLastOperation) for FLASH_WaitForLastOperation
    stm32f4xx_flash.o(i.FLASH_EraseSector) refers to stm32f4xx_flash.o(i.FLASH_WaitForLastOperation) for FLASH_WaitForLastOperation
    stm32f4xx_flash.o(i.FLASH_OB_Launch) refers to stm32f4xx_flash.o(i.FLASH_WaitForLastOperation) for FLASH_WaitForLastOperation
    stm32f4xx_flash.o(i.FLASH_OB_PCROP1Config) refers to stm32f4xx_flash.o(i.FLASH_WaitForLastOperation) for FLASH_WaitForLastOperation
    stm32f4xx_flash.o(i.FLASH_OB_PCROPConfig) refers to stm32f4xx_flash.o(i.FLASH_WaitForLastOperation) for FLASH_WaitForLastOperation
    stm32f4xx_flash.o(i.FLASH_OB_RDPConfig) refers to stm32f4xx_flash.o(i.FLASH_WaitForLastOperation) for FLASH_WaitForLastOperation
    stm32f4xx_flash.o(i.FLASH_OB_UserConfig) refers to stm32f4xx_flash.o(i.FLASH_WaitForLastOperation) for FLASH_WaitForLastOperation
    stm32f4xx_flash.o(i.FLASH_OB_WRP1Config) refers to stm32f4xx_flash.o(i.FLASH_WaitForLastOperation) for FLASH_WaitForLastOperation
    stm32f4xx_flash.o(i.FLASH_OB_WRPConfig) refers to stm32f4xx_flash.o(i.FLASH_WaitForLastOperation) for FLASH_WaitForLastOperation
    stm32f4xx_flash.o(i.FLASH_ProgramByte) refers to stm32f4xx_flash.o(i.FLASH_WaitForLastOperation) for FLASH_WaitForLastOperation
    stm32f4xx_flash.o(i.FLASH_ProgramDoubleWord) refers to stm32f4xx_flash.o(i.FLASH_WaitForLastOperation) for FLASH_WaitForLastOperation
    stm32f4xx_flash.o(i.FLASH_ProgramHalfWord) refers to stm32f4xx_flash.o(i.FLASH_WaitForLastOperation) for FLASH_WaitForLastOperation
    stm32f4xx_flash.o(i.FLASH_ProgramWord) refers to stm32f4xx_flash.o(i.FLASH_WaitForLastOperation) for FLASH_WaitForLastOperation
    stm32f4xx_can.o(i.CAN_DeInit) refers to stm32f4xx_rcc.o(i.RCC_APB1PeriphResetCmd) for RCC_APB1PeriphResetCmd
    stm32f4xx_i2c.o(i.I2C_DeInit) refers to stm32f4xx_rcc.o(i.RCC_APB1PeriphResetCmd) for RCC_APB1PeriphResetCmd
    stm32f4xx_i2c.o(i.I2C_Init) refers to stm32f4xx_rcc.o(i.RCC_GetClocksFreq) for RCC_GetClocksFreq
    startup_stm32f40_41xxx.o(RESET) refers to startup_stm32f40_41xxx.o(STACK) for __initial_sp
[...]
    ..\\Drivers\\src\\stm32f4xx_can.c        0x00000000   Number         0  stm32f4xx_can.o ABSOLUTE
    ..\\Drivers\\src\\stm32f4xx_dma.c        0x00000000   Number         0  stm32f4xx_dma.o ABSOLUTE
    ..\\Drivers\\src\\stm32f4xx_exti.c       0x00000000   Number         0  stm32f4xx_exti.o ABSOLUTE
    ..\\Drivers\\src\\stm32f4xx_flash.c      0x00000000   Number         0  stm32f4xx_flash.o ABSOLUTE
    ..\\Drivers\\src\\stm32f4xx_flash_ramfunc.c 0x00000000   Number         0  stm32f4xx_flash_ramfunc.o ABSOLUTE
    ..\\Drivers\\src\\stm32f4xx_gpio.c       0x00000000   Number         0  stm32f4xx_gpio.o ABSOLUTE
    ..\\Drivers\\src\\stm32f4xx_i2c.c        0x00000000   Number         0  stm32f4xx_i2c.o ABSOLUTE
    ..\\Drivers\\src\\stm32f4xx_rcc.c        0x00000000   Number         0  stm32f4xx_rcc.o ABSOLUTE
    ..\\Drivers\\src\\stm32f4xx_spi.c        0x00000000   Number         0  stm32f4xx_spi.o ABSOLUTE
    ..\\Drivers\\src\\stm32f4xx_syscfg.c     0x00000000   Number         0  stm32f4xx_syscfg.o ABSOLUTE
    ..\\Drivers\\src\\stm32f4xx_tim.c        0x00000000   Number         0  stm32f4xx_tim.o ABSOLUTE
    ..\\Drivers\\src\\stm32f4xx_usart.c      0x00000000   Number         0  stm32f4xx_usart.o ABSOLUTE
    ..\\FastMathFunctions\\arm_cos_f32.c     0x00000000   Number         0  arm_cos_f32.o ABSOLUTE
    ..\\FastMathFunctions\\arm_sin_f32.c     0x00000000   Number         0  arm_sin_f32.o ABSOLUTE
    ..\\RTOS\\make_task.c                    0x00000000   Number         0  make_task.o ABSOLUTE
    ..\\RTOS\\portable\\RVDS\\ARM_CM4F\\port.c 0x00000000   Number         0  port.o ABSOLUTE
    ..\\exti_driver\\RM_motor.c              0x00000000   Number         0  rm_motor.o ABSOLUTE
    ..\exti_driver\RM_motor.c                0x00000000   Number         0  rm_motor.o ABSOLUTE
    dc.s                                     0x00000000   Number         0  dc.o ABSOLUTE
    handlers.s                               0x00000000   Number         0  handlers.o ABSOLUTE
    init.s                                   0x00000000   Number         0  init.o ABSOLUTE
    main.c                                   0x00000000   Number         0  main.o ABSOLUTE
    main.c                                   0x00000000   Number         0  main.o ABSOLUTE
    stm32f4xx_it.c                           0x00000000   Number         0  stm32f4xx_it.o ABSOLUTE
    stm32f4xx_it.c                           0x00000000   Number         0  stm32f4xx_it.o ABSOLUTE
    system_stm32f4xx.c                       0x00000000   Number         0  system_stm32f4xx.o ABSOLUTE
    system_stm32f4xx.c                       0x00000000   Number         0  system_stm32f4xx.o ABSOLUTE
    RESET                                    0x08000000   Section      392  startup_stm32f40_41xxx.o(RESET)
    .ARM.Collect$$$$00000000                 0x08000188   Section        0  entry.o(.ARM.Collect$$$$00000000)
    .ARM.Collect$$$$00000001                 0x08000188   Section        4  entry2.o(.ARM.Collect$$$$00000001)
    .ARM.Collect$$$$00000004                 0x0800018c   Section        4  entry5.o(.ARM.Collect$$$$00000004)
    .ARM.Collect$$$$00000008                 0x08000190   Section        0  entry7b.o(.ARM.Collect$$$$00000008)
    .ARM.Collect$$$$0000000A                 0x08000190   Section        0  entry8b.o(.ARM.Collect$$$$0000000A)
    .ARM.Collect$$$$0000000B                 0x08000190   Section        8  entry9a.o(.ARM.Collect$$$$0000000B)
    .ARM.Collect$$$$0000000D                 0x08000198   Section        0  entry10a.o(.ARM.Collect$$$$0000000D)
    .ARM.Collect$$$$0000000F                 0x08000198   Section        0  entry11a.o(.ARM.Collect$$$$0000000F)
    .ARM.Collect$$$$00002712                 0x08000198   Section        4  entry2.o(.ARM.Collect$$$$00002712)
    __lit__00000000                          0x08000198   Data           4  entry2.o(.ARM.Collect$$$$00002712)
    .emb_text                                0x0800019c   Section      190  port.o(.emb_text)
    $v0                                      0x0800019c   Number         0  port.o(.emb_text)
    .text                                    0x0800025c   Section       36  startup_stm32f40_41xxx.o(.text)
    $v0                                      0x0800025c   Number         0  startup_stm32f40_41xxx.o(.text)
    .text                                    0x08000280   Section        0  arm_cos_f32.o(.text)
    .text                                    0x080002f8   Section        0  arm_sin_f32.o(.text)
    .text                                    0x0800036c   Section        0  arm_sin_cos_f32.o(.text)
    .text                                    0x08000470   Section        0  memcpya.o(.text)
    .text                                    0x08000494   Section        0  memseta.o(.text)
    .text                                    0x080004b8   Section        0  dadd.o(.text)
    .text                                    0x08000606   Section        0  dmul.o(.text)
    .text                                    0x080006ea   Section        0  dflti.o(.text)
    .text                                    0x0800070c   Section        0  f2d.o(.text)
    .text                                    0x08000732   Section        0  d2f.o(.text)
    .text                                    0x0800076a   Section        0  llshl.o(.text)
    .text                                    0x08000788   Section        0  llsshr.o(.text)
    .text                                    0x080007ac   Section        0  iusefp.o(.text)
    .text                                    0x080007ac   Section        0  fepilogue.o(.text)
    .text                                    0x0800081a   Section        0  depilogue.o(.text)
    .text                                    0x080008d4   Section       36  init.o(.text)
    .text                                    0x080008f8   Section        0  llushr.o(.text)
    .text                                    0x08000918   Section        0  __dczerorl2.o(.text)
    i.AHRS_asinf                             0x0800096e   Section        0  ahrs_middleware.o(i.AHRS_asinf)
    i.AHRS_atan2f                            0x08000972   Section        0  ahrs_middleware.o(i.AHRS_atan2f)
    i.AHRS_cosf                              0x08000976   Section        0  ahrs_middleware.o(i.AHRS_cosf)
    i.AHRS_fabs                              0x0800097a   Section        0  ahrs.o(i.AHRS_fabs)
    AHRS_fabs                                0x0800097b   Thumb Code    26  ahrs.o(i.AHRS_fabs)
    i.AHRS_get_height                        0x08000994   Section        0  ahrs_middleware.o(i.AHRS_get_height)
    i.AHRS_get_latitude                      0x080009a8   Section        0  ahrs_middleware.o(i.AHRS_get_latitude)
    i.AHRS_init                              0x080009b8   Section        0  ahrs.o(i.AHRS_init)
    i.AHRS_invSqrt                           0x08000c54   Section        0  ahrs_middleware.o(i.AHRS_invSqrt)
    i.AHRS_sinf                              0x08000c76   Section        0  ahrs_middleware.o(i.AHRS_sinf)
    i.AHRS_update                            0x08000c7a   Section        0  ahrs.o(i.AHRS_update)
    i.BMI088_delay_ms                        0x08000db4   Section        0  bsp_delay.o(i.BMI088_delay_ms)
    i.BMI088_delay_us                        0x08000df8   Section        0  bsp_delay.o(i.BMI088_delay_us)
    i.BMI088_init                            0x08000e28   Section        0  bsp_gyro_accal.o(i.BMI088_init)
    i.BMI088_read                            0x08000fd8   Section        0  bsp_gyro_accal.o(i.BMI088_read)
    i.BusFault_Handler                       0x0800118c   Section        0  stm32f4xx_it.o(i.BusFault_Handler)
    i.CAN1_RX0_IRQHandler                    0x08001190   Section        0  remote_task.o(i.CAN1_RX0_IRQHandler)
    i.CAN1_init                              0x08001218   Section        0  bsp_can.o(i.CAN1_init)
    i.CAN2_RX0_IRQHandler                    0x080012f4   Section        0  bsp_motor.o(i.CAN2_RX0_IRQHandler)
    i.CAN2_init                              0x08001348   Section        0  bsp_can.o(i.CAN2_init)
    i.CAN_ClearITPendingBit                  0x08001428   Section        0  stm32f4xx_can.o(i.CAN_ClearITPendingBit)
    i.CAN_FilterInit                         0x080014c4   Section        0  stm32f4xx_can.o(i.CAN_FilterInit)
    i.CAN_GetITStatus                        0x080015b4   Section        0  stm32f4xx_can.o(i.CAN_GetITStatus)
    i.CAN_ITConfig                           0x080016c4   Section        0  stm32f4xx_can.o(i.CAN_ITConfig)
    i.CAN_Init                               0x080016d4   Section        0  stm32f4xx_can.o(i.CAN_Init)
    i.CAN_Receive                            0x080017c8   Section        0  stm32f4xx_can.o(i.CAN_Receive)
    i.CAN_Transmit                           0x0800187c   Section        0  stm32f4xx_can.o(i.CAN_Transmit)
    i.CAN_TransmitStatus                     0x08001940   Section        0  stm32f4xx_can.o(i.CAN_TransmitStatus)
    i.Chassis_task                           0x080019c0   Section        0  chassis_task.o(i.Chassis_task)
    i.DMA_Init                               0x08001d6c   Section        0  stm32f4xx_dma.o(i.DMA_Init)
    i.DebugMon_Handler                       0x08001de4   Section        0  stm32f4xx_it.o(i.DebugMon_Handler)
    i.FZ_math_StepToSlope_cale               0x08001de6   Section        0  z_math.o(i.FZ_math_StepToSlope_cale)
    i.FZ_math_absolute                       0x08001e50   Section        0  z_math.o(i.FZ_math_absolute)
    i.FZ_math_limt                           0x08001e80   Section        0  z_math.o(i.FZ_math_limt)
    i.GPIO_Init                              0x08001ea4   Section        0  stm32f4xx_gpio.o(i.GPIO_Init)
    i.GPIO_PinAFConfig                       0x08001f3e   Section        0  stm32f4xx_gpio.o(i.GPIO_PinAFConfig)
    i.GPIO_ResetBits                         0x08001f60   Section        0  stm32f4xx_gpio.o(i.GPIO_ResetBits)
    i.GPIO_SetBits                           0x08001f64   Section        0  stm32f4xx_gpio.o(i.GPIO_SetBits)
    i.GYRO_task                              0x08001f68   Section        0  gyro_task.o(i.GYRO_task)
    i.HardFault_Handler                      0x08002254   Section        0  stm32f4xx_it.o(i.HardFault_Handler)
    i.LED_init                               0x08002258   Section        0  bsp_led.o(i.LED_init)
    i.MemManage_Handler                      0x080022c8   Section        0  stm32f4xx_it.o(i.MemManage_Handler)
    i.NMI_Handler                            0x080022ca   Section        0  stm32f4xx_it.o(i.NMI_Handler)
    i.NVIC_Init                              0x080022cc   Section        0  misc.o(i.NVIC_Init)
    i.NVIC_PriorityGroupConfig               0x0800233c   Section        0  misc.o(i.NVIC_PriorityGroupConfig)
    i.PID_Init                               0x08002350   Section        0  pid.o(i.PID_Init)
    i.PID_cale                               0x08002378   Section        0  pid.o(i.PID_cale)
    i.RCC_AHB1PeriphClockCmd                 0x0800242c   Section        0  stm32f4xx_rcc.o(i.RCC_AHB1PeriphClockCmd)
    i.RCC_APB1PeriphClockCmd                 0x08002444   Section        0  stm32f4xx_rcc.o(i.RCC_APB1PeriphClockCmd)
    i.RCC_APB2PeriphClockCmd                 0x0800245c   Section        0  stm32f4xx_rcc.o(i.RCC_APB2PeriphClockCmd)
    i.RCC_GetClocksFreq                      0x08002474   Section        0  stm32f4xx_rcc.o(i.RCC_GetClocksFreq)
    i.RM_motor_send                          0x08002520   Section        0  rm_motor.o(i.RM_motor_send)
    i.SPI_I2S_GetFlagStatus                  0x08002586   Section        0  stm32f4xx_spi.o(i.SPI_I2S_GetFlagStatus)
    i.SPI_I2S_ReceiveData                    0x08002594   Section        0  stm32f4xx_spi.o(i.SPI_I2S_ReceiveData)
    i.SPI_I2S_SendData                       0x08002598   Section        0  stm32f4xx_spi.o(i.SPI_I2S_SendData)
    i.SPI_ReadWriteByte                      0x0800259c   Section        0  bsp_spi.o(i.SPI_ReadWriteByte)
    i.SysTick_Handler                        0x080025cc   Section        0  port.o(i.SysTick_Handler)
    i.SystemInit                             0x080025f8   Section        0  system_stm32f4xx.o(i.SystemInit)
    i.TIM3_IRQHandler                        0x080026fc   Section        0  bsp_tim.o(i.TIM3_IRQHandler)
    i.TIM5_IRQHandler                        0x08002720   Section        0  bsp_tim.o(i.TIM5_IRQHandler)
    i.TIM_ClearITPendingBit                  0x080027a4   Section        0  stm32f4xx_tim.o(i.TIM_ClearITPendingBit)
    i.TIM_Cmd                                0x080027aa   Section        0  stm32f4xx_tim.o(i.TIM_Cmd)
    i.TIM_GetCapture1                        0x080027bc   Section        0  stm32f4xx_tim.o(i.TIM_GetCapture1)
    i.TIM_GetITStatus                        0x080027c0   Section        0  stm32f4xx_tim.o(i.TIM_GetITStatus)
    i.TIM_OC1PolarityConfig                  0x080027d6   Section        0  stm32f4xx_tim.o(i.TIM_OC1PolarityConfig)
    i.TIM_SetCompare1                        0x080027e2   Section        0  stm32f4xx_tim.o(i.TIM_SetCompare1)
    i.TIM_SetCompare3                        0x080027e6   Section        0  stm32f4xx_tim.o(i.TIM_SetCompare3)
    i.TIM_SetCounter                         0x080027ea   Section        0  stm32f4xx_tim.o(i.TIM_SetCounter)
    i.USART1_Init                            0x080027f0   Section        0  bsp_usart.o(i.USART1_Init)
    i.USART_Cmd                              0x08002928   Section        0  stm32f4xx_usart.o(i.USART_Cmd)
    i.USART_DMACmd                           0x0800293a   Section        0  stm32f4xx_usart.o(i.USART_DMACmd)
    i.USART_ITConfig                         0x0800294a   Section        0  stm32f4xx_usart.o(i.USART_ITConfig)
    i.USART_Init                             0x0800297c   Section        0  stm32f4xx_usart.o(i.USART_Init)
    i.UsageFault_Handler                     0x08002a34   Section        0  stm32f4xx_it.o(i.UsageFault_Handler)
    i.VLEDBlink_ofdetection_update           0x08002a38   Section        0  led_blink_task.o(i.VLEDBlink_ofdetection_update)
    i.__ARM_fpclassifyf                      0x08002a44   Section        0  fpclassifyf.o(i.__ARM_fpclassifyf)
    i.__hardfp_asinf                         0x08002a6c   Section        0  asinf.o(i.__hardfp_asinf)
    i.__hardfp_atan2f                        0x08002b98   Section        0  atan2f.o(i.__hardfp_atan2f)
    i.__hardfp_sqrtf                         0x08002de8   Section        0  sqrtf_full.o(i.__hardfp_sqrtf)
    i.__mathlib_flt_infnan                   0x08002e22   Section        0  funder.o(i.__mathlib_flt_infnan)
    i.__mathlib_flt_infnan2                  0x08002e28   Section        0  funder.o(i.__mathlib_flt_infnan2)
    i.__mathlib_flt_invalid                  0x08002e30   Section        0  funder.o(i.__mathlib_flt_invalid)
    i.__mathlib_flt_underflow                0x08002e40   Section        0  funder.o(i.__mathlib_flt_underflow)
    i.__scatterload_copy                     0x08002e50   Section       14  handlers.o(i.__scatterload_copy)
    i.__scatterload_null                     0x08002e5e   Section        2  handlers.o(i.__scatterload_null)
    i.__scatterload_zeroinit                 0x08002e60   Section       14  handlers.o(i.__scatterload_zeroinit)
    i.__set_errno                            0x08002e70   Section        0  errno.o(i.__set_errno)
    i.accel_comple_filter                    0x08002e7c   Section        0  ahrs.o(i.accel_comple_filter)
    accel_comple_filter                      0x08002e7d   Thumb Code   454  ahrs.o(i.accel_comple_filter)
    i.accel_update_kp_ki                     0x0800304c   Section        0  ahrs.o(i.accel_update_kp_ki)
    accel_update_kp_ki                       0x0800304d   Thumb Code   370  ahrs.o(i.accel_update_kp_ki)
    i.angle_to_quat                          0x080031d8   Section        0  ahrs.o(i.angle_to_quat)
    angle_to_quat                            0x080031d9   Thumb Code   364  ahrs.o(i.angle_to_quat)
    i.bmi088_accel_self_test                 0x08003344   Section        0  bsp_gyro_accal.o(i.bmi088_accel_self_test)
    i.bmi088_gyro_init                       0x08003734   Section        0  bsp_gyro_accal.o(i.bmi088_gyro_init)
    i.bmi088_gyro_self_test                  0x0800389c   Section        0  bsp_gyro_accal.o(i.bmi088_gyro_self_test)
    i.buzzer_task                            0x080039e4   Section        0  buzzer_task.o(i.buzzer_task)
    i.chassis_follow_chassis_solve           0x08003a30   Section        0  chassis_behave.o(i.chassis_follow_chassis_solve)
    i.chassis_follow_gym_solve               0x08003a84   Section        0  chassis_behave.o(i.chassis_follow_gym_solve)
    i.chassis_revolve_solve                  0x08003b28   Section        0  chassis_behave.o(i.chassis_revolve_solve)
    i.chassis_zero_solve                     0x08003bac   Section        0  chassis_behave.o(i.chassis_zero_solve)
    i.create_task                            0x08003bb4   Section        0  make_task.o(i.create_task)
    i.get_angle                              0x08003c50   Section        0  ahrs.o(i.get_angle)
    i.get_angle_p                            0x08003d38   Section        0  remote_task.o(i.get_angle_p)
    i.get_speed_set_p                        0x08003d40   Section        0  remote_task.o(i.get_speed_set_p)
    i.imu_cali_slove                         0x08003d48   Section        0  gyro_task.o(i.imu_cali_slove)
    imu_cali_slove                           0x08003d49   Thumb Code   466  gyro_task.o(i.imu_cali_slove)
    i.led_task                               0x08003f24   Section        0  led_blink_task.o(i.led_task)
    i.main                                   0x08004068   Section        0  main.o(i.main)
    i.motor_msg_decode_3508                  0x0800408c   Section        0  rm_motor.o(i.motor_msg_decode_3508)
    i.prvAddCurrentTaskToDelayedList         0x080040d8   Section        0  tasks.o(i.prvAddCurrentTaskToDelayedList)
    prvAddCurrentTaskToDelayedList           0x080040d9   Thumb Code   136  tasks.o(i.prvAddCurrentTaskToDelayedList)
    i.prvIdleTask                            0x08004168   Section        0  tasks.o(i.prvIdleTask)
    prvIdleTask                              0x08004169   Thumb Code    88  tasks.o(i.prvIdleTask)
    i.prvProcessExpiredTimer                 0x080041cc   Section        0  timers.o(i.prvProcessExpiredTimer)
    prvProcessExpiredTimer                   0x080041cd   Thumb Code   156  timers.o(i.prvProcessExpiredTimer)
    i.prvSampleTimeNow                       0x0800426c   Section        0  timers.o(i.prvSampleTimeNow)
    prvSampleTimeNow                         0x0800426d   Thumb Code   208  timers.o(i.prvSampleTimeNow)
    i.prvTaskExitError                       0x08004340   Section        0  port.o(i.prvTaskExitError)
    prvTaskExitError                         0x08004341   Thumb Code    38  port.o(i.prvTaskExitError)
    i.prvTimerTask                           0x0800436c   Section        0  timers.o(i.prvTimerTask)
    prvTimerTask                             0x0800436d   Thumb Code   706  timers.o(i.prvTimerTask)
    i.prvUnlockQueue                         0x08004638   Section        0  queue.o(i.prvUnlockQueue)
    prvUnlockQueue                           0x08004639   Thumb Code   108  queue.o(i.prvUnlockQueue)
    i.pvPortMalloc                           0x080046a4   Section        0  heap_4.o(i.pvPortMalloc)
    i.pxPortInitialiseStack                  0x0800480c   Section        0  port.o(i.pxPortInitialiseStack)
    i.quat_normalization                     0x08004838   Section        0  ahrs.o(i.quat_normalization)
    quat_normalization                       0x08004839   Thumb Code   126  ahrs.o(i.quat_normalization)
    i.sqrtf                                  0x080048bc   Section        0  sqrtf_full.o(i.sqrtf)
    i.update_w                               0x080048fa   Section        0  ahrs.o(i.update_w)
    update_w                                 0x080048fb   Thumb Code   122  ahrs.o(i.update_w)
    i.uxListRemove                           0x08004974   Section        0  list.o(i.uxListRemove)
    i.vListInitialise                        0x0800499a   Section        0  list.o(i.vListInitialise)
    i.vListInitialiseItem                    0x080049b0   Section        0  list.o(i.vListInitialiseItem)
    i.vListInsert                            0x080049b8   Section        0  list.o(i.vListInsert)
    i.vPortEnterCritical                     0x080049f4   Section        0  port.o(i.vPortEnterCritical)
    i.vPortExitCritical                      0x08004a34   Section        0  port.o(i.vPortExitCritical)
    i.vPortFree                              0x08004a60   Section        0  heap_4.o(i.vPortFree)
    i.vPortSetupTimerInterrupt               0x08004b08   Section        0  port.o(i.vPortSetupTimerInterrupt)
    i.vQueueAddToRegistry                    0x08004b2c   Section        0  queue.o(i.vQueueAddToRegistry)
    i.vQueueWaitForMessageRestricted         0x08004b84   Section        0  queue.o(i.vQueueWaitForMessageRestricted)
    i.vTaskDelay                             0x08004bd0   Section        0  tasks.o(i.vTaskDelay)
    i.vTaskInternalSetTimeOutState           0x08004c1c   Section        0  tasks.o(i.vTaskInternalSetTimeOutState)
    i.vTaskMissedYield                       0x08004c2c   Section        0  tasks.o(i.vTaskMissedYield)
    i.vTaskPlaceOnEventList                  0x08004c38   Section        0  tasks.o(i.vTaskPlaceOnEventList)
    i.vTaskPlaceOnEventListRestricted        0x08004c6c   Section        0  tasks.o(i.vTaskPlaceOnEventListRestricted)
    i.vTaskStartScheduler                    0x08004cc0   Section        0  tasks.o(i.vTaskStartScheduler)
    i.vTaskSuspendAll                        0x08004d38   Section        0  tasks.o(i.vTaskSuspendAll)
    i.vTaskSwitchContext                     0x08004d48   Section        0  tasks.o(i.vTaskSwitchContext)
    i.xPortStartScheduler                    0x08004da4   Section        0  port.o(i.xPortStartScheduler)
    i.xQueueGenericCreate                    0x08004ea8   Section        0  queue.o(i.xQueueGenericCreate)
    i.xQueueReceive                          0x08004f58   Section        0  queue.o(i.xQueueReceive)
    i.xTaskCheckForTimeOut                   0x080050b0   Section        0  tasks.o(i.xTaskCheckForTimeOut)
    i.xTaskCreate                            0x08005138   Section        0  tasks.o(i.xTaskCreate)
    i.xTaskGetSchedulerState                 0x080052ec   Section        0  tasks.o(i.xTaskGetSchedulerState)
    i.xTaskGetTickCount                      0x08005308   Section        0  tasks.o(i.xTaskGetTickCount)
    i.xTaskIncrementTick                     0x08005314   Section        0  tasks.o(i.xTaskIncrementTick)
    i.xTaskRemoveFromEventList               0x0800549c   Section        0  tasks.o(i.xTaskRemoveFromEventList)
    i.xTaskResumeAll                         0x0800558c   Section        0  tasks.o(i.xTaskResumeAll)
    i.xTimerCreateTimerTask                  0x080056dc   Section        0  timers.o(i.xTimerCreateTimerTask)
    .constdata                               0x08005770   Section       12  gyro_task.o(.constdata)
    .constdata                               0x0800577c   Section       18  bsp_gyro_accal.o(.constdata)
    write_BMI088_ACCEL_self_test_Reg_Data_Error 0x0800577c   Data          18  bsp_gyro_accal.o(.constdata)
    .constdata                               0x08005790   Section       12  ahrs.o(.constdata)
    .constdata                               0x0800579c   Section     2052  arm_common_tables.o(.constdata)
    .data                                    0x20000000   Section       20  system_stm32f4xx.o(.data)
    .data                                    0x20000014   Section       16  stm32f4xx_rcc.o(.data)
    APBAHBPrescTable                         0x20000014   Data          16  stm32f4xx_rcc.o(.data)
    .data                                    0x20000024   Section        7  led_blink_task.o(.data)
    .data                                    0x2000002b   Section       16  remote_task.o(.data)
    .data                                    0x2000003c   Section      108  gyro_task.o(.data)
    .data                                    0x200000a8   Section        1  bsp_usart.o(.data)
    .data                                    0x200000ac   Section        8  bsp_tim.o(.data)
    .data                                    0x200000b4   Section       44  bsp_gyro_accal.o(.data)
    write_BMI088_accel_reg_data_error        0x200000bc   Data          18  bsp_gyro_accal.o(.data)
    write_BMI088_gyro_reg_data_error         0x200000ce   Data          18  bsp_gyro_accal.o(.data)
    .data                                    0x200000e0   Section       64  tasks.o(.data)
    uxDeletedTasksWaitingCleanUp             0x200000e4   Data           4  tasks.o(.data)
    uxCurrentNumberOfTasks                   0x200000e8   Data           4  tasks.o(.data)
    xTickCount                               0x200000ec   Data           4  tasks.o(.data)
    uxTopReadyPriority                       0x200000f0   Data           4  tasks.o(.data)
    xSchedulerRunning                        0x200000f4   Data           4  tasks.o(.data)
    xPendedTicks                             0x200000f8   Data           4  tasks.o(.data)
    xYieldPending                            0x200000fc   Data           4  tasks.o(.data)
    xNumOfOverflows                          0x20000100   Data           4  tasks.o(.data)
    uxTaskNumber                             0x20000104   Data           4  tasks.o(.data)
    xNextTaskUnblockTime                     0x20000108   Data           4  tasks.o(.data)
    xIdleTaskHandle                          0x2000010c   Data           4  tasks.o(.data)
    uxSchedulerSuspended                     0x20000114   Data           4  tasks.o(.data)
    pxDelayedTaskList                        0x20000118   Data           4  tasks.o(.data)
    pxOverflowDelayedTaskList                0x2000011c   Data           4  tasks.o(.data)
    .data                                    0x20000120   Section       20  timers.o(.data)
    xTimerQueue                              0x20000120   Data           4  timers.o(.data)
    xTimerTaskHandle                         0x20000124   Data           4  timers.o(.data)
    xLastTime                                0x20000128   Data           4  timers.o(.data)
    pxCurrentTimerList                       0x2000012c   Data           4  timers.o(.data)
    pxOverflowTimerList                      0x20000130   Data           4  timers.o(.data)
    .data                                    0x20000134   Section       28  heap_4.o(.data)
    pxEnd                                    0x20000134   Data           4  heap_4.o(.data)
    xFreeBytesRemaining                      0x20000138   Data           4  heap_4.o(.data)
    xMinimumEverFreeBytesRemaining           0x2000013c   Data           4  heap_4.o(.data)
    xNumberOfSuccessfulAllocations           0x20000140   Data           4  heap_4.o(.data)
    xNumberOfSuccessfulFrees                 0x20000144   Data           4  heap_4.o(.data)
    xStart                                   0x20000148   Data           8  heap_4.o(.data)
    .data                                    0x20000150   Section       12  port.o(.data)
    ucMaxSysCallPriority                     0x20000150   Data           1  port.o(.data)
    uxCriticalNesting                        0x20000154   Data           4  port.o(.data)
    ulMaxPRIGROUPValue                       0x20000158   Data           4  port.o(.data)
    .data                                    0x2000015c   Section       16  ahrs.o(.data)
    local_hight                              0x2000015c   Data           4  ahrs.o(.data)
    latitude                                 0x20000160   Data           4  ahrs.o(.data)
    local_gravity                            0x20000164   Data           4  ahrs.o(.data)
    carrier_gravity                          0x20000168   Data           4  ahrs.o(.data)
    .data                                    0x2000016c   Section        4  errno.o(.data)
    _errno                                   0x2000016c   Data           4  errno.o(.data)
    .bss                                     0x20000170   Section       20  led_blink_task.o(.bss)
    time_list                                0x20000170   Data          20  led_blink_task.o(.bss)
    .bss                                     0x20000184   Section      552  chassis_task.o(.bss)
    .bss                                     0x200003ac   Section      280  gyro_task.o(.bss)
    accel_fliter_1                           0x200003d0   Data          12  gyro_task.o(.bss)
    accel_fliter_2                           0x200003dc   Data          12  gyro_task.o(.bss)
    accel_fliter_3                           0x200003e8   Data          12  gyro_task.o(.bss)
    INS_gyro                                 0x200003f4   Data          12  gyro_task.o(.bss)
    INS_accel                                0x20000400   Data          12  gyro_task.o(.bss)
    INS_mag                                  0x2000040c   Data          12  gyro_task.o(.bss)
    INS_quat                                 0x20000418   Data          16  gyro_task.o(.bss)
    .bss                                     0x200004c4   Section       34  bsp_usart.o(.bss)
    .bss                                     0x200004e8   Section       64  queue.o(.bss)
    .bss                                     0x20000528   Section      200  tasks.o(.bss)
    pxReadyTasksLists                        0x20000528   Data         100  tasks.o(.bss)
    xDelayedTaskList1                        0x2000058c   Data          20  tasks.o(.bss)
    xDelayedTaskList2                        0x200005a0   Data          20  tasks.o(.bss)
    xPendingReadyList                        0x200005b4   Data          20  tasks.o(.bss)
    xTasksWaitingTermination                 0x200005c8   Data          20  tasks.o(.bss)
    xSuspendedTaskList                       0x200005dc   Data          20  tasks.o(.bss)
    .bss                                     0x200005f0   Section       40  timers.o(.bss)
    xActiveTimerList1                        0x200005f0   Data          20  timers.o(.bss)
    xActiveTimerList2                        0x20000604   Data          20  timers.o(.bss)
    .bss                                     0x20000618   Section    76800  heap_4.o(.bss)
    ucHeap                                   0x20000618   Data       76800  heap_4.o(.bss)
    STACK                                    0x20013218   Section     1024  startup_stm32f40_41xxx.o(STACK)

    Global Symbols

    Symbol Name                              Value     Ov Type        Size  Object(Section)

    BuildAttributes$$THM_ISAv4$E$P$D$K$B$S$7EM$VFPi3$EXTD16$VFPS$VFMA$PE$A:L22UL41UL21$X:L11$S22US41US21$IEEE1$IW$USESV6$~STKCKD$USESV7$~SHL$OTIME$ROPI$IEEEX$EBA8$MICROLIB$REQ8$PRES8$EABIv2 0x00000000   Number         0  anon$$obj.o ABSOLUTE
    __ARM_use_no_argv                        0x00000000   Number         0  main.o ABSOLUTE
    __cpp_initialize__aeabi_                  - Undefined Weak Reference
    __cxa_finalize                            - Undefined Weak Reference
    _clock_init                               - Undefined Weak Reference
    _microlib_exit                            - Undefined Weak Reference
    __Vectors_Size                           0x00000188   Number         0  startup_stm32f40_41xxx.o ABSOLUTE
    __Vectors                                0x08000000   Data           4  startup_stm32f40_41xxx.o(RESET)
    __Vectors_End                            0x08000188   Data           0  startup_stm32f40_41xxx.o(RESET)
    __main                                   0x08000189   Thumb Code     0  entry.o(.ARM.Collect$$$$00000000)
    _main_stk                                0x08000189   Thumb Code     0  entry2.o(.ARM.Collect$$$$00000001)
    _main_scatterload                        0x0800018d   Thumb Code     0  entry5.o(.ARM.Collect$$$$00000004)
    __main_after_scatterload                 0x08000191   Thumb Code     0  entry5.o(.ARM.Collect$$$$00000004)
    _main_clock                              0x08000191   Thumb Code     0  entry7b.o(.ARM.Collect$$$$00000008)
    _main_cpp_init                           0x08000191   Thumb Code     0  entry8b.o(.ARM.Collect$$$$0000000A)
    _main_init                               0x08000191   Thumb Code     0  entry9a.o(.ARM.Collect$$$$0000000B)
    __rt_final_cpp                           0x08000199   Thumb Code     0  entry10a.o(.ARM.Collect$$$$0000000D)
    __rt_final_exit                          0x08000199   Thumb Code     0  entry11a.o(.ARM.Collect$$$$0000000F)
    SVC_Handler                              0x0800019d   Thumb Code    28  port.o(.emb_text)
    __asm___6_port_c_39a90d8d__prvStartFirstTask 0x080001bd   Thumb Code    36  port.o(.emb_text)
    __asm___6_port_c_39a90d8d__prvEnableVFP  0x080001e5   Thumb Code    16  port.o(.emb_text)
    PendSV_Handler                           0x080001f9   Thumb Code    88  port.o(.emb_text)
    vPortGetIPSR                             0x08000255   Thumb Code     6  port.o(.emb_text)
    Reset_Handler                            0x0800025d   Thumb Code     8  startup_stm32f40_41xxx.o(.text)
    ADC_IRQHandler                           0x08000277   Thumb Code     0  startup_stm32f40_41xxx.o(.text)
    CAN1_RX1_IRQHandler                      0x08000277   Thumb Code     0  startup_stm32f40_41xxx.o(.text)
    CAN1_SCE_IRQHandler                      0x08000277   Thumb Code     0  startup_stm32f40_41xxx.o(.text)
    CAN1_TX_IRQHandler                       0x08000277   Thumb Code     0  startup_stm32f40_41xxx.o(.text)
    CAN2_RX1_IRQHandler                      0x08000277   Thumb Code     0  startup_stm32f40_41xxx.o(.text)
    CAN2_SCE_IRQHandler                      0x08000277   Thumb Code     0  startup_stm32f40_41xxx.o(.text)
    CAN2_TX_IRQHandler                       0x08000277   Thumb Code     0  startup_stm32f40_41xxx.o(.text)
    CRYP_IRQHandler                          0x08000277   Thumb Code     0  startup_stm32f40_41xxx.o(.text)
    DCMI_IRQHandler                          0x08000277   Thumb Code     0  startup_stm32f40_41xxx.o(.text)
    DMA1_Stream0_IRQHandler                  0x08000277   Thumb Code     0  startup_stm32f40_41xxx.o(.text)
    DMA1_Stream1_IRQHandler                  0x08000277   Thumb Code     0  startup_stm32f40_41xxx.o(.text)
    DMA1_Stream2_IRQHandler                  0x08000277   Thumb Code     0  startup_stm32f40_41xxx.o(.text)
    DMA1_Stream3_IRQHandler                  0x08000277   Thumb Code     0  startup_stm32f40_41xxx.o(.text)
    DMA1_Stream4_IRQHandler                  0x08000277   Thumb Code     0  startup_stm32f40_41xxx.o(.text)
    DMA1_Stream5_IRQHandler                  0x08000277   Thumb Code     0  startup_stm32f40_41xxx.o(.text)
    DMA1_Stream6_IRQHandler                  0x08000277   Thumb Code     0  startup_stm32f40_41xxx.o(.text)
    DMA1_Stream7_IRQHandler                  0x08000277   Thumb Code     0  startup_stm32f40_41xxx.o(.text)
    DMA2_Stream0_IRQHandler                  0x08000277   Thumb Code     0  startup_stm32f40_41xxx.o(.text)
    DMA2_Stream1_IRQHandler                  0x08000277   Thumb Code     0  startup_stm32f40_41xxx.o(.text)
    DMA2_Stream2_IRQHandler                  0x08000277   Thumb Code     0  startup_stm32f40_41xxx.o(.text)
    DMA2_Stream3_IRQHandler                  0x08000277   Thumb Code     0  startup_stm32f40_41xxx.o(.text)
    DMA2_Stream4_IRQHandler                  0x08000277   Thumb Code     0  startup_stm32f40_41xxx.o(.text)
    DMA2_Stream5_IRQHandler                  0x08000277   Thumb Code     0  startup_stm32f40_41xxx.o(.text)
    DMA2_Stream6_IRQHandler                  0x08000277   Thumb Code     0  startup_stm32f40_41xxx.o(.text)
    DMA2_Stream7_IRQHandler                  0x08000277   Thumb Code     0  startup_stm32f40_41xxx.o(.text)
    ETH_IRQHandler                           0x08000277   Thumb Code     0  startup_stm32f40_41xxx.o(.text)
    ETH_WKUP_IRQHandler                      0x08000277   Thumb Code     0  startup_stm32f40_41xxx.o(.text)
    EXTI0_IRQHandler                         0x08000277   Thumb Code     0  startup_stm32f40_41xxx.o(.text)
    EXTI15_10_IRQHandler                     0x08000277   Thumb Code     0  startup_stm32f40_41xxx.o(.text)
    EXTI1_IRQHandler                         0x08000277   Thumb Code     0  startup_stm32f40_41xxx.o(.text)
    EXTI2_IRQHandler                         0x08000277   Thumb Code     0  startup_stm32f40_41xxx.o(.text)
    EXTI3_IRQHandler                         0x08000277   Thumb Code     0  startup_stm32f40_41xxx.o(.text)
    EXTI4_IRQHandler                         0x08000277   Thumb Code     0  startup_stm32f40_41xxx.o(.text)
    EXTI9_5_IRQHandler                       0x08000277   Thumb Code     0  startup_stm32f40_41xxx.o(.text)
    FLASH_IRQHandler                         0x08000277   Thumb Code     0  startup_stm32f40_41xxx.o(.text)
    FPU_IRQHandler                           0x08000277   Thumb Code     0  startup_stm32f40_41xxx.o(.text)
    FSMC_IRQHandler                          0x08000277   Thumb Code     0  startup_stm32f40_41xxx.o(.text)
    HASH_RNG_IRQHandler                      0x08000277   Thumb Code     0  startup_stm32f40_41xxx.o(.text)
    I2C1_ER_IRQHandler                       0x08000277   Thumb Code     0  startup_stm32f40_41xxx.o(.text)
    I2C1_EV_IRQHandler                       0x08000277   Thumb Code     0  startup_stm32f40_41xxx.o(.text)
    I2C2_ER_IRQHandler                       0x08000277   Thumb Code     0  startup_stm32f40_41xxx.o(.text)
    I2C2_EV_IRQHandler                       0x08000277   Thumb Code     0  startup_stm32f40_41xxx.o(.text)
    I2C3_ER_IRQHandler                       0x08000277   Thumb Code     0  startup_stm32f40_41xxx.o(.text)
    I2C3_EV_IRQHandler                       0x08000277   Thumb Code     0  startup_stm32f40_41xxx.o(.text)
    OTG_FS_IRQHandler                        0x08000277   Thumb Code     0  startup_stm32f40_41xxx.o(.text)
    OTG_FS_WKUP_IRQHandler                   0x08000277   Thumb Code     0  startup_stm32f40_41xxx.o(.text)
    OTG_HS_EP1_IN_IRQHandler                 0x08000277   Thumb Code     0  startup_stm32f40_41xxx.o(.text)
    OTG_HS_EP1_OUT_IRQHandler                0x08000277   Thumb Code     0  startup_stm32f40_41xxx.o(.text)
    OTG_HS_IRQHandler                        0x08000277   Thumb Code     0  startup_stm32f40_41xxx.o(.text)
    OTG_HS_WKUP_IRQHandler                   0x08000277   Thumb Code     0  startup_stm32f40_41xxx.o(.text)
    PVD_IRQHandler                           0x08000277   Thumb Code     0  startup_stm32f40_41xxx.o(.text)
    RCC_IRQHandler                           0x08000277   Thumb Code     0  startup_stm32f40_41xxx.o(.text)
    RTC_Alarm_IRQHandler                     0x08000277   Thumb Code     0  startup_stm32f40_41xxx.o(.text)
    RTC_WKUP_IRQHandler                      0x08000277   Thumb Code     0  startup_stm32f40_41xxx.o(.text)
    SDIO_IRQHandler                          0x08000277   Thumb Code     0  startup_stm32f40_41xxx.o(.text)
    SPI1_IRQHandler                          0x08000277   Thumb Code     0  startup_stm32f40_41xxx.o(.text)
    SPI2_IRQHandler                          0x08000277   Thumb Code     0  startup_stm32f40_41xxx.o(.text)
    SPI3_IRQHandler                          0x08000277   Thumb Code     0  startup_stm32f40_41xxx.o(.text)
    TAMP_STAMP_IRQHandler                    0x08000277   Thumb Code     0  startup_stm32f40_41xxx.o(.text)
    TIM1_BRK_TIM9_IRQHandler                 0x08000277   Thumb Code     0  startup_stm32f40_41xxx.o(.text)
    TIM1_CC_IRQHandler                       0x08000277   Thumb Code     0  startup_stm32f40_41xxx.o(.text)
    TIM1_TRG_COM_TIM11_IRQHandler            0x08000277   Thumb Code     0  startup_stm32f40_41xxx.o(.text)
    TIM1_UP_TIM10_IRQHandler                 0x08000277   Thumb Code     0  startup_stm32f40_41xxx.o(.text)
    TIM2_IRQHandler                          0x08000277   Thumb Code     0  startup_stm32f40_41xxx.o(.text)
    TIM4_IRQHandler                          0x08000277   Thumb Code     0  startup_stm32f40_41xxx.o(.text)
    TIM6_DAC_IRQHandler                      0x08000277   Thumb Code     0  startup_stm32f40_41xxx.o(.text)
    TIM7_IRQHandler                          0x08000277   Thumb Code     0  startup_stm32f40_41xxx.o(.text)
    TIM8_BRK_TIM12_IRQHandler                0x08000277   Thumb Code     0  startup_stm32f40_41xxx.o(.text)
    TIM8_CC_IRQHandler                       0x08000277   Thumb Code     0  startup_stm32f40_41xxx.o(.text)
    TIM8_TRG_COM_TIM14_IRQHandler            0x08000277   Thumb Code     0  startup_stm32f40_41xxx.o(.text)
    TIM8_UP_TIM13_IRQHandler                 0x08000277   Thumb Code     0  startup_stm32f40_41xxx.o(.text)
    UART4_IRQHandler                         0x08000277   Thumb Code     0  startup_stm32f40_41xxx.o(.text)
    UART5_IRQHandler                         0x08000277   Thumb Code     0  startup_stm32f40_41xxx.o(.text)
    USART1_IRQHandler                        0x08000277   Thumb Code     0  startup_stm32f40_41xxx.o(.text)
    USART2_IRQHandler                        0x08000277   Thumb Code     0  startup_stm32f40_41xxx.o(.text)
    USART3_IRQHandler                        0x08000277   Thumb Code     0  startup_stm32f40_41xxx.o(.text)
    USART6_IRQHandler                        0x08000277   Thumb Code     0  startup_stm32f40_41xxx.o(.text)
    WWDG_IRQHandler                          0x08000277   Thumb Code     0  startup_stm32f40_41xxx.o(.text)
    arm_cos_f32                              0x08000281   Thumb Code   108  arm_cos_f32.o(.text)
    arm_sin_f32                              0x080002f9   Thumb Code   104  arm_sin_f32.o(.text)
    arm_sin_cos_f32                          0x0800036d   Thumb Code   242  arm_sin_cos_f32.o(.text)
    __aeabi_memcpy                           0x08000471   Thumb Code    36  memcpya.o(.text)
    __aeabi_memcpy4                          0x08000471   Thumb Code     0  memcpya.o(.text)
    __aeabi_memcpy8                          0x08000471   Thumb Code     0  memcpya.o(.text)
    __aeabi_memset                           0x08000495   Thumb Code    14  memseta.o(.text)
    __aeabi_memset4                          0x08000495   Thumb Code     0  memseta.o(.text)
    __aeabi_memset8                          0x08000495   Thumb Code     0  memseta.o(.text)
    __aeabi_memclr                           0x080004a3   Thumb Code     4  memseta.o(.text)
    __aeabi_memclr4                          0x080004a3   Thumb Code     0  memseta.o(.text)
    __aeabi_memclr8                          0x080004a3   Thumb Code     0  memseta.o(.text)
    _memset$wrapper                          0x080004a7   Thumb Code    18  memseta.o(.text)
    __aeabi_dadd                             0x080004b9   Thumb Code   322  dadd.o(.text)
    __aeabi_dsub                             0x080005fb   Thumb Code     6  dadd.o(.text)
    __aeabi_drsub                            0x08000601   Thumb Code     6  dadd.o(.text)
    __aeabi_dmul                             0x08000607   Thumb Code   228  dmul.o(.text)
    __aeabi_i2d                              0x080006eb   Thumb Code    34  dflti.o(.text)
    __aeabi_f2d                              0x0800070d   Thumb Code    38  f2d.o(.text)
    __aeabi_d2f                              0x08000733   Thumb Code    56  d2f.o(.text)
    __aeabi_llsl                             0x0800076b   Thumb Code    30  llshl.o(.text)
    _ll_shift_l                              0x0800076b   Thumb Code     0  llshl.o(.text)
    __aeabi_lasr                             0x08000789   Thumb Code    36  llsshr.o(.text)
    _ll_sshift_r                             0x08000789   Thumb Code     0  llsshr.o(.text)
    __I$use$fp                               0x080007ad   Thumb Code     0  iusefp.o(.text)
    _float_round                             0x080007ad   Thumb Code    18  fepilogue.o(.text)
    _float_epilogue                          0x080007bf   Thumb Code    92  fepilogue.o(.text)
    _double_round                            0x0800081b   Thumb Code    30  depilogue.o(.text)
    _double_epilogue                         0x08000839   Thumb Code   156  depilogue.o(.text)
    __scatterload                            0x080008d5   Thumb Code    28  init.o(.text)
    __scatterload_rt2                        0x080008d5   Thumb Code     0  init.o(.text)
    __aeabi_llsr                             0x080008f9   Thumb Code    32  llushr.o(.text)
    _ll_ushift_r                             0x080008f9   Thumb Code     0  llushr.o(.text)
    __decompress                             0x08000919   Thumb Code     0  __dczerorl2.o(.text)
    __decompress1                            0x08000919   Thumb Code    86  __dczerorl2.o(.text)
    AHRS_asinf                               0x0800096f   Thumb Code     4  ahrs_middleware.o(i.AHRS_asinf)
    AHRS_atan2f                              0x08000973   Thumb Code     4  ahrs_middleware.o(i.AHRS_atan2f)
    AHRS_cosf                                0x08000977   Thumb Code     4  ahrs_middleware.o(i.AHRS_cosf)
    AHRS_get_height                          0x08000995   Thumb Code    14  ahrs_middleware.o(i.AHRS_get_height)
    AHRS_get_latitude                        0x080009a9   Thumb Code    14  ahrs_middleware.o(i.AHRS_get_latitude)
    AHRS_init                                0x080009b9   Thumb Code   626  ahrs.o(i.AHRS_init)
    AHRS_invSqrt                             0x08000c55   Thumb Code    34  ahrs_middleware.o(i.AHRS_invSqrt)
    AHRS_sinf                                0x08000c77   Thumb Code     4  ahrs_middleware.o(i.AHRS_sinf)
    AHRS_update                              0x08000c7b   Thumb Code   314  ahrs.o(i.AHRS_update)
    BMI088_delay_ms                          0x08000db5   Thumb Code    68  bsp_delay.o(i.BMI088_delay_ms)
    BMI088_delay_us                          0x08000df9   Thumb Code    48  bsp_delay.o(i.BMI088_delay_us)
    BMI088_init                              0x08000e29   Thumb Code   418  bsp_gyro_accal.o(i.BMI088_init)
    BMI088_read                              0x08000fd9   Thumb Code   408  bsp_gyro_accal.o(i.BMI088_read)
    BusFault_Handler                         0x0800118d   Thumb Code     2  stm32f4xx_it.o(i.BusFault_Handler)
    CAN1_RX0_IRQHandler                      0x08001191   Thumb Code   122  remote_task.o(i.CAN1_RX0_IRQHandler)
    CAN1_init                                0x08001219   Thumb Code   212  bsp_can.o(i.CAN1_init)
    CAN2_RX0_IRQHandler                      0x080012f5   Thumb Code    72  bsp_motor.o(i.CAN2_RX0_IRQHandler)
    CAN2_init                                0x08001349   Thumb Code   216  bsp_can.o(i.CAN2_init)
    CAN_ClearITPendingBit                    0x08001429   Thumb Code   152  stm32f4xx_can.o(i.CAN_ClearITPendingBit)
    CAN_FilterInit                           0x080014c5   Thumb Code   218  stm32f4xx_can.o(i.CAN_FilterInit)
    CAN_GetITStatus                          0x080015b5   Thumb Code   268  stm32f4xx_can.o(i.CAN_GetITStatus)
    CAN_ITConfig                             0x080016c5   Thumb Code    16  stm32f4xx_can.o(i.CAN_ITConfig)
    CAN_Init                                 0x080016d5   Thumb Code   244  stm32f4xx_can.o(i.CAN_Init)
    CAN_Receive                              0x080017c9   Thumb Code   180  stm32f4xx_can.o(i.CAN_Receive)
    CAN_Transmit                             0x0800187d   Thumb Code   194  stm32f4xx_can.o(i.CAN_Transmit)
    CAN_TransmitStatus                       0x08001941   Thumb Code   106  stm32f4xx_can.o(i.CAN_TransmitStatus)
    Chassis_task                             0x080019c1   Thumb Code   866  chassis_task.o(i.Chassis_task)
    DMA_Init                                 0x08001d6d   Thumb Code   116  stm32f4xx_dma.o(i.DMA_Init)
    DebugMon_Handler                         0x08001de5   Thumb Code     2  stm32f4xx_it.o(i.DebugMon_Handler)
    FZ_math_StepToSlope_cale                 0x08001de7   Thumb Code   104  z_math.o(i.FZ_math_StepToSlope_cale)
    FZ_math_absolute                         0x08001e51   Thumb Code    44  z_math.o(i.FZ_math_absolute)
    FZ_math_limt                             0x08001e81   Thumb Code    34  z_math.o(i.FZ_math_limt)
    GPIO_Init                                0x08001ea5   Thumb Code   154  stm32f4xx_gpio.o(i.GPIO_Init)
    GPIO_PinAFConfig                         0x08001f3f   Thumb Code    34  stm32f4xx_gpio.o(i.GPIO_PinAFConfig)
    GPIO_ResetBits                           0x08001f61   Thumb Code     4  stm32f4xx_gpio.o(i.GPIO_ResetBits)
    GPIO_SetBits                             0x08001f65   Thumb Code     4  stm32f4xx_gpio.o(i.GPIO_SetBits)
    GYRO_task                                0x08001f69   Thumb Code   662  gyro_task.o(i.GYRO_task)
    HardFault_Handler                        0x08002255   Thumb Code     2  stm32f4xx_it.o(i.HardFault_Handler)
    LED_init                                 0x08002259   Thumb Code   106  bsp_led.o(i.LED_init)
    MemManage_Handler                        0x080022c9   Thumb Code     2  stm32f4xx_it.o(i.MemManage_Handler)
    NMI_Handler                              0x080022cb   Thumb Code     2  stm32f4xx_it.o(i.NMI_Handler)
    NVIC_Init                                0x080022cd   Thumb Code   106  misc.o(i.NVIC_Init)
    NVIC_PriorityGroupConfig                 0x0800233d   Thumb Code    14  misc.o(i.NVIC_PriorityGroupConfig)
    PID_Init                                 0x08002351   Thumb Code    40  pid.o(i.PID_Init)
    PID_cale                                 0x08002379   Thumb Code   178  pid.o(i.PID_cale)
    RCC_AHB1PeriphClockCmd                   0x0800242d   Thumb Code    18  stm32f4xx_rcc.o(i.RCC_AHB1PeriphClockCmd)
    RCC_APB1PeriphClockCmd                   0x08002445   Thumb Code    18  stm32f4xx_rcc.o(i.RCC_APB1PeriphClockCmd)
    RCC_APB2PeriphClockCmd                   0x0800245d   Thumb Code    18  stm32f4xx_rcc.o(i.RCC_APB2PeriphClockCmd)
    RCC_GetClocksFreq                        0x08002475   Thumb Code   150  stm32f4xx_rcc.o(i.RCC_GetClocksFreq)
    RM_motor_send                            0x08002521   Thumb Code   102  rm_motor.o(i.RM_motor_send)
    SPI_I2S_GetFlagStatus                    0x08002587   Thumb Code    14  stm32f4xx_spi.o(i.SPI_I2S_GetFlagStatus)
    SPI_I2S_ReceiveData                      0x08002595   Thumb Code     4  stm32f4xx_spi.o(i.SPI_I2S_ReceiveData)
    SPI_I2S_SendData                         0x08002599   Thumb Code     4  stm32f4xx_spi.o(i.SPI_I2S_SendData)
    SPI_ReadWriteByte                        0x0800259d   Thumb Code    48  bsp_spi.o(i.SPI_ReadWriteByte)
    SysTick_Handler                          0x080025cd   Thumb Code    38  port.o(i.SysTick_Handler)
    SystemInit                               0x080025f9   Thumb Code   224  system_stm32f4xx.o(i.SystemInit)
    TIM3_IRQHandler                          0x080026fd   Thumb Code    30  bsp_tim.o(i.TIM3_IRQHandler)
    TIM5_IRQHandler                          0x08002721   Thumb Code   124  bsp_tim.o(i.TIM5_IRQHandler)
    TIM_ClearITPendingBit                    0x080027a5   Thumb Code     6  stm32f4xx_tim.o(i.TIM_ClearITPendingBit)
    TIM_Cmd                                  0x080027ab   Thumb Code    18  stm32f4xx_tim.o(i.TIM_Cmd)
    TIM_GetCapture1                          0x080027bd   Thumb Code     4  stm32f4xx_tim.o(i.TIM_GetCapture1)
    TIM_GetITStatus                          0x080027c1   Thumb Code    22  stm32f4xx_tim.o(i.TIM_GetITStatus)
    TIM_OC1PolarityConfig                    0x080027d7   Thumb Code    12  stm32f4xx_tim.o(i.TIM_OC1PolarityConfig)
    TIM_SetCompare1                          0x080027e3   Thumb Code     4  stm32f4xx_tim.o(i.TIM_SetCompare1)
    TIM_SetCompare3                          0x080027e7   Thumb Code     4  stm32f4xx_tim.o(i.TIM_SetCompare3)
    TIM_SetCounter                           0x080027eb   Thumb Code     4  stm32f4xx_tim.o(i.TIM_SetCounter)
    USART1_Init                              0x080027f1   Thumb Code   284  bsp_usart.o(i.USART1_Init)
    USART_Cmd                                0x08002929   Thumb Code    18  stm32f4xx_usart.o(i.USART_Cmd)
    USART_DMACmd                             0x0800293b   Thumb Code    16  stm32f4xx_usart.o(i.USART_DMACmd)
    USART_ITConfig                           0x0800294b   Thumb Code    48  stm32f4xx_usart.o(i.USART_ITConfig)
    USART_Init                               0x0800297d   Thumb Code   180  stm32f4xx_usart.o(i.USART_Init)
    UsageFault_Handler                       0x08002a35   Thumb Code     2  stm32f4xx_it.o(i.UsageFault_Handler)
    VLEDBlink_ofdetection_update             0x08002a39   Thumb Code     8  led_blink_task.o(i.VLEDBlink_ofdetection_update)
    __ARM_fpclassifyf                        0x08002a45   Thumb Code    38  fpclassifyf.o(i.__ARM_fpclassifyf)
    __hardfp_asinf                           0x08002a6d   Thumb Code   258  asinf.o(i.__hardfp_asinf)
    __hardfp_atan2f                          0x08002b99   Thumb Code   502  atan2f.o(i.__hardfp_atan2f)
    __hardfp_sqrtf                           0x08002de9   Thumb Code    58  sqrtf_full.o(i.__hardfp_sqrtf)
    __mathlib_flt_infnan                     0x08002e23   Thumb Code     6  funder.o(i.__mathlib_flt_infnan)
    __mathlib_flt_infnan2                    0x08002e29   Thumb Code     6  funder.o(i.__mathlib_flt_infnan2)
    __mathlib_flt_invalid                    0x08002e31   Thumb Code    10  funder.o(i.__mathlib_flt_invalid)
    __mathlib_flt_underflow                  0x08002e41   Thumb Code    10  funder.o(i.__mathlib_flt_underflow)
    __scatterload_copy                       0x08002e51   Thumb Code    14  handlers.o(i.__scatterload_copy)
    __scatterload_null                       0x08002e5f   Thumb Code     2  handlers.o(i.__scatterload_null)
    __scatterload_zeroinit                   0x08002e61   Thumb Code    14  handlers.o(i.__scatterload_zeroinit)
    __set_errno                              0x08002e71   Thumb Code     6  errno.o(i.__set_errno)
    bmi088_accel_self_test                   0x08003345   Thumb Code   996  bsp_gyro_accal.o(i.bmi088_accel_self_test)
    bmi088_gyro_init                         0x08003735   Thumb Code   346  bsp_gyro_accal.o(i.bmi088_gyro_init)
    bmi088_gyro_self_test                    0x0800389d   Thumb Code   320  bsp_gyro_accal.o(i.bmi088_gyro_self_test)
    buzzer_task                              0x080039e5   Thumb Code    68  buzzer_task.o(i.buzzer_task)
    chassis_follow_chassis_solve             0x08003a31   Thumb Code    82  chassis_behave.o(i.chassis_follow_chassis_solve)
    chassis_follow_gym_solve                 0x08003a85   Thumb Code   158  chassis_behave.o(i.chassis_follow_gym_solve)
    chassis_revolve_solve                    0x08003b29   Thumb Code   132  chassis_behave.o(i.chassis_revolve_solve)
    chassis_zero_solve                       0x08003bad   Thumb Code     8  chassis_behave.o(i.chassis_zero_solve)
    create_task                              0x08003bb5   Thumb Code    86  make_task.o(i.create_task)
    get_angle                                0x08003c51   Thumb Code   232  ahrs.o(i.get_angle)
    get_angle_p                              0x08003d39   Thumb Code     4  remote_task.o(i.get_angle_p)
    get_speed_set_p                          0x08003d41   Thumb Code     4  remote_task.o(i.get_speed_set_p)
    led_task                                 0x08003f25   Thumb Code   308  led_blink_task.o(i.led_task)
    main                                     0x08004069   Thumb Code    34  main.o(i.main)
    motor_msg_decode_3508                    0x0800408d   Thumb Code    70  rm_motor.o(i.motor_msg_decode_3508)
    pvPortMalloc                             0x080046a5   Thumb Code   346  heap_4.o(i.pvPortMalloc)
    pxPortInitialiseStack                    0x0800480d   Thumb Code    38  port.o(i.pxPortInitialiseStack)
    sqrtf                                    0x080048bd   Thumb Code    62  sqrtf_full.o(i.sqrtf)
    uxListRemove                             0x08004975   Thumb Code    38  list.o(i.uxListRemove)
    vListInitialise                          0x0800499b   Thumb Code    22  list.o(i.vListInitialise)
    vListInitialiseItem                      0x080049b1   Thumb Code     6  list.o(i.vListInitialiseItem)
    vListInsert                              0x080049b9   Thumb Code    58  list.o(i.vListInsert)
    vPortEnterCritical                       0x080049f5   Thumb Code    56  port.o(i.vPortEnterCritical)
    vPortExitCritical                        0x08004a35   Thumb Code    38  port.o(i.vPortExitCritical)
    vPortFree                                0x08004a61   Thumb Code   162  heap_4.o(i.vPortFree)
    vPortSetupTimerInterrupt                 0x08004b09   Thumb Code    32  port.o(i.vPortSetupTimerInterrupt)
    vQueueAddToRegistry                      0x08004b2d   Thumb Code    84  queue.o(i.vQueueAddToRegistry)
    vQueueWaitForMessageRestricted           0x08004b85   Thumb Code    74  queue.o(i.vQueueWaitForMessageRestricted)
    vTaskDelay                               0x08004bd1   Thumb Code    66  tasks.o(i.vTaskDelay)
    vTaskInternalSetTimeOutState             0x08004c1d   Thumb Code    12  tasks.o(i.vTaskInternalSetTimeOutState)
    vTaskMissedYield                         0x08004c2d   Thumb Code     8  tasks.o(i.vTaskMissedYield)
    vTaskPlaceOnEventList                    0x08004c39   Thumb Code    46  tasks.o(i.vTaskPlaceOnEventList)
    vTaskPlaceOnEventListRestricted          0x08004c6d   Thumb Code    78  tasks.o(i.vTaskPlaceOnEventListRestricted)
    vTaskStartScheduler                      0x08004cc1   Thumb Code    98  tasks.o(i.vTaskStartScheduler)
    vTaskSuspendAll                          0x08004d39   Thumb Code    10  tasks.o(i.vTaskSuspendAll)
    vTaskSwitchContext                       0x08004d49   Thumb Code    84  tasks.o(i.vTaskSwitchContext)
    xPortStartScheduler                      0x08004da5   Thumb Code   232  port.o(i.xPortStartScheduler)
    xQueueGenericCreate                      0x08004ea9   Thumb Code   176  queue.o(i.xQueueGenericCreate)
    xQueueReceive                            0x08004f59   Thumb Code   340  queue.o(i.xQueueReceive)
    xTaskCheckForTimeOut                     0x080050b1   Thumb Code   130  tasks.o(i.xTaskCheckForTimeOut)
    xTaskCreate                              0x08005139   Thumb Code   404  tasks.o(i.xTaskCreate)
    xTaskGetSchedulerState                   0x080052ed   Thumb Code    24  tasks.o(i.xTaskGetSchedulerState)
    xTaskGetTickCount                        0x08005309   Thumb Code     6  tasks.o(i.xTaskGetTickCount)
    xTaskIncrementTick                       0x08005315   Thumb Code   382  tasks.o(i.xTaskIncrementTick)
    xTaskRemoveFromEventList                 0x0800549d   Thumb Code   228  tasks.o(i.xTaskRemoveFromEventList)
    xTaskResumeAll                           0x0800558d   Thumb Code   318  tasks.o(i.xTaskResumeAll)
    xTimerCreateTimerTask                    0x080056dd   Thumb Code   110  timers.o(i.xTimerCreateTimerTask)
    sinTable_f32                             0x0800579c   Data        2052  arm_common_tables.o(.constdata)
    Region$$Table$$Base                      0x08005fa0   Number         0  anon$$obj.o(Region$$Table)
    Region$$Table$$Limit                     0x08005fc0   Number         0  anon$$obj.o(Region$$Table)
    SystemCoreClock                          0x20000000   Data           4  system_stm32f4xx.o(.data)
    AHBPrescTable                            0x20000004   Data          16  system_stm32f4xx.o(.data)
    Now_Time                                 0x20000024   Data           1  led_blink_task.o(.data)
    LED_Blink_outime_num                     0x20000025   Data           1  led_blink_task.o(.data)
    LED_state_dis                            0x20000026   Data           5  led_blink_task.o(.data)
    remote_angle                             0x2000002b   Data           8  remote_task.o(.data)
    Remote_speed                             0x20000033   Data           8  remote_task.o(.data)
    mag_scale_factor                         0x2000003c   Data          36  gyro_task.o(.data)
    gyro_scale_factor                        0x20000060   Data          36  gyro_task.o(.data)
    accel_scale_factor                       0x20000084   Data          36  gyro_task.o(.data)
    usart1_dma_tx_buff                       0x200000a8   Data           1  bsp_usart.o(.data)
    tim5_ic_state                            0x200000ac   Data           1  bsp_tim.o(.data)
    tim5_ic_time                             0x200000b0   Data           4  bsp_tim.o(.data)
    buf                                      0x200000b4   Data           8  bsp_gyro_accal.o(.data)
    pxCurrentTCB                             0x200000e0   Data           4  tasks.o(.data)
    uxTopUsedPriority                        0x20000110   Data           4  tasks.o(.data)
    Main_chassis                             0x20000184   Data         552  chassis_task.o(.bss)
    INS_angle                                0x200003ac   Data          12  gyro_task.o(.bss)
    last_INS_angle                           0x200003b8   Data          12  gyro_task.o(.bss)
    ins_qvan                                 0x200003c4   Data          12  gyro_task.o(.bss)
    gyro_temp_PID                            0x20000428   Data          68  gyro_task.o(.bss)
    bmi088_real_data                         0x2000046c   Data          36  gyro_task.o(.bss)
    ist8310_real_data                        0x20000490   Data          16  gyro_task.o(.bss)
    gyro_offset                              0x200004a0   Data          12  gyro_task.o(.bss)
    accel_offset                             0x200004ac   Data          12  gyro_task.o(.bss)
    mag_offset                               0x200004b8   Data          12  gyro_task.o(.bss)
    usart1_dma_rx_buff                       0x200004c4   Data          34  bsp_usart.o(.bss)
    xQueueRegistry                           0x200004e8   Data          64  queue.o(.bss)
    __initial_sp                             0x20013618   Data           0  startup_stm32f40_41xxx.o(STACK)



==============================================================================

Memory Map of the image

  Image Entry point : 0x08000189

  Load Region LR_IROM1 (Base: 0x08000000, Size: 0x00006130, Max: 0x00100000, ABSOLUTE, COMPRESSED[0x0000601c])

    Execution Region ER_IROM1 (Exec base: 0x08000000, Load base: 0x08000000, Size: 0x00005fc0, Max: 0x00100000, ABSOLUTE)

    Exec Addr    Load Addr    Size         Type   Attr      Idx    E Section Name        Object

    0x08000000   0x08000000   0x00000188   Data   RO         2967    RESET               startup_stm32f40_41xxx.o
    0x08000188   0x08000188   0x00000000   Code   RO         5031  * .ARM.Collect$$$$00000000  mc_w.l(entry.o)
    0x08000188   0x08000188   0x00000004   Code   RO         5095    .ARM.Collect$$$$00000001  mc_w.l(entry2.o)
    0x0800018c   0x0800018c   0x00000004   Code   RO         5098    .ARM.Collect$$$$00000004  mc_w.l(entry5.o)
    0x08000190   0x08000190   0x00000000   Code   RO         5100    .ARM.Collect$$$$00000008  mc_w.l(entry7b.o)
    0x08000190   0x08000190   0x00000000   Code   RO         5102    .ARM.Collect$$$$0000000A  mc_w.l(entry8b.o)
    0x08000190   0x08000190   0x00000008   Code   RO         5103    .ARM.Collect$$$$0000000B  mc_w.l(entry9a.o)
    0x08000198   0x08000198   0x00000000   Code   RO         5105    .ARM.Collect$$$$0000000D  mc_w.l(entry10a.o)
    0x08000198   0x08000198   0x00000000   Code   RO         5107    .ARM.Collect$$$$0000000F  mc_w.l(entry11a.o)
    0x08000198   0x08000198   0x00000004   Code   RO         5096    .ARM.Collect$$$$00002712  mc_w.l(entry2.o)
    0x0800019c   0x0800019c   0x000000be   Code   RO         4575    .emb_text           port.o
    0x0800025a   0x0800025a   0x00000002   PAD
    0x0800025c   0x0800025c   0x00000024   Code   RO         2968    .text               startup_stm32f40_41xxx.o
    0x08000280   0x08000280   0x00000078   Code   RO         4690    .text               arm_cortexM4lf_math.lib(arm_cos_f32.o)
    0x080002f8   0x080002f8   0x00000074   Code   RO         4743    .text               arm_cortexM4lf_math.lib(arm_sin_f32.o)
    0x0800036c   0x0800036c   0x00000104   Code   RO         4767    .text               arm_cortexM4lf_math.lib(arm_sin_cos_f32.o)
    0x08000470   0x08000470   0x00000024   Code   RO         5034    .text               mc_w.l(memcpya.o)
    0x08000494   0x08000494   0x00000024   Code   RO         5036    .text               mc_w.l(memseta.o)
    0x080004b8   0x080004b8   0x0000014e   Code   RO         5040    .text               mf_w.l(dadd.o)
    0x08000606   0x08000606   0x000000e4   Code   RO         5042    .text               mf_w.l(dmul.o)
    0x080006ea   0x080006ea   0x00000022   Code   RO         5044    .text               mf_w.l(dflti.o)
    0x0800070c   0x0800070c   0x00000026   Code   RO         5048    .text               mf_w.l(f2d.o)
    0x08000732   0x08000732   0x00000038   Code   RO         5050    .text               mf_w.l(d2f.o)
    0x0800076a   0x0800076a   0x0000001e   Code   RO         5109    .text               mc_w.l(llshl.o)
    0x08000788   0x08000788   0x00000024   Code   RO         5111    .text               mc_w.l(llsshr.o)
    0x080007ac   0x080007ac   0x00000000   Code   RO         5120    .text               mc_w.l(iusefp.o)
    0x080007ac   0x080007ac   0x0000006e   Code   RO         5121    .text               mf_w.l(fepilogue.o)
    0x0800081a   0x0800081a   0x000000ba   Code   RO         5123    .text               mf_w.l(depilogue.o)
    0x080008d4   0x080008d4   0x00000024   Code   RO         5129    .text               mc_w.l(init.o)
    0x080008f8   0x080008f8   0x00000020   Code   RO         5131    .text               mc_w.l(llushr.o)
    0x08000918   0x08000918   0x00000056   Code   RO         5141    .text               mc_w.l(__dczerorl2.o)
    0x0800096e   0x0800096e   0x00000004   Code   RO         3659    i.AHRS_asinf        ahrs_middleware.o
    0x08000972   0x08000972   0x00000004   Code   RO         3660    i.AHRS_atan2f       ahrs_middleware.o
    0x08000976   0x08000976   0x00000004   Code   RO         3661    i.AHRS_cosf         ahrs_middleware.o
    0x0800097a   0x0800097a   0x0000001a   Code   RO         4788    i.AHRS_fabs         AHRS.lib(ahrs.o)
    0x08000994   0x08000994   0x00000014   Code   RO         3662    i.AHRS_get_height   ahrs_middleware.o
    0x080009a8   0x080009a8   0x0000000e   Code   RO         3663    i.AHRS_get_latitude  ahrs_middleware.o
    0x080009b6   0x080009b6   0x00000002   PAD
    0x080009b8   0x080009b8   0x0000029c   Code   RO         4789    i.AHRS_init         AHRS.lib(ahrs.o)
    0x08000c54   0x08000c54   0x00000022   Code   RO         3664    i.AHRS_invSqrt      ahrs_middleware.o
    0x08000c76   0x08000c76   0x00000004   Code   RO         3665    i.AHRS_sinf         ahrs_middleware.o
    0x08000c7a   0x08000c7a   0x0000013a   Code   RO         4790    i.AHRS_update       AHRS.lib(ahrs.o)
    0x08000db4   0x08000db4   0x00000044   Code   RO         3289    i.BMI088_delay_ms   bsp_delay.o
    0x08000df8   0x08000df8   0x00000030   Code   RO         3290    i.BMI088_delay_us   bsp_delay.o
    0x08000e28   0x08000e28   0x000001b0   Code   RO         3542    i.BMI088_init       bsp_gyro_accal.o
    0x08000fd8   0x08000fd8   0x000001b4   Code   RO         3543    i.BMI088_read       bsp_gyro_accal.o
    0x0800118c   0x0800118c   0x00000002   Code   RO          181    i.BusFault_Handler  stm32f4xx_it.o
    0x0800118e   0x0800118e   0x00000002   PAD
    0x08001190   0x08001190   0x00000088   Code   RO         3114    i.CAN1_RX0_IRQHandler  remote_task.o
    0x08001218   0x08001218   0x000000dc   Code   RO         3460    i.CAN1_init         bsp_can.o
    0x080012f4   0x080012f4   0x00000054   Code   RO         3486    i.CAN2_RX0_IRQHandler  bsp_motor.o
    0x08001348   0x08001348   0x000000e0   Code   RO         3461    i.CAN2_init         bsp_can.o
    0x08001428   0x08001428   0x0000009c   Code   RO         2587    i.CAN_ClearITPendingBit  stm32f4xx_can.o
    0x080014c4   0x080014c4   0x000000f0   Code   RO         2591    i.CAN_FilterInit    stm32f4xx_can.o
    0x080015b4   0x080015b4   0x00000110   Code   RO         2593    i.CAN_GetITStatus   stm32f4xx_can.o
    0x080016c4   0x080016c4   0x00000010   Code   RO         2597    i.CAN_ITConfig      stm32f4xx_can.o
    0x080016d4   0x080016d4   0x000000f4   Code   RO         2598    i.CAN_Init          stm32f4xx_can.o
    0x080017c8   0x080017c8   0x000000b4   Code   RO         2601    i.CAN_Receive       stm32f4xx_can.o
    0x0800187c   0x0800187c   0x000000c2   Code   RO         2606    i.CAN_Transmit      stm32f4xx_can.o
    0x0800193e   0x0800193e   0x00000002   PAD
    0x08001940   0x08001940   0x0000007c   Code   RO         2607    i.CAN_TransmitStatus  stm32f4xx_can.o
    0x080019bc   0x080019bc   0x00000004   PAD
    0x080019c0   0x080019c0   0x000003ac   Code   RO         3064    i.Chassis_task      chassis_task.o
    0x08001d6c   0x08001d6c   0x00000078   Code   RO         2024    i.DMA_Init          stm32f4xx_dma.o
    0x08001de4   0x08001de4   0x00000002   Code   RO          182    i.DebugMon_Handler  stm32f4xx_it.o
    0x08001de6   0x08001de6   0x00000068   Code   RO         3614    i.FZ_math_StepToSlope_cale  z_math.o
    0x08001e4e   0x08001e4e   0x00000002   PAD
    0x08001e50   0x08001e50   0x00000030   Code   RO         3615    i.FZ_math_absolute  z_math.o
    0x08001e80   0x08001e80   0x00000022   Code   RO         3617    i.FZ_math_limt      z_math.o
    0x08001ea2   0x08001ea2   0x00000002   PAD
    0x08001ea4   0x08001ea4   0x0000009a   Code   RO          494    i.GPIO_Init         stm32f4xx_gpio.o
    0x08001f3e   0x08001f3e   0x00000022   Code   RO          495    i.GPIO_PinAFConfig  stm32f4xx_gpio.o
    0x08001f60   0x08001f60   0x00000004   Code   RO          501    i.GPIO_ResetBits    stm32f4xx_gpio.o
    0x08001f64   0x08001f64   0x00000004   Code   RO          502    i.GPIO_SetBits      stm32f4xx_gpio.o
    0x08001f68   0x08001f68   0x000002ec   Code   RO         3207    i.GYRO_task         gyro_task.o
    0x08002254   0x08002254   0x00000002   Code   RO          183    i.HardFault_Handler  stm32f4xx_it.o
    0x08002256   0x08002256   0x00000002   PAD
    0x08002258   0x08002258   0x00000070   Code   RO         3269    i.LED_init          bsp_led.o
    0x080022c8   0x080022c8   0x00000002   Code   RO          184    i.MemManage_Handler  stm32f4xx_it.o
    0x080022ca   0x080022ca   0x00000002   Code   RO          185    i.NMI_Handler       stm32f4xx_it.o
    0x080022cc   0x080022cc   0x00000070   Code   RO          348    i.NVIC_Init         misc.o
    0x0800233c   0x0800233c   0x00000014   Code   RO          349    i.NVIC_PriorityGroupConfig  misc.o
    0x08002350   0x08002350   0x00000028   Code   RO         3590    i.PID_Init          pid.o
    0x08002378   0x08002378   0x000000b2   Code   RO         3591    i.PID_cale          pid.o
    0x0800242a   0x0800242a   0x00000002   PAD
    0x0800242c   0x0800242c   0x00000018   Code   RO          591    i.RCC_AHB1PeriphClockCmd  stm32f4xx_rcc.o
    0x08002444   0x08002444   0x00000018   Code   RO          600    i.RCC_APB1PeriphClockCmd  stm32f4xx_rcc.o
    0x0800245c   0x0800245c   0x00000018   Code   RO          603    i.RCC_APB2PeriphClockCmd  stm32f4xx_rcc.o
    0x08002474   0x08002474   0x000000ac   Code   RO          612    i.RCC_GetClocksFreq  stm32f4xx_rcc.o
    0x08002520   0x08002520   0x00000066   Code   RO         4654    i.RM_motor_send     rm_motor.o
    0x08002586   0x08002586   0x0000000e   Code   RO         2152    i.SPI_I2S_GetFlagStatus  stm32f4xx_spi.o
    0x08002594   0x08002594   0x00000004   Code   RO         2155    i.SPI_I2S_ReceiveData  stm32f4xx_spi.o
    0x08002598   0x08002598   0x00000004   Code   RO         2156    i.SPI_I2S_SendData  stm32f4xx_spi.o
    0x0800259c   0x0800259c   0x00000030   Code   RO         3508    i.SPI_ReadWriteByte  bsp_spi.o
    0x080025cc   0x080025cc   0x0000002c   Code   RO         4576    i.SysTick_Handler   port.o
    0x080025f8   0x080025f8   0x00000104   Code   RO          235    i.SystemInit        system_stm32f4xx.o
    0x080026fc   0x080026fc   0x00000024   Code   RO         3378    i.TIM3_IRQHandler   bsp_tim.o
    0x08002720   0x08002720   0x00000084   Code   RO         3380    i.TIM5_IRQHandler   bsp_tim.o
    0x080027a4   0x080027a4   0x00000006   Code   RO         1238    i.TIM_ClearITPendingBit  stm32f4xx_tim.o
    0x080027aa   0x080027aa   0x00000012   Code   RO         1243    i.TIM_Cmd           stm32f4xx_tim.o
    0x080027bc   0x080027bc   0x00000004   Code   RO         1258    i.TIM_GetCapture1   stm32f4xx_tim.o
    0x080027c0   0x080027c0   0x00000016   Code   RO         1264    i.TIM_GetITStatus   stm32f4xx_tim.o
    0x080027d6   0x080027d6   0x0000000c   Code   RO         1274    i.TIM_OC1PolarityConfig  stm32f4xx_tim.o
    0x080027e2   0x080027e2   0x00000004   Code   RO         1305    i.TIM_SetCompare1   stm32f4xx_tim.o
    0x080027e6   0x080027e6   0x00000004   Code   RO         1307    i.TIM_SetCompare3   stm32f4xx_tim.o
    0x080027ea   0x080027ea   0x00000004   Code   RO         1309    i.TIM_SetCounter    stm32f4xx_tim.o
    0x080027ee   0x080027ee   0x00000002   PAD
    0x080027f0   0x080027f0   0x00000138   Code   RO         3338    i.USART1_Init       bsp_usart.o
    0x08002928   0x08002928   0x00000012   Code   RO          985    i.USART_Cmd         stm32f4xx_usart.o
    0x0800293a   0x0800293a   0x00000010   Code   RO          986    i.USART_DMACmd      stm32f4xx_usart.o
    0x0800294a   0x0800294a   0x00000030   Code   RO          991    i.USART_ITConfig    stm32f4xx_usart.o
    0x0800297a   0x0800297a   0x00000002   PAD
    0x0800297c   0x0800297c   0x000000b8   Code   RO          992    i.USART_Init        stm32f4xx_usart.o
    0x08002a34   0x08002a34   0x00000002   Code   RO          186    i.UsageFault_Handler  stm32f4xx_it.o
    0x08002a36   0x08002a36   0x00000002   PAD
    0x08002a38   0x08002a38   0x0000000c   Code   RO         2974    i.VLEDBlink_ofdetection_update  led_blink_task.o
    0x08002a44   0x08002a44   0x00000026   Code   RO         5074    i.__ARM_fpclassifyf  m_wm.l(fpclassifyf.o)
    0x08002a6a   0x08002a6a   0x00000002   PAD
    0x08002a6c   0x08002a6c   0x0000012c   Code   RO         4969    i.__hardfp_asinf    m_wm.l(asinf.o)
    0x08002b98   0x08002b98   0x00000250   Code   RO         4995    i.__hardfp_atan2f   m_wm.l(atan2f.o)
    0x08002de8   0x08002de8   0x0000003a   Code   RO         5019    i.__hardfp_sqrtf    m_wm.l(sqrtf_full.o)
    0x08002e22   0x08002e22   0x00000006   Code   RO         5077    i.__mathlib_flt_infnan  m_wm.l(funder.o)
    0x08002e28   0x08002e28   0x00000006   Code   RO         5078    i.__mathlib_flt_infnan2  m_wm.l(funder.o)
    0x08002e2e   0x08002e2e   0x00000002   PAD
    0x08002e30   0x08002e30   0x00000010   Code   RO         5079    i.__mathlib_flt_invalid  m_wm.l(funder.o)
    0x08002e40   0x08002e40   0x00000010   Code   RO         5082    i.__mathlib_flt_underflow  m_wm.l(funder.o)
    0x08002e50   0x08002e50   0x0000000e   Code   RO         5135    i.__scatterload_copy  mc_w.l(handlers.o)
    0x08002e5e   0x08002e5e   0x00000002   Code   RO         5136    i.__scatterload_null  mc_w.l(handlers.o)
    0x08002e60   0x08002e60   0x0000000e   Code   RO         5137    i.__scatterload_zeroinit  mc_w.l(handlers.o)
    0x08002e6e   0x08002e6e   0x00000002   PAD
    0x08002e70   0x08002e70   0x0000000c   Code   RO         5115    i.__set_errno       mc_w.l(errno.o)
    0x08002e7c   0x08002e7c   0x000001d0   Code   RO         4791    i.accel_comple_filter  AHRS.lib(ahrs.o)
    0x0800304c   0x0800304c   0x0000018c   Code   RO         4792    i.accel_update_kp_ki  AHRS.lib(ahrs.o)
    0x080031d8   0x080031d8   0x0000016c   Code   RO         4793    i.angle_to_quat     AHRS.lib(ahrs.o)
    0x08003344   0x08003344   0x000003f0   Code   RO         3544    i.bmi088_accel_self_test  bsp_gyro_accal.o
    0x08003734   0x08003734   0x00000168   Code   RO         3545    i.bmi088_gyro_init  bsp_gyro_accal.o
    0x0800389c   0x0800389c   0x00000148   Code   RO         3546    i.bmi088_gyro_self_test  bsp_gyro_accal.o
    0x080039e4   0x080039e4   0x0000004c   Code   RO         3037    i.buzzer_task       buzzer_task.o
    0x08003a30   0x08003a30   0x00000052   Code   RO         3163    i.chassis_follow_chassis_solve  chassis_behave.o
    0x08003a82   0x08003a82   0x00000002   PAD
    0x08003a84   0x08003a84   0x000000a4   Code   RO         3165    i.chassis_follow_gym_solve  chassis_behave.o
    0x08003b28   0x08003b28   0x00000084   Code   RO         3166    i.chassis_revolve_solve  chassis_behave.o
    0x08003bac   0x08003bac   0x00000008   Code   RO         3167    i.chassis_zero_solve  chassis_behave.o
    0x08003bb4   0x08003bb4   0x0000009c   Code   RO          266    i.create_task       make_task.o
    0x08003c50   0x08003c50   0x000000e8   Code   RO         4794    i.get_angle         AHRS.lib(ahrs.o)
    0x08003d38   0x08003d38   0x00000008   Code   RO         3115    i.get_angle_p       remote_task.o
    0x08003d40   0x08003d40   0x00000008   Code   RO         3116    i.get_speed_set_p   remote_task.o
    0x08003d48   0x08003d48   0x000001dc   Code   RO         3208    i.imu_cali_slove    gyro_task.o
    0x08003f24   0x08003f24   0x00000144   Code   RO         2975    i.led_task          led_blink_task.o
    0x08004068   0x08004068   0x00000022   Code   RO            3    i.main              main.o
    0x0800408a   0x0800408a   0x00000002   PAD
    0x0800408c   0x0800408c   0x0000004c   Code   RO         4655    i.motor_msg_decode_3508  rm_motor.o
    0x080040d8   0x080040d8   0x00000090   Code   RO         4073    i.prvAddCurrentTaskToDelayedList  tasks.o
    0x08004168   0x08004168   0x00000064   Code   RO         4074    i.prvIdleTask       tasks.o
    0x080041cc   0x080041cc   0x000000a0   Code   RO         4393    i.prvProcessExpiredTimer  timers.o
    0x0800426c   0x0800426c   0x000000d4   Code   RO         4394    i.prvSampleTimeNow  timers.o
    0x08004340   0x08004340   0x0000002c   Code   RO         4577    i.prvTaskExitError  port.o
    0x0800436c   0x0800436c   0x000002cc   Code   RO         4395    i.prvTimerTask      timers.o
    0x08004638   0x08004638   0x0000006c   Code   RO         3893    i.prvUnlockQueue    queue.o
    0x080046a4   0x080046a4   0x00000168   Code   RO         4525    i.pvPortMalloc      heap_4.o
    0x0800480c   0x0800480c   0x0000002c   Code   RO         4578    i.pxPortInitialiseStack  port.o
    0x08004838   0x08004838   0x00000084   Code   RO         4799    i.quat_normalization  AHRS.lib(ahrs.o)
    0x080048bc   0x080048bc   0x0000003e   Code   RO         5021    i.sqrtf             m_wm.l(sqrtf_full.o)
    0x080048fa   0x080048fa   0x0000007a   Code   RO         4800    i.update_w          AHRS.lib(ahrs.o)
    0x08004974   0x08004974   0x00000026   Code   RO         3853    i.uxListRemove      list.o
    0x0800499a   0x0800499a   0x00000016   Code   RO         3854    i.vListInitialise   list.o
    0x080049b0   0x080049b0   0x00000006   Code   RO         3855    i.vListInitialiseItem  list.o
    0x080049b6   0x080049b6   0x00000002   PAD
    0x080049b8   0x080049b8   0x0000003a   Code   RO         3856    i.vListInsert       list.o
    0x080049f2   0x080049f2   0x00000002   PAD
    0x080049f4   0x080049f4   0x00000040   Code   RO         4580    i.vPortEnterCritical  port.o
    0x08004a34   0x08004a34   0x0000002c   Code   RO         4581    i.vPortExitCritical  port.o
    0x08004a60   0x08004a60   0x000000a8   Code   RO         4526    i.vPortFree         heap_4.o
    0x08004b08   0x08004b08   0x00000024   Code   RO         4582    i.vPortSetupTimerInterrupt  port.o
    0x08004b2c   0x08004b2c   0x00000058   Code   RO         3899    i.vQueueAddToRegistry  queue.o
    0x08004b84   0x08004b84   0x0000004a   Code   RO         3903    i.vQueueWaitForMessageRestricted  queue.o
    0x08004bce   0x08004bce   0x00000002   PAD
    0x08004bd0   0x08004bd0   0x0000004c   Code   RO         4085    i.vTaskDelay        tasks.o
    0x08004c1c   0x08004c1c   0x00000010   Code   RO         4090    i.vTaskInternalSetTimeOutState  tasks.o
    0x08004c2c   0x08004c2c   0x0000000c   Code   RO         4091    i.vTaskMissedYield  tasks.o
    0x08004c38   0x08004c38   0x00000034   Code   RO         4092    i.vTaskPlaceOnEventList  tasks.o
    0x08004c6c   0x08004c6c   0x00000054   Code   RO         4093    i.vTaskPlaceOnEventListRestricted  tasks.o
    0x08004cc0   0x08004cc0   0x00000078   Code   RO         4101    i.vTaskStartScheduler  tasks.o
    0x08004d38   0x08004d38   0x00000010   Code   RO         4103    i.vTaskSuspendAll   tasks.o
    0x08004d48   0x08004d48   0x0000005c   Code   RO         4104    i.vTaskSwitchContext  tasks.o
    0x08004da4   0x08004da4   0x00000104   Code   RO         4584    i.xPortStartScheduler  port.o
    0x08004ea8   0x08004ea8   0x000000b0   Code   RO         3906    i.xQueueGenericCreate  queue.o
    0x08004f58   0x08004f58   0x00000158   Code   RO         3916    i.xQueueReceive     queue.o
    0x080050b0   0x080050b0   0x00000088   Code   RO         4106    i.xTaskCheckForTimeOut  tasks.o
    0x08005138   0x08005138   0x000001b4   Code   RO         4107    i.xTaskCreate       tasks.o
    0x080052ec   0x080052ec   0x0000001c   Code   RO         4114    i.xTaskGetSchedulerState  tasks.o
    0x08005308   0x08005308   0x0000000c   Code   RO         4115    i.xTaskGetTickCount  tasks.o
    0x08005314   0x08005314   0x00000188   Code   RO         4117    i.xTaskIncrementTick  tasks.o
    0x0800549c   0x0800549c   0x000000f0   Code   RO         4120    i.xTaskRemoveFromEventList  tasks.o
    0x0800558c   0x0800558c   0x00000150   Code   RO         4121    i.xTaskResumeAll    tasks.o
    0x080056dc   0x080056dc   0x00000094   Code   RO         4403    i.xTimerCreateTimerTask  timers.o
    0x08005770   0x08005770   0x0000000c   Data   RO         3211    .constdata          gyro_task.o
    0x0800577c   0x0800577c   0x00000012   Data   RO         3547    .constdata          bsp_gyro_accal.o
    0x0800578e   0x0800578e   0x00000002   PAD
    0x08005790   0x08005790   0x0000000c   Data   RO         4801    .constdata          AHRS.lib(ahrs.o)
    0x0800579c   0x0800579c   0x00000804   Data   RO         4934    .constdata          arm_cortexM4lf_math.lib(arm_common_tables.o)
    0x08005fa0   0x08005fa0   0x00000020   Data   RO         5133    Region$$Table       anon$$obj.o


    Execution Region RW_IRAM1 (Exec base: 0x20000000, Load base: 0x08005fc0, Size: 0x00013618, Max: 0x00020000, ABSOLUTE, COMPRESSED[0x0000005c])

    Exec Addr    Load Addr    Size         Type   Attr      Idx    E Section Name        Object

    0x20000000   COMPRESSED   0x00000014   Data   RW          236    .data               system_stm32f4xx.o
    0x20000014   COMPRESSED   0x00000010   Data   RW          644    .data               stm32f4xx_rcc.o
    0x20000024   COMPRESSED   0x00000007   Data   RW         2977    .data               led_blink_task.o
    0x2000002b   COMPRESSED   0x00000010   Data   RW         3117    .data               remote_task.o
    0x2000003b   COMPRESSED   0x00000001   PAD
    0x2000003c   COMPRESSED   0x0000006c   Data   RW         3219    .data               gyro_task.o
    0x200000a8   COMPRESSED   0x00000001   Data   RW         3343    .data               bsp_usart.o
    0x200000a9   COMPRESSED   0x00000003   PAD
    0x200000ac   COMPRESSED   0x00000008   Data   RW         3383    .data               bsp_tim.o
    0x200000b4   COMPRESSED   0x0000002c   Data   RW         3548    .data               bsp_gyro_accal.o
    0x200000e0   COMPRESSED   0x00000040   Data   RW         4124    .data               tasks.o
    0x20000120   COMPRESSED   0x00000014   Data   RW         4411    .data               timers.o
    0x20000134   COMPRESSED   0x0000001c   Data   RW         4532    .data               heap_4.o
    0x20000150   COMPRESSED   0x0000000c   Data   RW         4585    .data               port.o
    0x2000015c   COMPRESSED   0x00000010   Data   RW         4802    .data               AHRS.lib(ahrs.o)
    0x2000016c   COMPRESSED   0x00000004   Data   RW         5116    .data               mc_w.l(errno.o)
    0x20000170        -       0x00000014   Zero   RW         2976    .bss                led_blink_task.o
    0x20000184        -       0x00000228   Zero   RW         3065    .bss                chassis_task.o
    0x200003ac        -       0x00000118   Zero   RW         3209    .bss                gyro_task.o
    0x200004c4        -       0x00000022   Zero   RW         3341    .bss                bsp_usart.o
    0x200004e6   COMPRESSED   0x00000002   PAD
    0x200004e8        -       0x00000040   Zero   RW         3920    .bss                queue.o
    0x20000528        -       0x000000c8   Zero   RW         4123    .bss                tasks.o
    0x200005f0        -       0x00000028   Zero   RW         4410    .bss                timers.o
    0x20000618        -       0x00012c00   Zero   RW         4531    .bss                heap_4.o
    0x20013218        -       0x00000400   Zero   RW         2965    STACK               startup_stm32f40_41xxx.o


==============================================================================

Image component sizes


      Code (inc. data)   RO Data    RW Data    ZI Data      Debug   Object Name

        84          6          0          0          0       4968   ahrs_middleware.o
       444         16          0          0          0       1576   bsp_can.o
       116          0          0          0          0       1695   bsp_delay.o
      2564         76         18         44          0      12374   bsp_gyro_accal.o
       112          6          0          0          0        591   bsp_led.o
        84         12          0          0          0        618   bsp_motor.o
        48          0          0          0          0        944   bsp_spi.o
       168         14          0          8          0       1389   bsp_tim.o
       312         28          0          1         34       1595   bsp_usart.o
        76          8          0          0          0        654   buzzer_task.o
       386          6          0          0          0       2859   chassis_behave.o
       940         80          0          0        552       3267   chassis_task.o
         0          0          0          0          0      14616   event_groups.o
      1224         96         12        108        280       6149   gyro_task.o
       528         20          0         28      76800       4619   heap_4.o
       336         20          0          7         20      11032   led_blink_task.o
       124          0          0          0          0       2729   list.o
        34          0          0          0          0      15863   main.o
       156         70          0          0          0     240566   make_task.o
       132         12          0          0          0     307703   misc.o
       218          0          0          0          0       1850   pid.o
       726         80          0         12          0      10612   port.o
       790          8          0          0         64      11351   queue.o
       152         22          0         16          0       3370   remote_task.o
       178          6          0          0          0       2408   rm_motor.o
        36          8        392          0       1024        836   startup_stm32f40_41xxx.o
      1426         48          0          0          0       9103   stm32f4xx_can.o
       120          4          0          0          0       1839   stm32f4xx_dma.o
       196          0          0          0          0       2927   stm32f4xx_gpio.o
        12          0          0          0          0       2737   stm32f4xx_it.o
       244         40          0         16          0       4927   stm32f4xx_rcc.o
        22          0          0          0          0       2369   stm32f4xx_spi.o
        74          0          0          0          0       6322   stm32f4xx_tim.o
       266          4          0          0          0       3557   stm32f4xx_usart.o
       260         36          0         20          0       1425   system_stm32f4xx.o
      2292        174          0         64        200      25397   tasks.o
      1236         66          0         20         40      26030   timers.o
       186          4          0          0          0       2333   z_math.o

    ----------------------------------------------------------------------
     16338        974        456        348      79016     755200   Object Totals
         0          0         32          0          0          0   (incl. Generated)
        36          4          2          4          2          0   (incl. Padding)

    ----------------------------------------------------------------------

      Code (inc. data)   RO Data    RW Data    ZI Data      Debug   Library Member Name

      2718         84         12         16          0       9922   ahrs.o
         0          0       2052          0          0       4636   arm_common_tables.o
       120         12          0          0          0      16970   arm_cos_f32.o
       260         18          0          0          0        826   arm_sin_cos_f32.o
       116         12          0          0          0        658   arm_sin_f32.o
       300         42          0          0          0        176   asinf.o
       592         90          0          0          0        184   atan2f.o
        38          0          0          0          0        116   fpclassifyf.o
        44         12          0          0          0        464   funder.o
       120          0          0          0          0        272   sqrtf_full.o
        86          0          0          0          0          0   __dczerorl2.o
         0          0          0          0          0          0   entry.o
         0          0          0          0          0          0   entry10a.o
         0          0          0          0          0          0   entry11a.o
         8          4          0          0          0          0   entry2.o
         4          0          0          0          0          0   entry5.o
         0          0          0          0          0          0   entry7b.o
         0          0          0          0          0          0   entry8b.o
         8          4          0          0          0          0   entry9a.o
        12          6          0          4          0         68   errno.o
        30          0          0          0          0          0   handlers.o
        36          8          0          0          0         68   init.o
         0          0          0          0          0          0   iusefp.o
        30          0          0          0          0         68   llshl.o
        36          0          0          0          0         68   llsshr.o
        32          0          0          0          0         68   llushr.o
        36          0          0          0          0         68   memcpya.o
        36          0          0          0          0        108   memseta.o
        56          0          0          0          0         88   d2f.o
       334          0          0          0          0        148   dadd.o
       186          0          0          0          0        176   depilogue.o
        34          0          0          0          0         76   dflti.o
       228          0          0          0          0         96   dmul.o
        38          0          0          0          0         68   f2d.o
       110          0          0          0          0        168   fepilogue.o

    ----------------------------------------------------------------------
      5654        292       2064         20          0      35560   Library Totals
         6          0          0          0          0          0   (incl. Padding)

    ----------------------------------------------------------------------

      Code (inc. data)   RO Data    RW Data    ZI Data      Debug   Library Name

      2718         84         12         16          0       9922   AHRS.lib
       496         42       2052          0          0      23090   arm_cortexM4lf_math.lib
      1094        144          0          0          0       1212   m_wm.l
       354         22          0          4          0        516   mc_w.l
       986          0          0          0          0        820   mf_w.l

    ----------------------------------------------------------------------
      5654        292       2064         20          0      35560   Library Totals

    ----------------------------------------------------------------------

==============================================================================


      Code (inc. data)   RO Data    RW Data    ZI Data      Debug   

     21992       1266       2520        368      79016     777372   Grand Totals
     21992       1266       2520         92      79016     777372   ELF Image Totals (compressed)
     21992       1266       2520         92          0          0   ROM Totals

==============================================================================

    Total RO  Size (Code + RO Data)                24512 (  23.94kB)
    Total RW  Size (RW Data + ZI Data)             79384 (  77.52kB)
    Total ROM Size (Code + RO Data + RW Data)      24604 (  24.03kB)

==============================================================================

