Component: ARM Compiler 5.06 update 6 (build 750) Tool: armlink [4d35ed]

==============================================================================

Section Cross References

    main.o(i.main) refers to misc.o(i.NVIC_PriorityGroupConfig) for NVIC_PriorityGroupConfig
    main.o(i.main) refers to bsp_led.o(i.LED_init) for LED_init
    main.o(i.main) refers to bsp_spi.o(i.SPI1_Init) for SPI1_Init
    main.o(i.main) refers to bsp_pwm.o(i.TIM4_PWM_init) for TIM4_PWM_init
    main.o(i.main) refers to bsp_usart.o(i.USART1_Init) for USART1_Init
    main.o(i.main) refers to bsp_can.o(i.CAN1_init) for CAN1_init
    main.o(i.main) refers to bsp_can.o(i.CAN2_init) for CAN2_init
    main.o(i.main) refers to make_task.o(i.create_task) for create_task
    main.o(i.main) refers to tasks.o(i.vTaskStartScheduler) for vTaskStartScheduler
    system_stm32f4xx.o(i.SystemCoreClockUpdate) refers to system_stm32f4xx.o(.data) for SystemCoreClock
    system_stm32f4xx.o(i.SystemInit) refers to system_stm32f4xx.o(i.SetSysClock) for SetSysClock
    make_task.o(i.create_task) refers to tasks.o(i.xTaskCreate) for xTaskCreate
    make_task.o(i.create_task) refers to led_blink_task.o(i.led_task) for led_task
    make_task.o(i.create_task) refers to buzzer_task.o(i.buzzer_task) for buzzer_task
    make_task.o(i.create_task) refers to chassis_task.o(i.Chassis_task) for Chassis_task
    make_task.o(i.create_task) refers to remote_task.o(i.remote_task) for remote_task
    make_task.o(i.create_task) refers to gyro_task.o(i.GYRO_task) for GYRO_task
    make_task.o(i.create_task) refers to ck_timeout_task.o(i.CK_Timeout_task) for CK_Timeout_task
    stm32f4xx_gpio.o(i.GPIO_DeInit) refers to stm32f4xx_rcc.o(i.RCC_AHB1PeriphResetCmd) for RCC_AHB1PeriphResetCmd
    stm32f4xx_rcc.o(i.RCC_GetClocksFreq) refers to stm32f4xx_rcc.o(.data) for APBAHBPrescTable
    stm32f4xx_rcc.o(i.RCC_WaitForHSEStartUp) refers to stm32f4xx_rcc.o(i.RCC_GetFlagStatus) for RCC_GetFlagStatus
    stm32f4xx_syscfg.o(i.SYSCFG_DeInit) refers to stm32f4xx_rcc.o(i.RCC_APB2PeriphResetCmd) for RCC_APB2PeriphResetCmd
    stm32f4xx_usart.o(i.USART_DeInit) refers to stm32f4xx_rcc.o(i.RCC_APB2PeriphResetCmd) for RCC_APB2PeriphResetCmd
    stm32f4xx_usart.o(i.USART_DeInit) refers to stm32f4xx_rcc.o(i.RCC_APB1PeriphResetCmd) for RCC_APB1PeriphResetCmd
    stm32f4xx_usart.o(i.USART_Init) refers to stm32f4xx_rcc.o(i.RCC_GetClocksFreq) for RCC_GetClocksFreq
    stm32f4xx_tim.o(i.TIM_DeInit) refers to stm32f4xx_rcc.o(i.RCC_APB2PeriphResetCmd) for RCC_APB2PeriphResetCmd
    stm32f4xx_tim.o(i.TIM_DeInit) refers to stm32f4xx_rcc.o(i.RCC_APB1PeriphResetCmd) for RCC_APB1PeriphResetCmd
    stm32f4xx_tim.o(i.TIM_ETRClockMode1Config) refers to stm32f4xx_tim.o(i.TIM_ETRConfig) for TIM_ETRConfig
    stm32f4xx_tim.o(i.TIM_ETRClockMode2Config) refers to stm32f4xx_tim.o(i.TIM_ETRConfig) for TIM_ETRConfig
    stm32f4xx_tim.o(i.TIM_ICInit) refers to stm32f4xx_tim.o(i.TI1_Config) for TI1_Config
    stm32f4xx_tim.o(i.TIM_ICInit) refers to stm32f4xx_tim.o(i.TIM_SetIC1Prescaler) for TIM_SetIC1Prescaler
    stm32f4xx_tim.o(i.TIM_ICInit) refers to stm32f4xx_tim.o(i.TI2_Config) for TI2_Config
    stm32f4xx_tim.o(i.TIM_ICInit) refers to stm32f4xx_tim.o(i.TIM_SetIC2Prescaler) for TIM_SetIC2Prescaler
    stm32f4xx_tim.o(i.TIM_ICInit) refers to stm32f4xx_tim.o(i.TI3_Config) for TI3_Config
    stm32f4xx_tim.o(i.TIM_ICInit) refers to stm32f4xx_tim.o(i.TIM_SetIC3Prescaler) for TIM_SetIC3Prescaler
    stm32f4xx_tim.o(i.TIM_ICInit) refers to stm32f4xx_tim.o(i.TI4_Config) for TI4_Config
    stm32f4xx_tim.o(i.TIM_ICInit) refers to stm32f4xx_tim.o(i.TIM_SetIC4Prescaler) for TIM_SetIC4Prescaler
    stm32f4xx_tim.o(i.TIM_ITRxExternalClockConfig) refers to stm32f4xx_tim.o(i.TIM_SelectInputTrigger) for TIM_SelectInputTrigger
    stm32f4xx_tim.o(i.TIM_PWMIConfig) refers to stm32f4xx_tim.o(i.TI1_Config) for TI1_Config
    stm32f4xx_tim.o(i.TIM_PWMIConfig) refers to stm32f4xx_tim.o(i.TIM_SetIC1Prescaler) for TIM_SetIC1Prescaler
    stm32f4xx_tim.o(i.TIM_PWMIConfig) refers to stm32f4xx_tim.o(i.TI2_Config) for TI2_Config
    stm32f4xx_tim.o(i.TIM_PWMIConfig) refers to stm32f4xx_tim.o(i.TIM_SetIC2Prescaler) for TIM_SetIC2Prescaler
    stm32f4xx_tim.o(i.TIM_TIxExternalClockConfig) refers to stm32f4xx_tim.o(i.TI2_Config) for TI2_Config
    stm32f4xx_tim.o(i.TIM_TIxExternalClockConfig) refers to stm32f4xx_tim.o(i.TI1_Config) for TI1_Config
    stm32f4xx_tim.o(i.TIM_TIxExternalClockConfig) refers to stm32f4xx_tim.o(i.TIM_SelectInputTrigger) for TIM_SelectInputTrigger
    stm32f4xx_adc.o(i.ADC_DeInit) refers to stm32f4xx_rcc.o(i.RCC_APB2PeriphResetCmd) for RCC_APB2PeriphResetCmd
    stm32f4xx_spi.o(i.SPI_I2S_DeInit) refers to stm32f4xx_rcc.o(i.RCC_APB2PeriphResetCmd) for RCC_APB2PeriphResetCmd
    stm32f4xx_spi.o(i.SPI_I2S_DeInit) refers to stm32f4xx_rcc.o(i.RCC_APB1PeriphResetCmd) for RCC_APB1PeriphResetCmd
[...]
    i.prvCheckTasksWaitingTermination        0x080058f8   Section        0  tasks.o(i.prvCheckTasksWaitingTermination)
    prvCheckTasksWaitingTermination          0x080058f9   Thumb Code    60  tasks.o(i.prvCheckTasksWaitingTermination)
    i.prvCopyDataFromQueue                   0x08005940   Section        0  queue.o(i.prvCopyDataFromQueue)
    prvCopyDataFromQueue                     0x08005941   Thumb Code    42  queue.o(i.prvCopyDataFromQueue)
    i.prvDeleteTCB                           0x0800596a   Section        0  tasks.o(i.prvDeleteTCB)
    prvDeleteTCB                             0x0800596b   Thumb Code    18  tasks.o(i.prvDeleteTCB)
    i.prvGetNextExpireTime                   0x0800597c   Section        0  timers.o(i.prvGetNextExpireTime)
    prvGetNextExpireTime                     0x0800597d   Thumb Code    36  timers.o(i.prvGetNextExpireTime)
    i.prvHeapInit                            0x080059a4   Section        0  heap_4.o(i.prvHeapInit)
    prvHeapInit                              0x080059a5   Thumb Code    90  heap_4.o(i.prvHeapInit)
    i.prvIdleTask                            0x08005a14   Section        0  tasks.o(i.prvIdleTask)
    prvIdleTask                              0x08005a15   Thumb Code    32  tasks.o(i.prvIdleTask)
    i.prvInitialiseNewQueue                  0x08005a3c   Section        0  queue.o(i.prvInitialiseNewQueue)
    prvInitialiseNewQueue                    0x08005a3d   Thumb Code    42  queue.o(i.prvInitialiseNewQueue)
    i.prvInitialiseNewTask                   0x08005a66   Section        0  tasks.o(i.prvInitialiseNewTask)
    prvInitialiseNewTask                     0x08005a67   Thumb Code   204  tasks.o(i.prvInitialiseNewTask)
    i.prvInitialiseTaskLists                 0x08005b34   Section        0  tasks.o(i.prvInitialiseTaskLists)
    prvInitialiseTaskLists                   0x08005b35   Thumb Code    70  tasks.o(i.prvInitialiseTaskLists)
    i.prvInsertBlockIntoFreeList             0x08005b9c   Section        0  heap_4.o(i.prvInsertBlockIntoFreeList)
    prvInsertBlockIntoFreeList               0x08005b9d   Thumb Code    96  heap_4.o(i.prvInsertBlockIntoFreeList)
    i.prvInsertTimerInActiveList             0x08005c04   Section        0  timers.o(i.prvInsertTimerInActiveList)
    prvInsertTimerInActiveList               0x08005c05   Thumb Code    80  timers.o(i.prvInsertTimerInActiveList)
    i.prvIsQueueEmpty                        0x08005c5c   Section        0  queue.o(i.prvIsQueueEmpty)
    prvIsQueueEmpty                          0x08005c5d   Thumb Code    26  queue.o(i.prvIsQueueEmpty)
    i.prvProcessExpiredTimer                 0x08005c78   Section        0  timers.o(i.prvProcessExpiredTimer)
    prvProcessExpiredTimer                   0x08005c79   Thumb Code    62  timers.o(i.prvProcessExpiredTimer)
    i.prvProcessReceivedCommands             0x08005cbc   Section        0  timers.o(i.prvProcessReceivedCommands)
    prvProcessReceivedCommands               0x08005cbd   Thumb Code   280  timers.o(i.prvProcessReceivedCommands)
    i.prvProcessTimerOrBlockTask             0x08005dd8   Section        0  timers.o(i.prvProcessTimerOrBlockTask)
    prvProcessTimerOrBlockTask               0x08005dd9   Thumb Code   102  timers.o(i.prvProcessTimerOrBlockTask)
    i.prvReloadTimer                         0x08005e4c   Section        0  timers.o(i.prvReloadTimer)
    prvReloadTimer                           0x08005e4d   Thumb Code    40  timers.o(i.prvReloadTimer)
    i.prvResetNextTaskUnblockTime            0x08005e74   Section        0  tasks.o(i.prvResetNextTaskUnblockTime)
    prvResetNextTaskUnblockTime              0x08005e75   Thumb Code    40  tasks.o(i.prvResetNextTaskUnblockTime)
    i.prvSampleTimeNow                       0x08005ea4   Section        0  timers.o(i.prvSampleTimeNow)
    prvSampleTimeNow                         0x08005ea5   Thumb Code    40  timers.o(i.prvSampleTimeNow)
    i.prvSwitchTimerLists                    0x08005ed0   Section        0  timers.o(i.prvSwitchTimerLists)
    prvSwitchTimerLists                      0x08005ed1   Thumb Code    58  timers.o(i.prvSwitchTimerLists)
    i.prvTaskExitError                       0x08005f14   Section        0  port.o(i.prvTaskExitError)
    prvTaskExitError                         0x08005f15   Thumb Code    60  port.o(i.prvTaskExitError)
    i.prvTimerTask                           0x08005f54   Section        0  timers.o(i.prvTimerTask)
    prvTimerTask                             0x08005f55   Thumb Code    26  timers.o(i.prvTimerTask)
    i.prvUnlockQueue                         0x08005f6e   Section        0  queue.o(i.prvUnlockQueue)
    prvUnlockQueue                           0x08005f6f   Thumb Code   126  queue.o(i.prvUnlockQueue)
    i.pvPortMalloc                           0x08005fec   Section        0  heap_4.o(i.pvPortMalloc)
    i.pxPortInitialiseStack                  0x08006118   Section        0  port.o(i.pxPortInitialiseStack)
    i.quat_normalization                     0x08006144   Section        0  ahrs.o(i.quat_normalization)
    quat_normalization                       0x08006145   Thumb Code   126  ahrs.o(i.quat_normalization)
    i.remote_task                            0x080061c8   Section        0  remote_task.o(i.remote_task)
    i.solve_gym_msg                          0x08006208   Section        0  remote_task.o(i.solve_gym_msg)
    solve_gym_msg                            0x08006209   Thumb Code    60  remote_task.o(i.solve_gym_msg)
    i.sqrtf                                  0x0800624c   Section        0  sqrtf_full.o(i.sqrtf)
    i.update_w                               0x0800628a   Section        0  ahrs.o(i.update_w)
    update_w                                 0x0800628b   Thumb Code   122  ahrs.o(i.update_w)
    i.uxListRemove                           0x08006304   Section        0  list.o(i.uxListRemove)
    i.vListInitialise                        0x0800632c   Section        0  list.o(i.vListInitialise)
    i.vListInitialiseItem                    0x08006346   Section        0  list.o(i.vListInitialiseItem)
    i.vListInsert                            0x0800634c   Section        0  list.o(i.vListInsert)
    i.vPortEnterCritical                     0x08006380   Section        0  port.o(i.vPortEnterCritical)
    i.vPortExitCritical                      0x080063d4   Section        0  port.o(i.vPortExitCritical)
    i.vPortFree                              0x08006410   Section        0  heap_4.o(i.vPortFree)
    i.vPortSetupTimerInterrupt               0x0800649c   Section        0  port.o(i.vPortSetupTimerInterrupt)
    i.vQueueAddToRegistry                    0x080064c4   Section        0  queue.o(i.vQueueAddToRegistry)
    i.vQueueWaitForMessageRestricted         0x08006524   Section        0  queue.o(i.vQueueWaitForMessageRestricted)
    i.vTaskDelay                             0x08006570   Section        0  tasks.o(i.vTaskDelay)
    i.vTaskInternalSetTimeOutState           0x080065cc   Section        0  tasks.o(i.vTaskInternalSetTimeOutState)
    i.vTaskMissedYield                       0x080065e4   Section        0  tasks.o(i.vTaskMissedYield)
    i.vTaskPlaceOnEventList                  0x080065f0   Section        0  tasks.o(i.vTaskPlaceOnEventList)
    i.vTaskPlaceOnEventListRestricted        0x08006628   Section        0  tasks.o(i.vTaskPlaceOnEventListRestricted)
    i.vTaskStartScheduler                    0x0800668c   Section        0  tasks.o(i.vTaskStartScheduler)
    i.vTaskSuspendAll                        0x08006728   Section        0  tasks.o(i.vTaskSuspendAll)
    i.vTaskSwitchContext                     0x08006738   Section        0  tasks.o(i.vTaskSwitchContext)
    i.xPortStartScheduler                    0x080067c4   Section        0  port.o(i.xPortStartScheduler)
    i.xQueueGenericCreate                    0x0800692c   Section        0  queue.o(i.xQueueGenericCreate)
    i.xQueueGenericReset                     0x08006994   Section        0  queue.o(i.xQueueGenericReset)
    i.xQueueReceive                          0x08006a70   Section        0  queue.o(i.xQueueReceive)
    i.xTaskCheckForTimeOut                   0x08006bd8   Section        0  tasks.o(i.xTaskCheckForTimeOut)
    i.xTaskCreate                            0x08006c68   Section        0  tasks.o(i.xTaskCreate)
    i.xTaskGetSchedulerState                 0x08006cd0   Section        0  tasks.o(i.xTaskGetSchedulerState)
    i.xTaskGetTickCount                      0x08006cf0   Section        0  tasks.o(i.xTaskGetTickCount)
    i.xTaskIncrementTick                     0x08006cfc   Section        0  tasks.o(i.xTaskIncrementTick)
    i.xTaskRemoveFromEventList               0x08006eb8   Section        0  tasks.o(i.xTaskRemoveFromEventList)
    i.xTaskResumeAll                         0x08006fd8   Section        0  tasks.o(i.xTaskResumeAll)
    i.xTimerCreateTimerTask                  0x08007150   Section        0  timers.o(i.xTimerCreateTimerTask)
    .constdata                               0x080071a8   Section       24  gyro_task.o(.constdata)
    fliter_num                               0x080071a8   Data          12  gyro_task.o(.constdata)
    .constdata                               0x080071c0   Section       18  bsp_gyro_accal.o(.constdata)
    write_BMI088_ACCEL_self_test_Reg_Data_Error 0x080071c0   Data          18  bsp_gyro_accal.o(.constdata)
    .constdata                               0x080071d4   Section       12  ahrs.o(.constdata)
    .constdata                               0x080071e0   Section     2052  arm_common_tables.o(.constdata)
    .constdata                               0x080079e8   Section      152  atan.o(.constdata)
    atanhi                                   0x080079e8   Data          32  atan.o(.constdata)
    atanlo                                   0x08007a08   Data          32  atan.o(.constdata)
    aTodd                                    0x08007a28   Data          40  atan.o(.constdata)
    aTeven                                   0x08007a50   Data          48  atan.o(.constdata)
    .data                                    0x20000000   Section       20  system_stm32f4xx.o(.data)
    .data                                    0x20000014   Section       16  stm32f4xx_rcc.o(.data)
    APBAHBPrescTable                         0x20000014   Data          16  stm32f4xx_rcc.o(.data)
    .data                                    0x20000024   Section        1  buzzer_task.o(.data)
    .data                                    0x20000025   Section       16  remote_task.o(.data)
    .data                                    0x20000038   Section      124  gyro_task.o(.data)
    .data                                    0x200000b4   Section       18  ck_timeout_task.o(.data)
    .data                                    0x200000c6   Section        2  bsp_usart.o(.data)
    usart1_recever_buff                      0x200000c6   Data           1  bsp_usart.o(.data)
    .data                                    0x200000c8   Section        5  bsp_tim.o(.data)
    .data                                    0x200000cd   Section       44  bsp_gyro_accal.o(.data)
    write_BMI088_accel_reg_data_error        0x200000cd   Data          18  bsp_gyro_accal.o(.data)
    write_BMI088_gyro_reg_data_error         0x200000df   Data          18  bsp_gyro_accal.o(.data)
    .data                                    0x200000fc   Section       64  tasks.o(.data)
    pxDelayedTaskList                        0x20000100   Data           4  tasks.o(.data)
    pxOverflowDelayedTaskList                0x20000104   Data           4  tasks.o(.data)
    uxDeletedTasksWaitingCleanUp             0x20000108   Data           4  tasks.o(.data)
    uxCurrentNumberOfTasks                   0x2000010c   Data           4  tasks.o(.data)
    xTickCount                               0x20000110   Data           4  tasks.o(.data)
    uxTopReadyPriority                       0x20000114   Data           4  tasks.o(.data)
    xSchedulerRunning                        0x20000118   Data           4  tasks.o(.data)
    xPendedTicks                             0x2000011c   Data           4  tasks.o(.data)
    xYieldPending                            0x20000120   Data           4  tasks.o(.data)
    xNumOfOverflows                          0x20000124   Data           4  tasks.o(.data)
    uxTaskNumber                             0x20000128   Data           4  tasks.o(.data)
    xNextTaskUnblockTime                     0x2000012c   Data           4  tasks.o(.data)
    xIdleTaskHandle                          0x20000130   Data           4  tasks.o(.data)
    uxSchedulerSuspended                     0x20000138   Data           4  tasks.o(.data)
    .data                                    0x2000013c   Section       20  timers.o(.data)
    pxCurrentTimerList                       0x2000013c   Data           4  timers.o(.data)
    pxOverflowTimerList                      0x20000140   Data           4  timers.o(.data)
    xTimerQueue                              0x20000144   Data           4  timers.o(.data)
    xTimerTaskHandle                         0x20000148   Data           4  timers.o(.data)
    xLastTime                                0x2000014c   Data           4  timers.o(.data)
    .data                                    0x20000150   Section       28  heap_4.o(.data)
    xStart                                   0x20000150   Data           8  heap_4.o(.data)
    pxEnd                                    0x20000158   Data           4  heap_4.o(.data)
    xFreeBytesRemaining                      0x2000015c   Data           4  heap_4.o(.data)
    xMinimumEverFreeBytesRemaining           0x20000160   Data           4  heap_4.o(.data)
    xNumberOfSuccessfulAllocations           0x20000164   Data           4  heap_4.o(.data)
    xNumberOfSuccessfulFrees                 0x20000168   Data           4  heap_4.o(.data)
    .data                                    0x2000016c   Section       12  port.o(.data)
    uxCriticalNesting                        0x2000016c   Data           4  port.o(.data)
    ucMaxSysCallPriority                     0x20000170   Data           1  port.o(.data)
    ulMaxPRIGROUPValue                       0x20000174   Data           4  port.o(.data)
    .data                                    0x20000178   Section       16  ahrs.o(.data)
    local_hight                              0x20000178   Data           4  ahrs.o(.data)
    latitude                                 0x2000017c   Data           4  ahrs.o(.data)
    local_gravity                            0x20000180   Data           4  ahrs.o(.data)
    carrier_gravity                          0x20000184   Data           4  ahrs.o(.data)
    .data                                    0x20000188   Section        4  errno.o(.data)
    _errno                                   0x20000188   Data           4  errno.o(.data)
    .bss                                     0x2000018c   Section     1284  chassis_task.o(.bss)
    .bss                                     0x20000690   Section      546  remote_task.o(.bss)
    .bss                                     0x200008b4   Section      280  gyro_task.o(.bss)
    accel_fliter_1                           0x20000974   Data          12  gyro_task.o(.bss)
    accel_fliter_2                           0x20000980   Data          12  gyro_task.o(.bss)
    accel_fliter_3                           0x2000098c   Data          12  gyro_task.o(.bss)
    INS_gyro                                 0x20000998   Data          12  gyro_task.o(.bss)
    INS_accel                                0x200009a4   Data          12  gyro_task.o(.bss)
    INS_mag                                  0x200009b0   Data          12  gyro_task.o(.bss)
    INS_quat                                 0x200009bc   Data          16  gyro_task.o(.bss)
    .bss                                     0x200009cc   Section       44  ck_timeout_task.o(.bss)
    .bss                                     0x200009f8   Section       50  bsp_usart.o(.bss)
    .bss                                     0x20000a2c   Section       64  queue.o(.bss)
    .bss                                     0x20000a6c   Section      200  tasks.o(.bss)
    pxReadyTasksLists                        0x20000a6c   Data         100  tasks.o(.bss)
    xDelayedTaskList1                        0x20000ad0   Data          20  tasks.o(.bss)
    xDelayedTaskList2                        0x20000ae4   Data          20  tasks.o(.bss)
    xPendingReadyList                        0x20000af8   Data          20  tasks.o(.bss)
    xTasksWaitingTermination                 0x20000b0c   Data          20  tasks.o(.bss)
    xSuspendedTaskList                       0x20000b20   Data          20  tasks.o(.bss)
    .bss                                     0x20000b34   Section       40  timers.o(.bss)
    xActiveTimerList1                        0x20000b34   Data          20  timers.o(.bss)
    xActiveTimerList2                        0x20000b48   Data          20  timers.o(.bss)
    .bss                                     0x20000b5c   Section    76800  heap_4.o(.bss)
    ucHeap                                   0x20000b5c   Data       76800  heap_4.o(.bss)
    STACK                                    0x20013760   Section     1024  startup_stm32f40_41xxx.o(STACK)

    Global Symbols

    Symbol Name                              Value     Ov Type        Size  Object(Section)

    BuildAttributes$$THM_ISAv4$E$P$D$K$B$S$7EM$VFPi3$EXTD16$VFPS$VFMA$PE$A:L22UL41UL21$X:L11$S22US41US21$IEEE1$IW$USESV6$~STKCKD$USESV7$~SHL$OTIME$ROPI$IEEEX$EBA8$MICROLIB$REQ8$PRES8$EABIv2 0x00000000   Number         0  anon$$obj.o ABSOLUTE
    __ARM_use_no_argv                        0x00000000   Number         0  main.o ABSOLUTE
    __cpp_initialize__aeabi_                  - Undefined Weak Reference
    __cxa_finalize                            - Undefined Weak Reference
    _clock_init                               - Undefined Weak Reference
    _microlib_exit                            - Undefined Weak Reference
    __Vectors_Size                           0x00000188   Number         0  startup_stm32f40_41xxx.o ABSOLUTE
    __Vectors                                0x08000000   Data           4  startup_stm32f40_41xxx.o(RESET)
    __Vectors_End                            0x08000188   Data           0  startup_stm32f40_41xxx.o(RESET)
    __main                                   0x08000189   Thumb Code     0  entry.o(.ARM.Collect$$$$00000000)
    _main_stk                                0x08000189   Thumb Code     0  entry2.o(.ARM.Collect$$$$00000001)
    _main_scatterload                        0x0800018d   Thumb Code     0  entry5.o(.ARM.Collect$$$$00000004)
    __main_after_scatterload                 0x08000191   Thumb Code     0  entry5.o(.ARM.Collect$$$$00000004)
    _main_clock                              0x08000191   Thumb Code     0  entry7b.o(.ARM.Collect$$$$00000008)
    _main_cpp_init                           0x08000191   Thumb Code     0  entry8b.o(.ARM.Collect$$$$0000000A)
    _main_init                               0x08000191   Thumb Code     0  entry9a.o(.ARM.Collect$$$$0000000B)
    __rt_final_cpp                           0x08000199   Thumb Code     0  entry10a.o(.ARM.Collect$$$$0000000D)
    __rt_final_exit                          0x08000199   Thumb Code     0  entry11a.o(.ARM.Collect$$$$0000000F)
    SVC_Handler                              0x0800019d   Thumb Code    28  port.o(.emb_text)
    __asm___6_port_c_39a90d8d__prvStartFirstTask 0x080001bd   Thumb Code    36  port.o(.emb_text)
    __asm___6_port_c_39a90d8d__prvEnableVFP  0x080001e5   Thumb Code    16  port.o(.emb_text)
    PendSV_Handler                           0x080001f9   Thumb Code    88  port.o(.emb_text)
    vPortGetIPSR                             0x08000255   Thumb Code     6  port.o(.emb_text)
    Reset_Handler                            0x0800025d   Thumb Code     8  startup_stm32f40_41xxx.o(.text)
    ADC_IRQHandler                           0x08000277   Thumb Code     0  startup_stm32f40_41xxx.o(.text)
    CAN1_RX1_IRQHandler                      0x08000277   Thumb Code     0  startup_stm32f40_41xxx.o(.text)
    CAN1_SCE_IRQHandler                      0x08000277   Thumb Code     0  startup_stm32f40_41xxx.o(.text)
    CAN1_TX_IRQHandler                       0x08000277   Thumb Code     0  startup_stm32f40_41xxx.o(.text)
    CAN2_RX1_IRQHandler                      0x08000277   Thumb Code     0  startup_stm32f40_41xxx.o(.text)
    CAN2_SCE_IRQHandler                      0x08000277   Thumb Code     0  startup_stm32f40_41xxx.o(.text)
    CAN2_TX_IRQHandler                       0x08000277   Thumb Code     0  startup_stm32f40_41xxx.o(.text)
    CRYP_IRQHandler                          0x08000277   Thumb Code     0  startup_stm32f40_41xxx.o(.text)
    DCMI_IRQHandler                          0x08000277   Thumb Code     0  startup_stm32f40_41xxx.o(.text)
    DMA1_Stream0_IRQHandler                  0x08000277   Thumb Code     0  startup_stm32f40_41xxx.o(.text)
    DMA1_Stream1_IRQHandler                  0x08000277   Thumb Code     0  startup_stm32f40_41xxx.o(.text)
    DMA1_Stream2_IRQHandler                  0x08000277   Thumb Code     0  startup_stm32f40_41xxx.o(.text)
    DMA1_Stream3_IRQHandler                  0x08000277   Thumb Code     0  startup_stm32f40_41xxx.o(.text)
    DMA1_Stream4_IRQHandler                  0x08000277   Thumb Code     0  startup_stm32f40_41xxx.o(.text)
    DMA1_Stream5_IRQHandler                  0x08000277   Thumb Code     0  startup_stm32f40_41xxx.o(.text)
    DMA1_Stream6_IRQHandler                  0x08000277   Thumb Code     0  startup_stm32f40_41xxx.o(.text)
    DMA1_Stream7_IRQHandler                  0x08000277   Thumb Code     0  startup_stm32f40_41xxx.o(.text)
    DMA2_Stream0_IRQHandler                  0x08000277   Thumb Code     0  startup_stm32f40_41xxx.o(.text)
    DMA2_Stream1_IRQHandler                  0x08000277   Thumb Code     0  startup_stm32f40_41xxx.o(.text)
    DMA2_Stream2_IRQHandler                  0x08000277   Thumb Code     0  startup_stm32f40_41xxx.o(.text)
    DMA2_Stream3_IRQHandler                  0x08000277   Thumb Code     0  startup_stm32f40_41xxx.o(.text)
    DMA2_Stream4_IRQHandler                  0x08000277   Thumb Code     0  startup_stm32f40_41xxx.o(.text)
    DMA2_Stream5_IRQHandler                  0x08000277   Thumb Code     0  startup_stm32f40_41xxx.o(.text)
    DMA2_Stream6_IRQHandler                  0x08000277   Thumb Code     0  startup_stm32f40_41xxx.o(.text)
    DMA2_Stream7_IRQHandler                  0x08000277   Thumb Code     0  startup_stm32f40_41xxx.o(.text)
    ETH_IRQHandler                           0x08000277   Thumb Code     0  startup_stm32f40_41xxx.o(.text)
    ETH_WKUP_IRQHandler                      0x08000277   Thumb Code     0  startup_stm32f40_41xxx.o(.text)
    EXTI0_IRQHandler                         0x08000277   Thumb Code     0  startup_stm32f40_41xxx.o(.text)
    EXTI15_10_IRQHandler                     0x08000277   Thumb Code     0  startup_stm32f40_41xxx.o(.text)
    EXTI1_IRQHandler                         0x08000277   Thumb Code     0  startup_stm32f40_41xxx.o(.text)
    EXTI2_IRQHandler                         0x08000277   Thumb Code     0  startup_stm32f40_41xxx.o(.text)
    EXTI3_IRQHandler                         0x08000277   Thumb Code     0  startup_stm32f40_41xxx.o(.text)
    EXTI4_IRQHandler                         0x08000277   Thumb Code     0  startup_stm32f40_41xxx.o(.text)
    EXTI9_5_IRQHandler                       0x08000277   Thumb Code     0  startup_stm32f40_41xxx.o(.text)
    FLASH_IRQHandler                         0x08000277   Thumb Code     0  startup_stm32f40_41xxx.o(.text)
    FPU_IRQHandler                           0x08000277   Thumb Code     0  startup_stm32f40_41xxx.o(.text)
    FSMC_IRQHandler                          0x08000277   Thumb Code     0  startup_stm32f40_41xxx.o(.text)
    HASH_RNG_IRQHandler                      0x08000277   Thumb Code     0  startup_stm32f40_41xxx.o(.text)
    I2C1_ER_IRQHandler                       0x08000277   Thumb Code     0  startup_stm32f40_41xxx.o(.text)
    I2C1_EV_IRQHandler                       0x08000277   Thumb Code     0  startup_stm32f40_41xxx.o(.text)
    I2C2_ER_IRQHandler                       0x08000277   Thumb Code     0  startup_stm32f40_41xxx.o(.text)
    I2C2_EV_IRQHandler                       0x08000277   Thumb Code     0  startup_stm32f40_41xxx.o(.text)
    I2C3_ER_IRQHandler                       0x08000277   Thumb Code     0  startup_stm32f40_41xxx.o(.text)
    I2C3_EV_IRQHandler                       0x08000277   Thumb Code     0  startup_stm32f40_41xxx.o(.text)
    OTG_FS_IRQHandler                        0x08000277   Thumb Code     0  startup_stm32f40_41xxx.o(.text)
    OTG_FS_WKUP_IRQHandler                   0x08000277   Thumb Code     0  startup_stm32f40_41xxx.o(.text)
    OTG_HS_EP1_IN_IRQHandler                 0x08000277   Thumb Code     0  startup_stm32f40_41xxx.o(.text)
    OTG_HS_EP1_OUT_IRQHandler                0x08000277   Thumb Code     0  startup_stm32f40_41xxx.o(.text)
    OTG_HS_IRQHandler                        0x08000277   Thumb Code     0  startup_stm32f40_41xxx.o(.text)
    OTG_HS_WKUP_IRQHandler                   0x08000277   Thumb Code     0  startup_stm32f40_41xxx.o(.text)
    PVD_IRQHandler                           0x08000277   Thumb Code     0  startup_stm32f40_41xxx.o(.text)
    RCC_IRQHandler                           0x08000277   Thumb Code     0  startup_stm32f40_41xxx.o(.text)
    RTC_Alarm_IRQHandler                     0x08000277   Thumb Code     0  startup_stm32f40_41xxx.o(.text)
    RTC_WKUP_IRQHandler                      0x08000277   Thumb Code     0  startup_stm32f40_41xxx.o(.text)
    SDIO_IRQHandler                          0x08000277   Thumb Code     0  startup_stm32f40_41xxx.o(.text)
    SPI1_IRQHandler                          0x08000277   Thumb Code     0  startup_stm32f40_41xxx.o(.text)
    SPI2_IRQHandler                          0x08000277   Thumb Code     0  startup_stm32f40_41xxx.o(.text)
    SPI3_IRQHandler                          0x08000277   Thumb Code     0  startup_stm32f40_41xxx.o(.text)
    TAMP_STAMP_IRQHandler                    0x08000277   Thumb Code     0  startup_stm32f40_41xxx.o(.text)
    TIM1_BRK_TIM9_IRQHandler                 0x08000277   Thumb Code     0  startup_stm32f40_41xxx.o(.text)
    TIM1_CC_IRQHandler                       0x08000277   Thumb Code     0  startup_stm32f40_41xxx.o(.text)
    TIM1_TRG_COM_TIM11_IRQHandler            0x08000277   Thumb Code     0  startup_stm32f40_41xxx.o(.text)
    TIM1_UP_TIM10_IRQHandler                 0x08000277   Thumb Code     0  startup_stm32f40_41xxx.o(.text)
    TIM2_IRQHandler                          0x08000277   Thumb Code     0  startup_stm32f40_41xxx.o(.text)
    TIM4_IRQHandler                          0x08000277   Thumb Code     0  startup_stm32f40_41xxx.o(.text)
    TIM6_DAC_IRQHandler                      0x08000277   Thumb Code     0  startup_stm32f40_41xxx.o(.text)
    TIM7_IRQHandler                          0x08000277   Thumb Code     0  startup_stm32f40_41xxx.o(.text)
    TIM8_BRK_TIM12_IRQHandler                0x08000277   Thumb Code     0  startup_stm32f40_41xxx.o(.text)
    TIM8_CC_IRQHandler                       0x08000277   Thumb Code     0  startup_stm32f40_41xxx.o(.text)
    TIM8_TRG_COM_TIM14_IRQHandler            0x08000277   Thumb Code     0  startup_stm32f40_41xxx.o(.text)
    TIM8_UP_TIM13_IRQHandler                 0x08000277   Thumb Code     0  startup_stm32f40_41xxx.o(.text)
    UART4_IRQHandler                         0x08000277   Thumb Code     0  startup_stm32f40_41xxx.o(.text)
    UART5_IRQHandler                         0x08000277   Thumb Code     0  startup_stm32f40_41xxx.o(.text)
    USART2_IRQHandler                        0x08000277   Thumb Code     0  startup_stm32f40_41xxx.o(.text)
    USART3_IRQHandler                        0x08000277   Thumb Code     0  startup_stm32f40_41xxx.o(.text)
    USART6_IRQHandler                        0x08000277   Thumb Code     0  startup_stm32f40_41xxx.o(.text)
    WWDG_IRQHandler                          0x08000277   Thumb Code     0  startup_stm32f40_41xxx.o(.text)
    arm_cos_f32                              0x08000281   Thumb Code   108  arm_cos_f32.o(.text)
    arm_sin_f32                              0x080002f9   Thumb Code   104  arm_sin_f32.o(.text)
    arm_sin_cos_f32                          0x0800036d   Thumb Code   242  arm_sin_cos_f32.o(.text)
    __aeabi_memcpy                           0x08000471   Thumb Code    36  memcpya.o(.text)
    __aeabi_memcpy4                          0x08000471   Thumb Code     0  memcpya.o(.text)
    __aeabi_memcpy8                          0x08000471   Thumb Code     0  memcpya.o(.text)
    __aeabi_memset                           0x08000495   Thumb Code    14  memseta.o(.text)
    __aeabi_memset4                          0x08000495   Thumb Code     0  memseta.o(.text)
    __aeabi_memset8                          0x08000495   Thumb Code     0  memseta.o(.text)
    __aeabi_memclr                           0x080004a3   Thumb Code     4  memseta.o(.text)
    __aeabi_memclr4                          0x080004a3   Thumb Code     0  memseta.o(.text)
    __aeabi_memclr8                          0x080004a3   Thumb Code     0  memseta.o(.text)
    _memset$wrapper                          0x080004a7   Thumb Code    18  memseta.o(.text)
    __aeabi_dadd                             0x080004b9   Thumb Code   322  dadd.o(.text)
    __aeabi_dsub                             0x080005fb   Thumb Code     6  dadd.o(.text)
    __aeabi_drsub                            0x08000601   Thumb Code     6  dadd.o(.text)
    __aeabi_dmul                             0x08000607   Thumb Code   228  dmul.o(.text)
    __aeabi_i2d                              0x080006eb   Thumb Code    34  dflti.o(.text)
    __aeabi_ui2d                             0x0800070d   Thumb Code    26  dfltui.o(.text)
    __aeabi_f2d                              0x08000727   Thumb Code    38  f2d.o(.text)
    __aeabi_d2f                              0x0800074d   Thumb Code    56  d2f.o(.text)
    __aeabi_llsl                             0x08000785   Thumb Code    30  llshl.o(.text)
    _ll_shift_l                              0x08000785   Thumb Code     0  llshl.o(.text)
    __aeabi_lasr                             0x080007a3   Thumb Code    36  llsshr.o(.text)
    _ll_sshift_r                             0x080007a3   Thumb Code     0  llsshr.o(.text)
    __I$use$fp                               0x080007c7   Thumb Code     0  iusefp.o(.text)
    _float_round                             0x080007c7   Thumb Code    18  fepilogue.o(.text)
    _float_epilogue                          0x080007d9   Thumb Code    92  fepilogue.o(.text)
    _double_round                            0x08000835   Thumb Code    30  depilogue.o(.text)
    _double_epilogue                         0x08000853   Thumb Code   156  depilogue.o(.text)
    __aeabi_ddiv                             0x080008ef   Thumb Code   222  ddiv.o(.text)
    __scatterload                            0x080009cd   Thumb Code    28  init.o(.text)
    __scatterload_rt2                        0x080009cd   Thumb Code     0  init.o(.text)
    __aeabi_llsr                             0x080009f1   Thumb Code    32  llushr.o(.text)
    _ll_ushift_r                             0x080009f1   Thumb Code     0  llushr.o(.text)
    __decompress                             0x08000a11   Thumb Code     0  __dczerorl2.o(.text)
    __decompress1                            0x08000a11   Thumb Code    86  __dczerorl2.o(.text)
    AHRS_asinf                               0x08000a67   Thumb Code    24  ahrs_middleware.o(i.AHRS_asinf)
    AHRS_atan2f                              0x08000a7f   Thumb Code    32  ahrs_middleware.o(i.AHRS_atan2f)
    AHRS_cosf                                0x08000a9f   Thumb Code    24  ahrs_middleware.o(i.AHRS_cosf)
    AHRS_get_height                          0x08000ad1   Thumb Code    12  ahrs_middleware.o(i.AHRS_get_height)
    AHRS_get_latitude                        0x08000ae1   Thumb Code    12  ahrs_middleware.o(i.AHRS_get_latitude)
    AHRS_init                                0x08000aed   Thumb Code   626  ahrs.o(i.AHRS_init)
    AHRS_invSqrt                             0x08000d89   Thumb Code    36  ahrs_middleware.o(i.AHRS_invSqrt)
    AHRS_sinf                                0x08000dad   Thumb Code    24  ahrs_middleware.o(i.AHRS_sinf)
    AHRS_update                              0x08000dc5   Thumb Code   314  ahrs.o(i.AHRS_update)
    BMI088_delay_ms                          0x08000f85   Thumb Code    12  bsp_delay.o(i.BMI088_delay_ms)
    BMI088_delay_us                          0x08000f91   Thumb Code    12  bsp_delay.o(i.BMI088_delay_us)
    BMI088_init                              0x08000fd9   Thumb Code    44  bsp_gyro_accal.o(i.BMI088_init)
    BMI088_read                              0x08001005   Thumb Code   338  bsp_gyro_accal.o(i.BMI088_read)
    BusFault_Handler                         0x080011bd   Thumb Code     4  stm32f4xx_it.o(i.BusFault_Handler)
    CAN1_RX0_IRQHandler                      0x080011c1   Thumb Code    60  bsp_motor.o(i.CAN1_RX0_IRQHandler)
    CAN1_init                                0x08001205   Thumb Code   234  bsp_can.o(i.CAN1_init)
    CAN2_RX0_IRQHandler                      0x080012f9   Thumb Code    58  bsp_motor.o(i.CAN2_RX0_IRQHandler)
    CAN2_init                                0x0800133d   Thumb Code   238  bsp_can.o(i.CAN2_init)
    CAN_ClearITPendingBit                    0x08001435   Thumb Code   162  stm32f4xx_can.o(i.CAN_ClearITPendingBit)
    CAN_FilterInit                           0x080014dd   Thumb Code   258  stm32f4xx_can.o(i.CAN_FilterInit)
    CAN_GetITStatus                          0x080015e5   Thumb Code   284  stm32f4xx_can.o(i.CAN_GetITStatus)
    CAN_ITConfig                             0x08001705   Thumb Code    18  stm32f4xx_can.o(i.CAN_ITConfig)
    CAN_Init                                 0x08001717   Thumb Code   276  stm32f4xx_can.o(i.CAN_Init)
    CAN_Receive                              0x0800182b   Thumb Code   240  stm32f4xx_can.o(i.CAN_Receive)
    CAN_Transmit                             0x0800191b   Thumb Code   294  stm32f4xx_can.o(i.CAN_Transmit)
    CAN_TransmitStatus                       0x08001a41   Thumb Code   138  stm32f4xx_can.o(i.CAN_TransmitStatus)
    CK_Timeout_task                          0x08001ae1   Thumb Code    34  ck_timeout_task.o(i.CK_Timeout_task)
    Chassis_task                             0x08001b09   Thumb Code   116  chassis_task.o(i.Chassis_task)
    CkTime_DriverTimeNew                     0x08001b9d   Thumb Code    12  ck_timeout_task.o(i.CkTime_DriverTimeNew)
    DMA_ClearITPendingBit                    0x08001bad   Thumb Code    38  stm32f4xx_dma.o(i.DMA_ClearITPendingBit)
    DMA_Cmd                                  0x08001be1   Thumb Code    22  stm32f4xx_dma.o(i.DMA_Cmd)
    DMA_GetCurrDataCounter                   0x08001bf7   Thumb Code     8  stm32f4xx_dma.o(i.DMA_GetCurrDataCounter)
    DMA_Init                                 0x08001c01   Thumb Code    82  stm32f4xx_dma.o(i.DMA_Init)
    DMA_SetCurrDataCounter                   0x08001c59   Thumb Code     4  stm32f4xx_dma.o(i.DMA_SetCurrDataCounter)
    DebugMon_Handler                         0x08001c5d   Thumb Code     2  stm32f4xx_it.o(i.DebugMon_Handler)
    Delay_us                                 0x08001c5f   Thumb Code    18  bsp_delay.o(i.Delay_us)
    FZ_math_absolute                         0x08001c71   Thumb Code    56  z_math.o(i.FZ_math_absolute)
    FZ_math_deadzone_limt                    0x08001cad   Thumb Code    44  z_math.o(i.FZ_math_deadzone_limt)
    FZ_math_limt                             0x08001cd9   Thumb Code    32  z_math.o(i.FZ_math_limt)
    Fifo_Add                                 0x08001cf9   Thumb Code    52  fifo.o(i.Fifo_Add)
    Fifo_AddNum                              0x08001d2d   Thumb Code    34  fifo.o(i.Fifo_AddNum)
    Fifo_Get                                 0x08001d4f   Thumb Code    52  fifo.o(i.Fifo_Get)
    GPIO_Init                                0x08001d83   Thumb Code   144  stm32f4xx_gpio.o(i.GPIO_Init)
    GPIO_PinAFConfig                         0x08001e13   Thumb Code    70  stm32f4xx_gpio.o(i.GPIO_PinAFConfig)
    GPIO_ResetBits                           0x08001e59   Thumb Code     4  stm32f4xx_gpio.o(i.GPIO_ResetBits)
    GPIO_SetBits                             0x08001e5d   Thumb Code     4  stm32f4xx_gpio.o(i.GPIO_SetBits)
    GYRO_task                                0x08001e61   Thumb Code   828  gyro_task.o(i.GYRO_task)
    Get_TimeOutNum                           0x080021f5   Thumb Code     8  ck_timeout_task.o(i.Get_TimeOutNum)
    HardFault_Handler                        0x08002201   Thumb Code     4  stm32f4xx_it.o(i.HardFault_Handler)
    LED_init                                 0x08002205   Thumb Code   116  bsp_led.o(i.LED_init)
    MemManage_Handler                        0x0800227d   Thumb Code     4  stm32f4xx_it.o(i.MemManage_Handler)
    NMI_Handler                              0x08002281   Thumb Code     2  stm32f4xx_it.o(i.NMI_Handler)
    NVIC_Init                                0x08002285   Thumb Code   106  misc.o(i.NVIC_Init)
    NVIC_PriorityGroupConfig                 0x080022fd   Thumb Code    10  misc.o(i.NVIC_PriorityGroupConfig)
    PID_Init                                 0x08002311   Thumb Code    40  pid.o(i.PID_Init)
    PID_cale                                 0x08002339   Thumb Code   206  pid.o(i.PID_cale)
    RCC_AHB1PeriphClockCmd                   0x08002409   Thumb Code    26  stm32f4xx_rcc.o(i.RCC_AHB1PeriphClockCmd)
    RCC_APB1PeriphClockCmd                   0x08002429   Thumb Code    26  stm32f4xx_rcc.o(i.RCC_APB1PeriphClockCmd)
    RCC_APB2PeriphClockCmd                   0x08002449   Thumb Code    26  stm32f4xx_rcc.o(i.RCC_APB2PeriphClockCmd)
    RCC_GetClocksFreq                        0x08002469   Thumb Code   214  stm32f4xx_rcc.o(i.RCC_GetClocksFreq)
    RM_motor_send                            0x08002551   Thumb Code   110  rm_motor.o(i.RM_motor_send)
    SPI1_Init                                0x080025c1   Thumb Code   234  bsp_spi.o(i.SPI1_Init)
    SPI_CalculateCRC                         0x080026b9   Thumb Code    24  stm32f4xx_spi.o(i.SPI_CalculateCRC)
    SPI_Cmd                                  0x080026d1   Thumb Code    24  stm32f4xx_spi.o(i.SPI_Cmd)
    SPI_I2S_GetFlagStatus                    0x080026e9   Thumb Code    18  stm32f4xx_spi.o(i.SPI_I2S_GetFlagStatus)
    SPI_I2S_ReceiveData                      0x080026fb   Thumb Code     6  stm32f4xx_spi.o(i.SPI_I2S_ReceiveData)
    SPI_I2S_SendData                         0x08002701   Thumb Code     4  stm32f4xx_spi.o(i.SPI_I2S_SendData)
    SPI_Init                                 0x08002705   Thumb Code    60  stm32f4xx_spi.o(i.SPI_Init)
    SPI_ReadWriteByte                        0x08002741   Thumb Code    52  bsp_spi.o(i.SPI_ReadWriteByte)
    SysTick_Handler                          0x08002861   Thumb Code    46  port.o(i.SysTick_Handler)
    SystemInit                               0x08002895   Thumb Code    88  system_stm32f4xx.o(i.SystemInit)
    TIM3_IRQHandler                          0x080028fd   Thumb Code    24  bsp_tim.o(i.TIM3_IRQHandler)
    TIM4_PWM_init                            0x08002919   Thumb Code   160  bsp_pwm.o(i.TIM4_PWM_init)
    TIM5_IRQHandler                          0x080029c1   Thumb Code   148  bsp_tim.o(i.TIM5_IRQHandler)
    TIM_ARRPreloadConfig                     0x08002a61   Thumb Code    24  stm32f4xx_tim.o(i.TIM_ARRPreloadConfig)
    TIM_ClearITPendingBit                    0x08002a79   Thumb Code     6  stm32f4xx_tim.o(i.TIM_ClearITPendingBit)
    TIM_Cmd                                  0x08002a7f   Thumb Code    24  stm32f4xx_tim.o(i.TIM_Cmd)
    TIM_GetCapture1                          0x08002a97   Thumb Code     6  stm32f4xx_tim.o(i.TIM_GetCapture1)
    TIM_GetITStatus                          0x08002a9d   Thumb Code    34  stm32f4xx_tim.o(i.TIM_GetITStatus)
    TIM_OC1PolarityConfig                    0x08002abf   Thumb Code    18  stm32f4xx_tim.o(i.TIM_OC1PolarityConfig)
    TIM_OC3Init                              0x08002ad1   Thumb Code   150  stm32f4xx_tim.o(i.TIM_OC3Init)
    TIM_OC3PreloadConfig                     0x08002b71   Thumb Code    18  stm32f4xx_tim.o(i.TIM_OC3PreloadConfig)
    TIM_SetCompare1                          0x08002b83   Thumb Code     4  stm32f4xx_tim.o(i.TIM_SetCompare1)
    TIM_SetCompare3                          0x08002b87   Thumb Code     4  stm32f4xx_tim.o(i.TIM_SetCompare3)
    TIM_SetCounter                           0x08002b8b   Thumb Code     4  stm32f4xx_tim.o(i.TIM_SetCounter)
    TIM_TimeBaseInit                         0x08002b91   Thumb Code   104  stm32f4xx_tim.o(i.TIM_TimeBaseInit)
    USART1_IRQHandler                        0x08002c15   Thumb Code    94  remote_task.o(i.USART1_IRQHandler)
    USART1_Init                              0x08002c8d   Thumb Code   310  bsp_usart.o(i.USART1_Init)
    USART_Cmd                                0x08002ddd   Thumb Code    24  stm32f4xx_usart.o(i.USART_Cmd)
    USART_DMACmd                             0x08002df5   Thumb Code    18  stm32f4xx_usart.o(i.USART_DMACmd)
    USART_GetITStatus                        0x08002e07   Thumb Code    84  stm32f4xx_usart.o(i.USART_GetITStatus)
    USART_ITConfig                           0x08002e5b   Thumb Code    74  stm32f4xx_usart.o(i.USART_ITConfig)
    USART_Init                               0x08002ea5   Thumb Code   204  stm32f4xx_usart.o(i.USART_Init)
    UsageFault_Handler                       0x08002f79   Thumb Code     4  stm32f4xx_it.o(i.UsageFault_Handler)
    __ARM_fpclassify                         0x08002f7d   Thumb Code    48  fpclassify.o(i.__ARM_fpclassify)
    __ARM_fpclassifyf                        0x08002fad   Thumb Code    38  fpclassifyf.o(i.__ARM_fpclassifyf)
    __hardfp_asinf                           0x08002fd5   Thumb Code   258  asinf.o(i.__hardfp_asinf)
    __hardfp_atan                            0x08003101   Thumb Code   622  atan.o(i.__hardfp_atan)
    __hardfp_atan2f                          0x080033d9   Thumb Code   502  atan2f.o(i.__hardfp_atan2f)
    __hardfp_sqrtf                           0x08003629   Thumb Code    58  sqrtf_full.o(i.__hardfp_sqrtf)
    __kernel_poly                            0x08003663   Thumb Code   248  poly.o(i.__kernel_poly)
    __mathlib_dbl_infnan                     0x0800375b   Thumb Code    20  dunder.o(i.__mathlib_dbl_infnan)
    __mathlib_dbl_underflow                  0x08003771   Thumb Code    24  dunder.o(i.__mathlib_dbl_underflow)
    __mathlib_flt_infnan                     0x08003791   Thumb Code     6  funder.o(i.__mathlib_flt_infnan)
    __mathlib_flt_infnan2                    0x08003797   Thumb Code     6  funder.o(i.__mathlib_flt_infnan2)
    __mathlib_flt_invalid                    0x0800379d   Thumb Code    10  funder.o(i.__mathlib_flt_invalid)
    __mathlib_flt_underflow                  0x080037ad   Thumb Code    10  funder.o(i.__mathlib_flt_underflow)
    __scatterload_copy                       0x080037bd   Thumb Code    14  handlers.o(i.__scatterload_copy)
    __scatterload_null                       0x080037cb   Thumb Code     2  handlers.o(i.__scatterload_null)
    __scatterload_zeroinit                   0x080037cd   Thumb Code    14  handlers.o(i.__scatterload_zeroinit)
    __set_errno                              0x080037dd   Thumb Code     6  errno.o(i.__set_errno)
    bmi088_accel_self_test                   0x08003dd9   Thumb Code   746  bsp_gyro_accal.o(i.bmi088_accel_self_test)
    bmi088_gyro_init                         0x080040c9   Thumb Code   238  bsp_gyro_accal.o(i.bmi088_gyro_init)
    bmi088_gyro_self_test                    0x080041bd   Thumb Code   208  bsp_gyro_accal.o(i.bmi088_gyro_self_test)
    buzzer_task                              0x0800428d   Thumb Code    76  buzzer_task.o(i.buzzer_task)
    chassis_follow_chassis_solve_D           0x08004591   Thumb Code  1158  chassis_behave.o(i.chassis_follow_chassis_solve_D)
    chassis_follow_gym_solve                 0x08004a19   Thumb Code   222  chassis_behave.o(i.chassis_follow_gym_solve)
    chassis_revolve_solve                    0x08004da1   Thumb Code   200  chassis_behave.o(i.chassis_revolve_solve)
    chassis_zero_solve                       0x08004f11   Thumb Code    26  chassis_behave.o(i.chassis_zero_solve)
    create_task                              0x08004f99   Thumb Code   132  make_task.o(i.create_task)
    fabs                                     0x08005085   Thumb Code    24  fabs.o(i.fabs)
    get_angle                                0x0800509d   Thumb Code   232  ahrs.o(i.get_angle)
    get_angle_p                              0x08005185   Thumb Code     4  remote_task.o(i.get_angle_p)
    get_speed_set_p                          0x0800518d   Thumb Code     4  remote_task.o(i.get_speed_set_p)
    led_task                                 0x080052ed   Thumb Code   126  led_blink_task.o(i.led_task)
    main                                     0x0800539f   Thumb Code    44  main.o(i.main)
    motor_msg_decode_3508                    0x080053cd   Thumb Code   132  rm_motor.o(i.motor_msg_decode_3508)
    motor_msg_decode_6020                    0x08005455   Thumb Code   372  rm_motor.o(i.motor_msg_decode_6020)
    pvPortMalloc                             0x08005fed   Thumb Code   280  heap_4.o(i.pvPortMalloc)
    pxPortInitialiseStack                    0x08006119   Thumb Code    38  port.o(i.pxPortInitialiseStack)
    remote_task                              0x080061c9   Thumb Code    50  remote_task.o(i.remote_task)
    sqrtf                                    0x0800624d   Thumb Code    62  sqrtf_full.o(i.sqrtf)
    uxListRemove                             0x08006305   Thumb Code    40  list.o(i.uxListRemove)
    vListInitialise                          0x0800632d   Thumb Code    26  list.o(i.vListInitialise)
    vListInitialiseItem                      0x08006347   Thumb Code     6  list.o(i.vListInitialiseItem)
    vListInsert                              0x0800634d   Thumb Code    52  list.o(i.vListInsert)
    vPortEnterCritical                       0x08006381   Thumb Code    76  port.o(i.vPortEnterCritical)
    vPortExitCritical                        0x080063d5   Thumb Code    56  port.o(i.vPortExitCritical)
    vPortFree                                0x08006411   Thumb Code   132  heap_4.o(i.vPortFree)
    vPortSetupTimerInterrupt                 0x0800649d   Thumb Code    36  port.o(i.vPortSetupTimerInterrupt)
    vQueueAddToRegistry                      0x080064c5   Thumb Code    90  queue.o(i.vQueueAddToRegistry)
    vQueueWaitForMessageRestricted           0x08006525   Thumb Code    74  queue.o(i.vQueueWaitForMessageRestricted)
    vTaskDelay                               0x08006571   Thumb Code    82  tasks.o(i.vTaskDelay)
    vTaskInternalSetTimeOutState             0x080065cd   Thumb Code    14  tasks.o(i.vTaskInternalSetTimeOutState)
    vTaskMissedYield                         0x080065e5   Thumb Code     8  tasks.o(i.vTaskMissedYield)
    vTaskPlaceOnEventList                    0x080065f1   Thumb Code    52  tasks.o(i.vTaskPlaceOnEventList)
    vTaskPlaceOnEventListRestricted          0x08006629   Thumb Code    94  tasks.o(i.vTaskPlaceOnEventListRestricted)
    vTaskStartScheduler                      0x0800668d   Thumb Code   122  tasks.o(i.vTaskStartScheduler)
    vTaskSuspendAll                          0x08006729   Thumb Code    12  tasks.o(i.vTaskSuspendAll)
    vTaskSwitchContext                       0x08006739   Thumb Code   118  tasks.o(i.vTaskSwitchContext)
    xPortStartScheduler                      0x080067c5   Thumb Code   330  port.o(i.xPortStartScheduler)
    xQueueGenericCreate                      0x0800692d   Thumb Code   102  queue.o(i.xQueueGenericCreate)
    xQueueGenericReset                       0x08006995   Thumb Code   214  queue.o(i.xQueueGenericReset)
    xQueueReceive                            0x08006a71   Thumb Code   356  queue.o(i.xQueueReceive)
    xTaskCheckForTimeOut                     0x08006bd9   Thumb Code   136  tasks.o(i.xTaskCheckForTimeOut)
    xTaskCreate                              0x08006c69   Thumb Code   104  tasks.o(i.xTaskCreate)
    xTaskGetSchedulerState                   0x08006cd1   Thumb Code    24  tasks.o(i.xTaskGetSchedulerState)
    xTaskGetTickCount                        0x08006cf1   Thumb Code     6  tasks.o(i.xTaskGetTickCount)
    xTaskIncrementTick                       0x08006cfd   Thumb Code   398  tasks.o(i.xTaskIncrementTick)
    xTaskRemoveFromEventList                 0x08006eb9   Thumb Code   264  tasks.o(i.xTaskRemoveFromEventList)
    xTaskResumeAll                           0x08006fd9   Thumb Code   338  tasks.o(i.xTaskResumeAll)
    xTimerCreateTimerTask                    0x08007151   Thumb Code    66  timers.o(i.xTimerCreateTimerTask)
    sinTable_f32                             0x080071e0   Data        2052  arm_common_tables.o(.constdata)
    Region$$Table$$Base                      0x08007a80   Number         0  anon$$obj.o(Region$$Table)
    Region$$Table$$Limit                     0x08007aa0   Number         0  anon$$obj.o(Region$$Table)
    SystemCoreClock                          0x20000000   Data           4  system_stm32f4xx.o(.data)
    AHBPrescTable                            0x20000004   Data          16  system_stm32f4xx.o(.data)
    BUZZER_OUTTIME_NUM                       0x20000024   Data           1  buzzer_task.o(.data)
    remote_angle                             0x20000025   Data           8  remote_task.o(.data)
    Remote_speed                             0x2000002d   Data           8  remote_task.o(.data)
    BMI088_ACCEL_SEN                         0x20000038   Data           4  gyro_task.o(.data)
    BMI088_GYRO_SEN                          0x2000003c   Data           4  gyro_task.o(.data)
    gyro_update_flag                         0x20000040   Data           1  gyro_task.o(.data)
    accel_update_flag                        0x20000041   Data           1  gyro_task.o(.data)
    accel_temp_update_flag                   0x20000042   Data           1  gyro_task.o(.data)
    mag_update_flag                          0x20000043   Data           1  gyro_task.o(.data)
    imu_start_dma_flag                       0x20000044   Data           1  gyro_task.o(.data)
    mag_scale_factor                         0x20000048   Data          36  gyro_task.o(.data)
    gyro_scale_factor                        0x2000006c   Data          36  gyro_task.o(.data)
    accel_scale_factor                       0x20000090   Data          36  gyro_task.o(.data)
    timeout_time                             0x200000b4   Data          18  ck_timeout_task.o(.data)
    usart1_dma_tx_buff                       0x200000c7   Data           1  bsp_usart.o(.data)
    tim5_ic_time                             0x200000c8   Data           4  bsp_tim.o(.data)
    tim5_ic_state                            0x200000cc   Data           1  bsp_tim.o(.data)
    buf                                      0x200000f1   Data           8  bsp_gyro_accal.o(.data)
    pxCurrentTCB                             0x200000fc   Data           4  tasks.o(.data)
    uxTopUsedPriority                        0x20000134   Data           4  tasks.o(.data)
    Main_chassis                             0x2000018c   Data        1284  chassis_task.o(.bss)
    remote_fifo                              0x20000690   Data          12  remote_task.o(.bss)
    remote_step                              0x2000069c   Data          22  remote_task.o(.bss)
    remote_fifo_queue                        0x200006b2   Data         512  remote_task.o(.bss)
    INS_angle                                0x200008b4   Data          12  gyro_task.o(.bss)
    last_INS_angle                           0x200008c0   Data          12  gyro_task.o(.bss)
    ins_qvan                                 0x200008cc   Data          12  gyro_task.o(.bss)
    gyro_temp_PID                            0x200008d8   Data          68  gyro_task.o(.bss)
    bmi088_real_data                         0x2000091c   Data          36  gyro_task.o(.bss)
    ist8310_real_data                        0x20000940   Data          16  gyro_task.o(.bss)
    gyro_offset                              0x20000950   Data          12  gyro_task.o(.bss)
    accel_offset                             0x2000095c   Data          12  gyro_task.o(.bss)
    mag_offset                               0x20000968   Data          12  gyro_task.o(.bss)
    CK_Timeout_main                          0x200009cc   Data          44  ck_timeout_task.o(.bss)
    usart1_dma_rx_buff                       0x200009f8   Data          50  bsp_usart.o(.bss)
    xQueueRegistry                           0x20000a2c   Data          64  queue.o(.bss)
    __initial_sp                             0x20013b60   Data           0  startup_stm32f40_41xxx.o(STACK)



==============================================================================

Memory Map of the image

  Image Entry point : 0x08000189

  Load Region LR_IROM1 (Base: 0x08000000, Size: 0x00007c2c, Max: 0x00100000, ABSOLUTE, COMPRESSED[0x00007b08])

    Execution Region ER_IROM1 (Exec base: 0x08000000, Load base: 0x08000000, Size: 0x00007aa0, Max: 0x00100000, ABSOLUTE)

    Exec Addr    Load Addr    Size         Type   Attr      Idx    E Section Name        Object

    0x08000000   0x08000000   0x00000188   Data   RO         2908    RESET               startup_stm32f40_41xxx.o
    0x08000188   0x08000188   0x00000000   Code   RO         5291  * .ARM.Collect$$$$00000000  mc_w.l(entry.o)
    0x08000188   0x08000188   0x00000004   Code   RO         5383    .ARM.Collect$$$$00000001  mc_w.l(entry2.o)
    0x0800018c   0x0800018c   0x00000004   Code   RO         5386    .ARM.Collect$$$$00000004  mc_w.l(entry5.o)
    0x08000190   0x08000190   0x00000000   Code   RO         5388    .ARM.Collect$$$$00000008  mc_w.l(entry7b.o)
    0x08000190   0x08000190   0x00000000   Code   RO         5390    .ARM.Collect$$$$0000000A  mc_w.l(entry8b.o)
    0x08000190   0x08000190   0x00000008   Code   RO         5391    .ARM.Collect$$$$0000000B  mc_w.l(entry9a.o)
    0x08000198   0x08000198   0x00000000   Code   RO         5393    .ARM.Collect$$$$0000000D  mc_w.l(entry10a.o)
    0x08000198   0x08000198   0x00000000   Code   RO         5395    .ARM.Collect$$$$0000000F  mc_w.l(entry11a.o)
    0x08000198   0x08000198   0x00000004   Code   RO         5384    .ARM.Collect$$$$00002712  mc_w.l(entry2.o)
    0x0800019c   0x0800019c   0x000000be   Code   RO         4838    .emb_text           port.o
    0x0800025a   0x0800025a   0x00000002   PAD
    0x0800025c   0x0800025c   0x00000024   Code   RO         2909    .text               startup_stm32f40_41xxx.o
    0x08000280   0x08000280   0x00000078   Code   RO         4950    .text               arm_cortexM4lf_math.lib(arm_cos_f32.o)
    0x080002f8   0x080002f8   0x00000074   Code   RO         5003    .text               arm_cortexM4lf_math.lib(arm_sin_f32.o)
    0x0800036c   0x0800036c   0x00000104   Code   RO         5027    .text               arm_cortexM4lf_math.lib(arm_sin_cos_f32.o)
    0x08000470   0x08000470   0x00000024   Code   RO         5294    .text               mc_w.l(memcpya.o)
    0x08000494   0x08000494   0x00000024   Code   RO         5296    .text               mc_w.l(memseta.o)
    0x080004b8   0x080004b8   0x0000014e   Code   RO         5328    .text               mf_w.l(dadd.o)
    0x08000606   0x08000606   0x000000e4   Code   RO         5330    .text               mf_w.l(dmul.o)
    0x080006ea   0x080006ea   0x00000022   Code   RO         5332    .text               mf_w.l(dflti.o)
    0x0800070c   0x0800070c   0x0000001a   Code   RO         5334    .text               mf_w.l(dfltui.o)
    0x08000726   0x08000726   0x00000026   Code   RO         5336    .text               mf_w.l(f2d.o)
    0x0800074c   0x0800074c   0x00000038   Code   RO         5338    .text               mf_w.l(d2f.o)
    0x08000784   0x08000784   0x0000001e   Code   RO         5397    .text               mc_w.l(llshl.o)
    0x080007a2   0x080007a2   0x00000024   Code   RO         5399    .text               mc_w.l(llsshr.o)
    0x080007c6   0x080007c6   0x00000000   Code   RO         5410    .text               mc_w.l(iusefp.o)
    0x080007c6   0x080007c6   0x0000006e   Code   RO         5411    .text               mf_w.l(fepilogue.o)
    0x08000834   0x08000834   0x000000ba   Code   RO         5413    .text               mf_w.l(depilogue.o)
    0x080008ee   0x080008ee   0x000000de   Code   RO         5415    .text               mf_w.l(ddiv.o)
    0x080009cc   0x080009cc   0x00000024   Code   RO         5419    .text               mc_w.l(init.o)
    0x080009f0   0x080009f0   0x00000020   Code   RO         5421    .text               mc_w.l(llushr.o)
    0x08000a10   0x08000a10   0x00000056   Code   RO         5431    .text               mc_w.l(__dczerorl2.o)
    0x08000a66   0x08000a66   0x00000018   Code   RO         3754    i.AHRS_asinf        ahrs_middleware.o
    0x08000a7e   0x08000a7e   0x00000020   Code   RO         3755    i.AHRS_atan2f       ahrs_middleware.o
    0x08000a9e   0x08000a9e   0x00000018   Code   RO         3756    i.AHRS_cosf         ahrs_middleware.o
    0x08000ab6   0x08000ab6   0x0000001a   Code   RO         5048    i.AHRS_fabs         AHRS.lib(ahrs.o)
    0x08000ad0   0x08000ad0   0x00000010   Code   RO         3757    i.AHRS_get_height   ahrs_middleware.o
    0x08000ae0   0x08000ae0   0x0000000c   Code   RO         3758    i.AHRS_get_latitude  ahrs_middleware.o
    0x08000aec   0x08000aec   0x0000029c   Code   RO         5049    i.AHRS_init         AHRS.lib(ahrs.o)
    0x08000d88   0x08000d88   0x00000024   Code   RO         3759    i.AHRS_invSqrt      ahrs_middleware.o
    0x08000dac   0x08000dac   0x00000018   Code   RO         3760    i.AHRS_sinf         ahrs_middleware.o
    0x08000dc4   0x08000dc4   0x0000013a   Code   RO         5050    i.AHRS_update       AHRS.lib(ahrs.o)
    0x08000efe   0x08000efe   0x00000002   PAD
    0x08000f00   0x08000f00   0x00000010   Code   RO         3558    i.BMI088_ACCEL_NS_H  bsp_gyro_accal.o
    0x08000f10   0x08000f10   0x00000010   Code   RO         3559    i.BMI088_ACCEL_NS_L  bsp_gyro_accal.o
    0x08000f20   0x08000f20   0x00000010   Code   RO         3560    i.BMI088_GYRO_NS_H  bsp_gyro_accal.o
    0x08000f30   0x08000f30   0x00000010   Code   RO         3561    i.BMI088_GYRO_NS_L  bsp_gyro_accal.o
    0x08000f40   0x08000f40   0x00000044   Code   RO         3562    i.BMI088_accel_read_muli_reg  bsp_gyro_accal.o
    0x08000f84   0x08000f84   0x0000000c   Code   RO         3309    i.BMI088_delay_ms   bsp_delay.o
    0x08000f90   0x08000f90   0x0000000c   Code   RO         3310    i.BMI088_delay_us   bsp_delay.o
    0x08000f9c   0x08000f9c   0x0000003c   Code   RO         3563    i.BMI088_gyro_read_muli_reg  bsp_gyro_accal.o
    0x08000fd8   0x08000fd8   0x0000002c   Code   RO         3564    i.BMI088_init       bsp_gyro_accal.o
    0x08001004   0x08001004   0x00000170   Code   RO         3565    i.BMI088_read       bsp_gyro_accal.o
    0x08001174   0x08001174   0x00000018   Code   RO         3566    i.BMI088_read_single_reg  bsp_gyro_accal.o
    0x0800118c   0x0800118c   0x00000014   Code   RO         3567    i.BMI088_read_write_byte  bsp_gyro_accal.o
    0x080011a0   0x080011a0   0x0000001c   Code   RO         3568    i.BMI088_write_single_reg  bsp_gyro_accal.o
    0x080011bc   0x080011bc   0x00000004   Code   RO          184    i.BusFault_Handler  stm32f4xx_it.o
    0x080011c0   0x080011c0   0x00000044   Code   RO         3499    i.CAN1_RX0_IRQHandler  bsp_motor.o
    0x08001204   0x08001204   0x000000f4   Code   RO         3473    i.CAN1_init         bsp_can.o
    0x080012f8   0x080012f8   0x00000044   Code   RO         3500    i.CAN2_RX0_IRQHandler  bsp_motor.o
    0x0800133c   0x0800133c   0x000000f8   Code   RO         3474    i.CAN2_init         bsp_can.o
    0x08001434   0x08001434   0x000000a8   Code   RO         2523    i.CAN_ClearITPendingBit  stm32f4xx_can.o
    0x080014dc   0x080014dc   0x00000108   Code   RO         2527    i.CAN_FilterInit    stm32f4xx_can.o
    0x080015e4   0x080015e4   0x00000120   Code   RO         2529    i.CAN_GetITStatus   stm32f4xx_can.o
    0x08001704   0x08001704   0x00000012   Code   RO         2533    i.CAN_ITConfig      stm32f4xx_can.o
    0x08001716   0x08001716   0x00000114   Code   RO         2534    i.CAN_Init          stm32f4xx_can.o
    0x0800182a   0x0800182a   0x000000f0   Code   RO         2537    i.CAN_Receive       stm32f4xx_can.o
    0x0800191a   0x0800191a   0x00000126   Code   RO         2542    i.CAN_Transmit      stm32f4xx_can.o
    0x08001a40   0x08001a40   0x000000a0   Code   RO         2543    i.CAN_TransmitStatus  stm32f4xx_can.o
    0x08001ae0   0x08001ae0   0x00000028   Code   RO         3217    i.CK_Timeout_task   ck_timeout_task.o
    0x08001b08   0x08001b08   0x00000080   Code   RO         2976    i.Chassis_task      chassis_task.o
    0x08001b88   0x08001b88   0x00000012   Code   RO         2545    i.CheckITStatus     stm32f4xx_can.o
    0x08001b9a   0x08001b9a   0x00000002   PAD
    0x08001b9c   0x08001b9c   0x00000010   Code   RO         3218    i.CkTime_DriverTimeNew  ck_timeout_task.o
    0x08001bac   0x08001bac   0x00000034   Code   RO         1947    i.DMA_ClearITPendingBit  stm32f4xx_dma.o
    0x08001be0   0x08001be0   0x00000016   Code   RO         1948    i.DMA_Cmd           stm32f4xx_dma.o
    0x08001bf6   0x08001bf6   0x00000008   Code   RO         1954    i.DMA_GetCurrDataCounter  stm32f4xx_dma.o
    0x08001bfe   0x08001bfe   0x00000002   PAD
    0x08001c00   0x08001c00   0x00000058   Code   RO         1960    i.DMA_Init          stm32f4xx_dma.o
    0x08001c58   0x08001c58   0x00000004   Code   RO         1963    i.DMA_SetCurrDataCounter  stm32f4xx_dma.o
    0x08001c5c   0x08001c5c   0x00000002   Code   RO          185    i.DebugMon_Handler  stm32f4xx_it.o
    0x08001c5e   0x08001c5e   0x00000012   Code   RO         3313    i.Delay_us          bsp_delay.o
    0x08001c70   0x08001c70   0x0000003c   Code   RO         3686    i.FZ_math_absolute  z_math.o
    0x08001cac   0x08001cac   0x0000002c   Code   RO         3688    i.FZ_math_deadzone_limt  z_math.o
    0x08001cd8   0x08001cd8   0x00000020   Code   RO         3689    i.FZ_math_limt      z_math.o
    0x08001cf8   0x08001cf8   0x00000034   Code   RO         3837    i.Fifo_Add          fifo.o
    0x08001d2c   0x08001d2c   0x00000022   Code   RO         3838    i.Fifo_AddNum       fifo.o
    0x08001d4e   0x08001d4e   0x00000034   Code   RO         3839    i.Fifo_Get          fifo.o
    0x08001d82   0x08001d82   0x00000090   Code   RO          405    i.GPIO_Init         stm32f4xx_gpio.o
    0x08001e12   0x08001e12   0x00000046   Code   RO          406    i.GPIO_PinAFConfig  stm32f4xx_gpio.o
    0x08001e58   0x08001e58   0x00000004   Code   RO          412    i.GPIO_ResetBits    stm32f4xx_gpio.o
    0x08001e5c   0x08001e5c   0x00000004   Code   RO          413    i.GPIO_SetBits      stm32f4xx_gpio.o
    0x08001e60   0x08001e60   0x00000394   Code   RO         3170    i.GYRO_task         gyro_task.o
    0x080021f4   0x080021f4   0x0000000c   Code   RO         3219    i.Get_TimeOutNum    ck_timeout_task.o
    0x08002200   0x08002200   0x00000004   Code   RO          186    i.HardFault_Handler  stm32f4xx_it.o
    0x08002204   0x08002204   0x00000078   Code   RO         3289    i.LED_init          bsp_led.o
    0x0800227c   0x0800227c   0x00000004   Code   RO          187    i.MemManage_Handler  stm32f4xx_it.o
    0x08002280   0x08002280   0x00000002   Code   RO          188    i.NMI_Handler       stm32f4xx_it.o
    0x08002282   0x08002282   0x00000002   PAD
    0x08002284   0x08002284   0x00000078   Code   RO          356    i.NVIC_Init         misc.o
    0x080022fc   0x080022fc   0x00000014   Code   RO          357    i.NVIC_PriorityGroupConfig  misc.o
    0x08002310   0x08002310   0x00000028   Code   RO         3656    i.PID_Init          pid.o
    0x08002338   0x08002338   0x000000ce   Code   RO         3657    i.PID_cale          pid.o
    0x08002406   0x08002406   0x00000002   PAD
    0x08002408   0x08002408   0x00000020   Code   RO          502    i.RCC_AHB1PeriphClockCmd  stm32f4xx_rcc.o
    0x08002428   0x08002428   0x00000020   Code   RO          511    i.RCC_APB1PeriphClockCmd  stm32f4xx_rcc.o
    0x08002448   0x08002448   0x00000020   Code   RO          514    i.RCC_APB2PeriphClockCmd  stm32f4xx_rcc.o
    0x08002468   0x08002468   0x000000e8   Code   RO          523    i.RCC_GetClocksFreq  stm32f4xx_rcc.o
    0x08002550   0x08002550   0x0000006e   Code   RO         4917    i.RM_motor_send     rm_motor.o
    0x080025be   0x080025be   0x00000002   PAD
    0x080025c0   0x080025c0   0x000000f8   Code   RO         3526    i.SPI1_Init         bsp_spi.o
    0x080026b8   0x080026b8   0x00000018   Code   RO         2079    i.SPI_CalculateCRC  stm32f4xx_spi.o
    0x080026d0   0x080026d0   0x00000018   Code   RO         2080    i.SPI_Cmd           stm32f4xx_spi.o
    0x080026e8   0x080026e8   0x00000012   Code   RO         2088    i.SPI_I2S_GetFlagStatus  stm32f4xx_spi.o
    0x080026fa   0x080026fa   0x00000006   Code   RO         2091    i.SPI_I2S_ReceiveData  stm32f4xx_spi.o
    0x08002700   0x08002700   0x00000004   Code   RO         2092    i.SPI_I2S_SendData  stm32f4xx_spi.o
    0x08002704   0x08002704   0x0000003c   Code   RO         2093    i.SPI_Init          stm32f4xx_spi.o
    0x08002740   0x08002740   0x00000034   Code   RO         3527    i.SPI_ReadWriteByte  bsp_spi.o
    0x08002774   0x08002774   0x000000ec   Code   RO          237    i.SetSysClock       system_stm32f4xx.o
    0x08002860   0x08002860   0x00000034   Code   RO         4839    i.SysTick_Handler   port.o
    0x08002894   0x08002894   0x00000068   Code   RO          239    i.SystemInit        system_stm32f4xx.o
    0x080028fc   0x080028fc   0x0000001c   Code   RO         3394    i.TIM3_IRQHandler   bsp_tim.o
    0x08002918   0x08002918   0x000000a8   Code   RO         3443    i.TIM4_PWM_init     bsp_pwm.o
    0x080029c0   0x080029c0   0x000000a0   Code   RO         3396    i.TIM5_IRQHandler   bsp_tim.o
    0x08002a60   0x08002a60   0x00000018   Code   RO         1146    i.TIM_ARRPreloadConfig  stm32f4xx_tim.o
    0x08002a78   0x08002a78   0x00000006   Code   RO         1153    i.TIM_ClearITPendingBit  stm32f4xx_tim.o
    0x08002a7e   0x08002a7e   0x00000018   Code   RO         1158    i.TIM_Cmd           stm32f4xx_tim.o
    0x08002a96   0x08002a96   0x00000006   Code   RO         1173    i.TIM_GetCapture1   stm32f4xx_tim.o
    0x08002a9c   0x08002a9c   0x00000022   Code   RO         1179    i.TIM_GetITStatus   stm32f4xx_tim.o
    0x08002abe   0x08002abe   0x00000012   Code   RO         1189    i.TIM_OC1PolarityConfig  stm32f4xx_tim.o
    0x08002ad0   0x08002ad0   0x000000a0   Code   RO         1197    i.TIM_OC3Init       stm32f4xx_tim.o
    0x08002b70   0x08002b70   0x00000012   Code   RO         1200    i.TIM_OC3PreloadConfig  stm32f4xx_tim.o
    0x08002b82   0x08002b82   0x00000004   Code   RO         1220    i.TIM_SetCompare1   stm32f4xx_tim.o
    0x08002b86   0x08002b86   0x00000004   Code   RO         1222    i.TIM_SetCompare3   stm32f4xx_tim.o
    0x08002b8a   0x08002b8a   0x00000004   Code   RO         1224    i.TIM_SetCounter    stm32f4xx_tim.o
    0x08002b8e   0x08002b8e   0x00000002   PAD
    0x08002b90   0x08002b90   0x00000084   Code   RO         1230    i.TIM_TimeBaseInit  stm32f4xx_tim.o
    0x08002c14   0x08002c14   0x00000078   Code   RO         3060    i.USART1_IRQHandler  remote_task.o
    0x08002c8c   0x08002c8c   0x00000150   Code   RO         3355    i.USART1_Init       bsp_usart.o
    0x08002ddc   0x08002ddc   0x00000018   Code   RO          896    i.USART_Cmd         stm32f4xx_usart.o
    0x08002df4   0x08002df4   0x00000012   Code   RO          897    i.USART_DMACmd      stm32f4xx_usart.o
    0x08002e06   0x08002e06   0x00000054   Code   RO          900    i.USART_GetITStatus  stm32f4xx_usart.o
    0x08002e5a   0x08002e5a   0x0000004a   Code   RO          902    i.USART_ITConfig    stm32f4xx_usart.o
    0x08002ea4   0x08002ea4   0x000000d4   Code   RO          903    i.USART_Init        stm32f4xx_usart.o
    0x08002f78   0x08002f78   0x00000004   Code   RO          189    i.UsageFault_Handler  stm32f4xx_it.o
    0x08002f7c   0x08002f7c   0x00000030   Code   RO         5360    i.__ARM_fpclassify  m_wm.l(fpclassify.o)
    0x08002fac   0x08002fac   0x00000026   Code   RO         5362    i.__ARM_fpclassifyf  m_wm.l(fpclassifyf.o)
    0x08002fd2   0x08002fd2   0x00000002   PAD
    0x08002fd4   0x08002fd4   0x0000012c   Code   RO         5229    i.__hardfp_asinf    m_wm.l(asinf.o)
    0x08003100   0x08003100   0x000002d8   Code   RO         5241    i.__hardfp_atan     m_wm.l(atan.o)
    0x080033d8   0x080033d8   0x00000250   Code   RO         5255    i.__hardfp_atan2f   m_wm.l(atan2f.o)
    0x08003628   0x08003628   0x0000003a   Code   RO         5279    i.__hardfp_sqrtf    m_wm.l(sqrtf_full.o)
    0x08003662   0x08003662   0x000000f8   Code   RO         5378    i.__kernel_poly     m_wm.l(poly.o)
    0x0800375a   0x0800375a   0x00000014   Code   RO         5341    i.__mathlib_dbl_infnan  m_wm.l(dunder.o)
    0x0800376e   0x0800376e   0x00000002   PAD
    0x08003770   0x08003770   0x00000020   Code   RO         5346    i.__mathlib_dbl_underflow  m_wm.l(dunder.o)
    0x08003790   0x08003790   0x00000006   Code   RO         5365    i.__mathlib_flt_infnan  m_wm.l(funder.o)
    0x08003796   0x08003796   0x00000006   Code   RO         5366    i.__mathlib_flt_infnan2  m_wm.l(funder.o)
    0x0800379c   0x0800379c   0x00000010   Code   RO         5367    i.__mathlib_flt_invalid  m_wm.l(funder.o)
    0x080037ac   0x080037ac   0x00000010   Code   RO         5370    i.__mathlib_flt_underflow  m_wm.l(funder.o)
    0x080037bc   0x080037bc   0x0000000e   Code   RO         5425    i.__scatterload_copy  mc_w.l(handlers.o)
    0x080037ca   0x080037ca   0x00000002   Code   RO         5426    i.__scatterload_null  mc_w.l(handlers.o)
    0x080037cc   0x080037cc   0x0000000e   Code   RO         5427    i.__scatterload_zeroinit  mc_w.l(handlers.o)
    0x080037da   0x080037da   0x00000002   PAD
    0x080037dc   0x080037dc   0x0000000c   Code   RO         5405    i.__set_errno       mc_w.l(errno.o)
    0x080037e8   0x080037e8   0x000001d0   Code   RO         5051    i.accel_comple_filter  AHRS.lib(ahrs.o)
    0x080039b8   0x080039b8   0x0000018c   Code   RO         5052    i.accel_update_kp_ki  AHRS.lib(ahrs.o)
    0x08003b44   0x08003b44   0x0000016c   Code   RO         5053    i.angle_to_quat     AHRS.lib(ahrs.o)
    0x08003cb0   0x08003cb0   0x00000128   Code   RO         3569    i.bmi088_accel_init  bsp_gyro_accal.o
    0x08003dd8   0x08003dd8   0x000002f0   Code   RO         3570    i.bmi088_accel_self_test  bsp_gyro_accal.o
    0x080040c8   0x080040c8   0x000000f4   Code   RO         3571    i.bmi088_gyro_init  bsp_gyro_accal.o
    0x080041bc   0x080041bc   0x000000d0   Code   RO         3572    i.bmi088_gyro_self_test  bsp_gyro_accal.o
    0x0800428c   0x0800428c   0x00000054   Code   RO         2953    i.buzzer_task       buzzer_task.o
    0x080042e0   0x080042e0   0x000001fc   Code   RO         2977    i.chassis_cale      chassis_task.o
    0x080044dc   0x080044dc   0x000000b4   Code   RO         2978    i.chassis_ctrl_set  chassis_task.o
    0x08004590   0x08004590   0x00000486   Code   RO         3124    i.chassis_follow_chassis_solve_D  chassis_behave.o
    0x08004a16   0x08004a16   0x00000002   PAD
    0x08004a18   0x08004a18   0x000000e4   Code   RO         3125    i.chassis_follow_gym_solve  chassis_behave.o
    0x08004afc   0x08004afc   0x0000016c   Code   RO         2979    i.chassis_init      chassis_task.o
    0x08004c68   0x08004c68   0x0000004e   Code   RO         2980    i.chassis_mode_set  chassis_task.o
    0x08004cb6   0x08004cb6   0x0000003e   Code   RO         2981    i.chassis_motion_parse  chassis_task.o
    0x08004cf4   0x08004cf4   0x000000ac   Code   RO         2982    i.chassis_msg_update  chassis_task.o
    0x08004da0   0x08004da0   0x000000c8   Code   RO         3126    i.chassis_revolve_solve  chassis_behave.o
    0x08004e68   0x08004e68   0x000000a8   Code   RO         2983    i.chassis_speed_limt  chassis_task.o
    0x08004f10   0x08004f10   0x0000001a   Code   RO         3127    i.chassis_zero_solve  chassis_behave.o
    0x08004f2a   0x08004f2a   0x00000002   PAD
    0x08004f2c   0x08004f2c   0x00000038   Code   RO         3220    i.ck_time_check     ck_timeout_task.o
    0x08004f64   0x08004f64   0x00000018   Code   RO         3221    i.ck_time_new       ck_timeout_task.o
    0x08004f7c   0x08004f7c   0x0000001c   Code   RO         3222    i.ck_timeout_init   ck_timeout_task.o
    0x08004f98   0x08004f98   0x000000ec   Code   RO          274    i.create_task       make_task.o
    0x08005084   0x08005084   0x00000018   Code   RO         5356    i.fabs              m_wm.l(fabs.o)
    0x0800509c   0x0800509c   0x000000e8   Code   RO         5054    i.get_angle         AHRS.lib(ahrs.o)
    0x08005184   0x08005184   0x00000008   Code   RO         3061    i.get_angle_p       remote_task.o
    0x0800518c   0x0800518c   0x00000008   Code   RO         3062    i.get_speed_set_p   remote_task.o
    0x08005194   0x08005194   0x0000002c   Code   RO         3171    i.gyro_init         gyro_task.o
    0x080051c0   0x080051c0   0x0000012c   Code   RO         3172    i.imu_cali_slove    gyro_task.o
    0x080052ec   0x080052ec   0x00000084   Code   RO         2915    i.led_task          led_blink_task.o
    0x08005370   0x08005370   0x0000002e   Code   RO         3658    i.lim_max           pid.o
    0x0800539e   0x0800539e   0x0000002c   Code   RO            3    i.main              main.o
    0x080053ca   0x080053ca   0x00000002   PAD
    0x080053cc   0x080053cc   0x00000088   Code   RO         4918    i.motor_msg_decode_3508  rm_motor.o
    0x08005454   0x08005454   0x00000188   Code   RO         4919    i.motor_msg_decode_6020  rm_motor.o
    0x080055dc   0x080055dc   0x0000010c   Code   RO         3063    i.one_byte_solve    remote_task.o
    0x080056e8   0x080056e8   0x000000c0   Code   RO         4242    i.prvAddCurrentTaskToDelayedList  tasks.o
    0x080057a8   0x080057a8   0x000000ec   Code   RO         4243    i.prvAddNewTaskToReadyList  tasks.o
    0x08005894   0x08005894   0x00000064   Code   RO         4606    i.prvCheckForValidListAndQueue  timers.o
    0x080058f8   0x080058f8   0x00000048   Code   RO         4244    i.prvCheckTasksWaitingTermination  tasks.o
    0x08005940   0x08005940   0x0000002a   Code   RO         4024    i.prvCopyDataFromQueue  queue.o
    0x0800596a   0x0800596a   0x00000012   Code   RO         4245    i.prvDeleteTCB      tasks.o
    0x0800597c   0x0800597c   0x00000028   Code   RO         4607    i.prvGetNextExpireTime  timers.o
    0x080059a4   0x080059a4   0x00000070   Code   RO         4777    i.prvHeapInit       heap_4.o
    0x08005a14   0x08005a14   0x00000028   Code   RO         4246    i.prvIdleTask       tasks.o
    0x08005a3c   0x08005a3c   0x0000002a   Code   RO         4028    i.prvInitialiseNewQueue  queue.o
    0x08005a66   0x08005a66   0x000000cc   Code   RO         4247    i.prvInitialiseNewTask  tasks.o
    0x08005b32   0x08005b32   0x00000002   PAD
    0x08005b34   0x08005b34   0x00000068   Code   RO         4248    i.prvInitialiseTaskLists  tasks.o
    0x08005b9c   0x08005b9c   0x00000068   Code   RO         4778    i.prvInsertBlockIntoFreeList  heap_4.o
    0x08005c04   0x08005c04   0x00000058   Code   RO         4609    i.prvInsertTimerInActiveList  timers.o
    0x08005c5c   0x08005c5c   0x0000001a   Code   RO         4029    i.prvIsQueueEmpty   queue.o
    0x08005c76   0x08005c76   0x00000002   PAD
    0x08005c78   0x08005c78   0x00000044   Code   RO         4610    i.prvProcessExpiredTimer  timers.o
    0x08005cbc   0x08005cbc   0x0000011c   Code   RO         4611    i.prvProcessReceivedCommands  timers.o
    0x08005dd8   0x08005dd8   0x00000074   Code   RO         4612    i.prvProcessTimerOrBlockTask  timers.o
    0x08005e4c   0x08005e4c   0x00000028   Code   RO         4613    i.prvReloadTimer    timers.o
    0x08005e74   0x08005e74   0x00000030   Code   RO         4250    i.prvResetNextTaskUnblockTime  tasks.o
    0x08005ea4   0x08005ea4   0x0000002c   Code   RO         4614    i.prvSampleTimeNow  timers.o
    0x08005ed0   0x08005ed0   0x00000044   Code   RO         4615    i.prvSwitchTimerLists  timers.o
    0x08005f14   0x08005f14   0x00000040   Code   RO         4840    i.prvTaskExitError  port.o
    0x08005f54   0x08005f54   0x0000001a   Code   RO         4616    i.prvTimerTask      timers.o
    0x08005f6e   0x08005f6e   0x0000007e   Code   RO         4031    i.prvUnlockQueue    queue.o
    0x08005fec   0x08005fec   0x0000012c   Code   RO         4780    i.pvPortMalloc      heap_4.o
    0x08006118   0x08006118   0x0000002c   Code   RO         4841    i.pxPortInitialiseStack  port.o
    0x08006144   0x08006144   0x00000084   Code   RO         5059    i.quat_normalization  AHRS.lib(ahrs.o)
    0x080061c8   0x080061c8   0x00000040   Code   RO         3064    i.remote_task       remote_task.o
    0x08006208   0x08006208   0x00000044   Code   RO         3065    i.solve_gym_msg     remote_task.o
    0x0800624c   0x0800624c   0x0000003e   Code   RO         5281    i.sqrtf             m_wm.l(sqrtf_full.o)
    0x0800628a   0x0800628a   0x0000007a   Code   RO         5060    i.update_w          AHRS.lib(ahrs.o)
    0x08006304   0x08006304   0x00000028   Code   RO         3984    i.uxListRemove      list.o
    0x0800632c   0x0800632c   0x0000001a   Code   RO         3985    i.vListInitialise   list.o
    0x08006346   0x08006346   0x00000006   Code   RO         3986    i.vListInitialiseItem  list.o
    0x0800634c   0x0800634c   0x00000034   Code   RO         3987    i.vListInsert       list.o
    0x08006380   0x08006380   0x00000054   Code   RO         4843    i.vPortEnterCritical  port.o
    0x080063d4   0x080063d4   0x0000003c   Code   RO         4844    i.vPortExitCritical  port.o
    0x08006410   0x08006410   0x0000008c   Code   RO         4781    i.vPortFree         heap_4.o
    0x0800649c   0x0800649c   0x00000028   Code   RO         4845    i.vPortSetupTimerInterrupt  port.o
    0x080064c4   0x080064c4   0x00000060   Code   RO         4037    i.vQueueAddToRegistry  queue.o
    0x08006524   0x08006524   0x0000004a   Code   RO         4041    i.vQueueWaitForMessageRestricted  queue.o
    0x0800656e   0x0800656e   0x00000002   PAD
    0x08006570   0x08006570   0x0000005c   Code   RO         4262    i.vTaskDelay        tasks.o
    0x080065cc   0x080065cc   0x00000018   Code   RO         4267    i.vTaskInternalSetTimeOutState  tasks.o
    0x080065e4   0x080065e4   0x0000000c   Code   RO         4268    i.vTaskMissedYield  tasks.o
    0x080065f0   0x080065f0   0x00000038   Code   RO         4269    i.vTaskPlaceOnEventList  tasks.o
    0x08006628   0x08006628   0x00000064   Code   RO         4270    i.vTaskPlaceOnEventListRestricted  tasks.o
    0x0800668c   0x0800668c   0x0000009c   Code   RO         4278    i.vTaskStartScheduler  tasks.o
    0x08006728   0x08006728   0x00000010   Code   RO         4280    i.vTaskSuspendAll   tasks.o
    0x08006738   0x08006738   0x0000008c   Code   RO         4281    i.vTaskSwitchContext  tasks.o
    0x080067c4   0x080067c4   0x00000168   Code   RO         4847    i.xPortStartScheduler  port.o
    0x0800692c   0x0800692c   0x00000066   Code   RO         4044    i.xQueueGenericCreate  queue.o
    0x08006992   0x08006992   0x00000002   PAD
    0x08006994   0x08006994   0x000000dc   Code   RO         4045    i.xQueueGenericReset  queue.o
    0x08006a70   0x08006a70   0x00000168   Code   RO         4054    i.xQueueReceive     queue.o
    0x08006bd8   0x08006bd8   0x00000090   Code   RO         4283    i.xTaskCheckForTimeOut  tasks.o
    0x08006c68   0x08006c68   0x00000068   Code   RO         4284    i.xTaskCreate       tasks.o
    0x08006cd0   0x08006cd0   0x00000020   Code   RO         4291    i.xTaskGetSchedulerState  tasks.o
    0x08006cf0   0x08006cf0   0x0000000c   Code   RO         4292    i.xTaskGetTickCount  tasks.o
    0x08006cfc   0x08006cfc   0x000001bc   Code   RO         4294    i.xTaskIncrementTick  tasks.o
    0x08006eb8   0x08006eb8   0x00000120   Code   RO         4297    i.xTaskRemoveFromEventList  tasks.o
    0x08006fd8   0x08006fd8   0x00000178   Code   RO         4298    i.xTaskResumeAll    tasks.o
    0x08007150   0x08007150   0x00000058   Code   RO         4624    i.xTimerCreateTimerTask  timers.o
    0x080071a8   0x080071a8   0x00000018   Data   RO         3174    .constdata          gyro_task.o
    0x080071c0   0x080071c0   0x00000012   Data   RO         3573    .constdata          bsp_gyro_accal.o
    0x080071d2   0x080071d2   0x00000002   PAD
    0x080071d4   0x080071d4   0x0000000c   Data   RO         5061    .constdata          AHRS.lib(ahrs.o)
    0x080071e0   0x080071e0   0x00000804   Data   RO         5194    .constdata          arm_cortexM4lf_math.lib(arm_common_tables.o)
    0x080079e4   0x080079e4   0x00000004   PAD
    0x080079e8   0x080079e8   0x00000098   Data   RO         5244    .constdata          m_wm.l(atan.o)
    0x08007a80   0x08007a80   0x00000020   Data   RO         5423    Region$$Table       anon$$obj.o


    Execution Region RW_IRAM1 (Exec base: 0x20000000, Load base: 0x08007aa0, Size: 0x00013b60, Max: 0x00020000, ABSOLUTE, COMPRESSED[0x00000068])

    Exec Addr    Load Addr    Size         Type   Attr      Idx    E Section Name        Object

    0x20000000   COMPRESSED   0x00000014   Data   RW          240    .data               system_stm32f4xx.o
    0x20000014   COMPRESSED   0x00000010   Data   RW          555    .data               stm32f4xx_rcc.o
    0x20000024   COMPRESSED   0x00000001   Data   RW         2954    .data               buzzer_task.o
    0x20000025   COMPRESSED   0x00000010   Data   RW         3067    .data               remote_task.o
    0x20000035   COMPRESSED   0x00000003   PAD
    0x20000038   COMPRESSED   0x0000007c   Data   RW         3175    .data               gyro_task.o
    0x200000b4   COMPRESSED   0x00000012   Data   RW         3224    .data               ck_timeout_task.o
    0x200000c6   COMPRESSED   0x00000002   Data   RW         3359    .data               bsp_usart.o
    0x200000c8   COMPRESSED   0x00000005   Data   RW         3399    .data               bsp_tim.o
    0x200000cd   COMPRESSED   0x0000002c   Data   RW         3574    .data               bsp_gyro_accal.o
    0x200000f9   COMPRESSED   0x00000003   PAD
    0x200000fc   COMPRESSED   0x00000040   Data   RW         4301    .data               tasks.o
    0x2000013c   COMPRESSED   0x00000014   Data   RW         4632    .data               timers.o
    0x20000150   COMPRESSED   0x0000001c   Data   RW         4787    .data               heap_4.o
    0x2000016c   COMPRESSED   0x0000000c   Data   RW         4848    .data               port.o
    0x20000178   COMPRESSED   0x00000010   Data   RW         5062    .data               AHRS.lib(ahrs.o)
    0x20000188   COMPRESSED   0x00000004   Data   RW         5406    .data               mc_w.l(errno.o)
    0x2000018c        -       0x00000504   Zero   RW         2984    .bss                chassis_task.o
    0x20000690        -       0x00000222   Zero   RW         3066    .bss                remote_task.o
    0x200008b2   COMPRESSED   0x00000002   PAD
    0x200008b4        -       0x00000118   Zero   RW         3173    .bss                gyro_task.o
    0x200009cc        -       0x0000002c   Zero   RW         3223    .bss                ck_timeout_task.o
    0x200009f8        -       0x00000032   Zero   RW         3358    .bss                bsp_usart.o
    0x20000a2a   COMPRESSED   0x00000002   PAD
    0x20000a2c        -       0x00000040   Zero   RW         4058    .bss                queue.o
    0x20000a6c        -       0x000000c8   Zero   RW         4300    .bss                tasks.o
    0x20000b34        -       0x00000028   Zero   RW         4631    .bss                timers.o
    0x20000b5c        -       0x00012c00   Zero   RW         4786    .bss                heap_4.o
    0x2001375c   COMPRESSED   0x00000004   PAD
    0x20013760        -       0x00000400   Zero   RW         2906    STACK               startup_stm32f40_41xxx.o


==============================================================================

Image component sizes


      Code (inc. data)   RO Data    RW Data    ZI Data      Debug   Object Name

       168          4          0          0          0       5196   ahrs_middleware.o
       492         20          0          0          0       1492   bsp_can.o
        42          0          0          0          0       1551   bsp_delay.o
      2176         82         18         44          0      11054   bsp_gyro_accal.o
       120          4          0          0          0        535   bsp_led.o
       136         18          0          0          0       1100   bsp_motor.o
       168          8          0          0          0        652   bsp_pwm.o
       300         14          0          0          0       1540   bsp_spi.o
       188         16          0          5          0       1277   bsp_tim.o
       336         26          0          2         50       1518   bsp_usart.o
        84          8          0          1          0        835   buzzer_task.o
      1612         40          0          0          0      16585   chassis_behave.o
      1660         94          0          0       1284       5855   chassis_task.o
       176         18          0         18         44       3777   ck_timeout_task.o
         0          0          0          0          0      13080   event_groups.o
       138          0          0          0          0       3676   fifo.o
      1260        130         24        124        280       4617   gyro_task.o
       656         58          0         28      76800       5019   heap_4.o
       132          6          0          0          0        559   led_blink_task.o
       124          0          0          0          0       2617   list.o
        44          0          0          0          0      87803   main.o
       236        104          0          0          0     244750   make_task.o
       140         24          0          0          0       1511   misc.o
       292          0          0          0          0       2230   pid.o
       894         78          0         12          0      10564   port.o
      1088         16          0          0         64      12055   queue.o
       536         62          0         16        546       4865   remote_task.o
       638         24          0          0          0       2540   rm_motor.o
        36          8        392          0       1024        828   startup_stm32f40_41xxx.o
      1726         38          0          0          0       7079   stm32f4xx_can.o
       174         20          0          0          0       4111   stm32f4xx_dma.o
       222          0          0          0          0       2839   stm32f4xx_gpio.o
        20          0          0          0          0       2633   stm32f4xx_it.o
       328         36          0         16          0       4563   stm32f4xx_rcc.o
       136          0          0          0          0       3997   stm32f4xx_spi.o
       434         38          0          0          0       7722   stm32f4xx_tim.o
       412          8          0          0          0       4249   stm32f4xx_usart.o
       340         32          0         20          0       1737   system_stm32f4xx.o
      2910        344          0         64        200      26562   tasks.o
       962        110          0         20         40      25196   timers.o
       136          4          0          0          0       1898   z_math.o

    ----------------------------------------------------------------------
     21700       1492        468        376      80340     542267   Object Totals
         0          0         32          0          0          0   (incl. Generated)
        28          0          2          6          8          0   (incl. Padding)

    ----------------------------------------------------------------------

      Code (inc. data)   RO Data    RW Data    ZI Data      Debug   Library Member Name

      2718         84         12         16          0       9922   ahrs.o
         0          0       2052          0          0       4636   arm_common_tables.o
       120         12          0          0          0      16970   arm_cos_f32.o
       260         18          0          0          0        826   arm_sin_cos_f32.o
       116         12          0          0          0        658   arm_sin_f32.o
       300         42          0          0          0        176   asinf.o
       728        106        152          0          0        228   atan.o
       592         90          0          0          0        184   atan2f.o
        52          8          0          0          0        248   dunder.o
        24          0          0          0          0        124   fabs.o
        48          0          0          0          0        124   fpclassify.o
        38          0          0          0          0        116   fpclassifyf.o
        44         12          0          0          0        464   funder.o
       248          0          0          0          0        152   poly.o
       120          0          0          0          0        272   sqrtf_full.o
        86          0          0          0          0          0   __dczerorl2.o
         0          0          0          0          0          0   entry.o
         0          0          0          0          0          0   entry10a.o
         0          0          0          0          0          0   entry11a.o
         8          4          0          0          0          0   entry2.o
         4          0          0          0          0          0   entry5.o
         0          0          0          0          0          0   entry7b.o
         0          0          0          0          0          0   entry8b.o
         8          4          0          0          0          0   entry9a.o
        12          6          0          4          0         68   errno.o
        30          0          0          0          0          0   handlers.o
        36          8          0          0          0         68   init.o
         0          0          0          0          0          0   iusefp.o
        30          0          0          0          0         68   llshl.o
        36          0          0          0          0         68   llsshr.o
        32          0          0          0          0         68   llushr.o
        36          0          0          0          0         68   memcpya.o
        36          0          0          0          0        108   memseta.o
        56          0          0          0          0         88   d2f.o
       334          0          0          0          0        148   dadd.o
       222          0          0          0          0        100   ddiv.o
       186          0          0          0          0        176   depilogue.o
        34          0          0          0          0         76   dflti.o
        26          0          0          0          0         76   dfltui.o
       228          0          0          0          0         96   dmul.o
        38          0          0          0          0         68   f2d.o
       110          0          0          0          0        168   fepilogue.o

    ----------------------------------------------------------------------
      7004        406       2220         20          0      36612   Library Totals
         8          0          4          0          0          0   (incl. Padding)

    ----------------------------------------------------------------------

      Code (inc. data)   RO Data    RW Data    ZI Data      Debug   Library Name

      2718         84         12         16          0       9922   AHRS.lib
       496         42       2052          0          0      23090   arm_cortexM4lf_math.lib
      2194        258        152          0          0       2088   m_wm.l
       354         22          0          4          0        516   mc_w.l
      1234          0          0          0          0        996   mf_w.l

    ----------------------------------------------------------------------
      7004        406       2220         20          0      36612   Library Totals

    ----------------------------------------------------------------------

==============================================================================


      Code (inc. data)   RO Data    RW Data    ZI Data      Debug   

     28704       1898       2688        396      80340     557787   Grand Totals
     28704       1898       2688        104      80340     557787   ELF Image Totals (compressed)
     28704       1898       2688        104          0          0   ROM Totals

==============================================================================

    Total RO  Size (Code + RO Data)                31392 (  30.66kB)
    Total RW  Size (RW Data + ZI Data)             80736 (  78.84kB)
    Total ROM Size (Code + RO Data + RW Data)      31496 (  30.76kB)

==============================================================================

