<html>
<body>
<pre>
<h1>礦ision Build Log</h1>
<h2>Tool Versions:</h2>
IDE-Version: μVision V5.38.0.0
Copyright (C) 2022 ARM Ltd and ARM Germany GmbH. All rights reserved.
License Information: 1 孤梦一, 2, LIC=WHYH9-4EUSM-KP8ZY-IMQBK-ABNKB-S2EEK
 
Tool Versions:
Toolchain:       MDK-ARM Plus  Version: 5.38.0.0
Toolchain Path:  D:\keil 5\ARM\ARMCC\Bin
C Compiler:      Armcc.exe V5.06 update 6 (build 750)
Assembler:       Armasm.exe V5.06 update 6 (build 750)
Linker/Locator:  ArmLink.exe V5.06 update 6 (build 750)
Library Manager: ArmAr.exe V5.06 update 6 (build 750)
Hex Converter:   FromElf.exe V5.06 update 6 (build 750)
CPU DLL:         SARMCM3.DLL V5.38.0.0
Dialog DLL:      DCM.DLL V1.17.5.0
Target DLL:      CMSIS_AGDI.dll V1.33.15.0
Dialog DLL:      TCM.DLL V1.56.4.0
 
<h2>Project:</h2>
c:\Users\孤梦一\Desktop\云台试验\底盘部分\MDK-ARM\project1.uvprojx
Project File Date:  05/25/2024

<h2>Output:</h2>
*** Using Compiler 'V5.06 update 6 (build 750)', folder: 'D:\keil 5\ARM\ARMCC\Bin'
Build target 'Target 1'
compiling Z_math.c...
..\Alhorithm\Z_math.c(34): warning:  #940-D: missing return statement at end of non-void function "FZ_math_absolute" 
  }
..\Alhorithm\Z_math.c: 1 warning, 0 errors
compiling BSP_motor.c...
compiling GYRO_task.c...
compiling make_task.c...
compiling CHASSIS_behave.c...
compiling CHASSIS_task.c...
..\APP\CHASSIS_task.c(229): warning:  #223-D: function "chassis_zero_solve" declared implicitly
              chassis_zero_solve(chassis);
..\APP\CHASSIS_task.c(243): warning:  #223-D: function "chassis_follow_chassis_solve_D" declared implicitly
              chassis_follow_chassis_solve_D(chassis,&chassis->duo_solve_date);
..\APP\CHASSIS_task.c(250): warning:  #223-D: function "chassis_follow_gym_solve" declared implicitly
              chassis_follow_gym_solve(chassis);
..\APP\CHASSIS_task.c(256): warning:  #223-D: function "chassis_revolve_solve" declared implicitly
              chassis_revolve_solve(chassis);
..\APP\CHASSIS_task.c: 4 warnings, 0 errors
linking...
Program Size: Code=28796 RO-data=2684 RW-data=396 ZI-data=80340  
FromELF: creating hex file...
".\Objects\project1.axf" - 0 Error(s), 5 Warning(s).

<h2>Software Packages used:</h2>

Package Vendor: Keil
                https://www.keil.com/pack/Keil.STM32F4xx_DFP.2.17.0.pack
                Keil.STM32F4xx_DFP.2.17.0
                STMicroelectronics STM32F4 Series Device Support, Drivers and Examples

<h2>Collection of Component include folders:</h2>
  D:/keil 5/Keil/STM32F4xx_DFP/2.17.0/Drivers/CMSIS/Device/ST/STM32F4xx/Include

<h2>Collection of Component Files used:</h2>
Build Time Elapsed:  00:00:02
</pre>
</body>
</html>
