<html>
<body>
<pre>
<h1>µVision Build Log</h1>
<h2>Tool Versions:</h2>
IDE-Version: ¶ÃVision V5.38.0.0
Copyright (C) 2022 ARM Ltd and ARM Germany GmbH. All rights reserved.
License Information: gugu π¬√Œ“ª, Œﬁ, LIC=VGXG8-3UBY4-PCJJ8-348R3-Q76G8-CNRFV
 
Tool Versions:
Toolchain:       MDK-ARM Plus  Version: 5.38.0.0
Toolchain Path:  D:\keil 5\ARM\ARMCC\Bin
C Compiler:      Armcc.exe V5.06 update 6 (build 750)
Assembler:       Armasm.exe V5.06 update 6 (build 750)
Linker/Locator:  ArmLink.exe V5.06 update 6 (build 750)
Library Manager: ArmAr.exe V5.06 update 6 (build 750)
Hex Converter:   FromElf.exe V5.06 update 6 (build 750)
CPU DLL:         SARMCM3.DLL V5.38.0.0
Dialog DLL:      DCM.DLL V1.17.5.0
Target DLL:      UL2CM3.DLL V1.164.8.0
Dialog DLL:      TCM.DLL V1.56.4.0
 
<h2>Project:</h2>
F:\stm32_myself\project1\MDK-ARM\project1.uvprojx
Project File Date:  06/03/2023

<h2>Output:</h2>
*** Using Compiler 'V5.06 update 6 (build 750)', folder: 'D:\keil 5\ARM\ARMCC\Bin'
Build target 'Target 1'
compiling BSP_LED.c...
..\BSP\BSP_LED.h(12): warning:  #1-D: last line of file ends without a newline
  #endif
..\BSP\BSP_LED.c(17): warning:  #1-D: last line of file ends without a newline
  }
..\BSP\BSP_LED.c: 2 warnings, 0 errors
compiling main.c...
..\BSP\BSP_LED.h(12): warning:  #1-D: last line of file ends without a newline
  #endif
main.c: 1 warning, 0 errors
linking...
Program Size: Code=960 RO-data=408 RW-data=0 ZI-data=1632  
FromELF: creating hex file...
".\project1.axf" - 0 Error(s), 3 Warning(s).

<h2>Software Packages used:</h2>

Package Vendor: Keil
                https://www.keil.com/pack/Keil.STM32F4xx_DFP.2.17.0.pack
                Keil.STM32F4xx_DFP.2.17.0
                STMicroelectronics STM32F4 Series Device Support, Drivers and Examples

<h2>Collection of Component include folders:</h2>
  D:/keil 5/Keil/STM32F4xx_DFP/2.17.0/Drivers/CMSIS/Device/ST/STM32F4xx/Include

<h2>Collection of Component Files used:</h2>
Build Time Elapsed:  00:00:00
</pre>
</body>
</html>
